/home/ec2-user/blinkdb
-i /home/ec2-user/eecs584/workloadGen/querySet/querySet2/frame_2/workload.queries
Starting the Shark Command Line Client
/home/ec2-user/blinkdb/target/scala-2.9.3/classes
/home/ec2-user/blinkdb/target/scala-2.9.3/shark_2.9.3-0.8.0-SNAPSHOT.jar
4.533: [GC 262656K->20362K(1005568K), 0.0509730 secs]
6.102: [GC 158982K->18022K(1005568K), 0.0356060 secs]
6.138: [Full GC 18022K->17209K(1005568K), 0.1879650 secs]
6.343: [GC 24548K->17280K(1005568K), 0.0022700 secs]
6.345: [Full GC 17280K->9152K(1005568K), 0.0937470 secs]
10.218: [GC 271808K->29582K(1005568K), 0.0389530 secs]
11.018: [GC 287534K->50600K(1005568K), 0.0374470 secs]
12.295: [GC 312339K->39145K(1005568K), 0.0556550 secs]
13.026: [GC 292737K->49117K(1002496K), 0.0207850 secs]
13.690: [GC 311773K->38915K(993280K), 0.0224270 secs]
14.346: [GC 286211K->38877K(997888K), 0.0203180 secs]
14.785: [GC 286173K->19469K(997376K), 0.0067580 secs]
111-012-925	7
111-007-903	6
111-004-168	5
111-001-905	4
111-002-216	3
111-002-119	2
111-001-819	1
111-018-218	0
111-020-647	10
NULL	NULL
15.372: [GC 261872K->50884K(982528K), 0.0191880 secs]
16.269: [GC 296866K->49848K(997376K), 0.0188960 secs]
16.834: [GC 291511K->49929K(997376K), 0.0176880 secs]
17.409: [GC 291718K->50055K(997376K), 0.0106550 secs]
17.953: [GC 292135K->50189K(997376K), 0.0171930 secs]
18.553: [GC 296289K->50340K(998400K), 0.0214870 secs]
111-012-925	7
111-007-903	6
111-004-168	5
111-001-905	4
111-002-216	3
111-002-119	2
111-001-819	1
111-018-218	0
111-020-647	10
NULL	NULL
19.114: [GC 293592K->30712K(997888K), 0.0093300 secs]
19.992: [GC 278520K->54215K(996352K), 0.0792430 secs]
20.970: [GC 295670K->40830K(997376K), 0.0082580 secs]
21.758: [GC 281507K->30055K(994816K), 0.0331910 secs]
22.256: [GC 275303K->65939K(980992K), 0.0441190 secs]
22.818: [GC 307383K->61681K(995328K), 0.0146050 secs]
23.588: [GC 293866K->40657K(942080K), 0.0182580 secs]
23.987: [GC 277607K->83613K(985600K), 0.0651820 secs]
24.766: [GC 314525K->162091K(989696K), 0.2448280 secs]
2.8084114	6.4096246	Hannah
1.7839353	6.1648974	Jill
2.7562206	4.0137553	June
2.7168667	6.3587403	Matthew
3.7216427	5.186217	Larry
2.9534054	6.4693427	Kathrine
1.4677346	5.9347086	Kevin
3.2213278	6.200537	Jack
2.5457847	4.4970884	Kelly
3.77177	6.439994	Yelin
25.444: [GC 390670K->104569K(925184K), 0.0094440 secs]
25.703: [GC 269519K->124953K(957440K), 0.0150790 secs]
26.055: [GC 291353K->137949K(965120K), 0.0530970 secs]
26.731: [GC 316072K->123973K(962048K), 0.0030290 secs]
26.917: [GC 302661K->148570K(971264K), 0.0154050 secs]
27.573: [GC 336986K->144798K(965632K), 0.0238920 secs]
27.900: [GC 332197K->165967K(976896K), 0.0090680 secs]
28.513: [GC 366159K->165544K(971776K), 0.0190560 secs]
28.938: [GC 360152K->186721K(983040K), 0.0084660 secs]
29.513: [GC 399201K->208088K(977920K), 0.0724970 secs]
30.042: [GC 414304K->207448K(990720K), 0.0086010 secs]
30.536: [GC 428344K->186378K(987136K), 0.0053860 secs]
31.019: [GC 411220K->355563K(886784K), 0.3703260 secs]
2.8084114	6.4096246	Hannah
1.7839353	6.1648974	Jill
2.7562206	4.0137553	June
2.7168667	6.3587403	Matthew
3.7216427	5.186217	Larry
2.9534054	6.4693427	Kathrine
3.77177	6.439994	Yelin
2.5457847	4.4970884	Kelly
1.4677346	5.9347086	Kevin
3.2213278	6.200537	Jack
31.573: [GC 485099K->309028K(939008K), 0.0167650 secs]
31.776: [GC 432088K->319157K(945664K), 0.0110340 secs]
31.986: [GC 449332K->330173K(941056K), 0.0135950 secs]
32.186: [GC 468413K->338303K(955904K), 0.0403270 secs]
32.713: [GC 497535K->329259K(951808K), 0.0055690 secs]
33.190: [GC 486191K->329183K(960512K), 0.0079570 secs]
33.391: [GC 499167K->355859K(957952K), 0.0393950 secs]
33.945: [GC 525843K->350031K(967680K), 0.0237780 secs]
34.484: [GC 526074K->360195K(965120K), 0.0116580 secs]
34.745: [GC 544515K->381073K(973824K), 0.0362820 secs]
35.395: [GC 578705K->370812K(972288K), 0.0343560 secs]
35.832: [GC 558676K->391956K(979968K), 0.0103120 secs]
36.225: [GC 589112K->423484K(975872K), 0.0825570 secs]
36.999: [GC 630844K->391584K(981504K), 0.0084250 secs]
37.256: [GC 604576K->421101K(979968K), 0.0555120 secs]
37.770: [GC 634093K->422986K(982016K), 0.0509850 secs]
38.261: [GC 635495K->577539K(982016K), 0.4840460 secs]
2.8084114	6.4096246	Hannah
1.7839353	6.1648974	Jill
1.9342978	4.850815	Jack
2.7168667	6.3587403	Matthew
1.878531	5.019394	Gary
3.2213278	6.200537	Jack
2.1052983	5.0767264	Dylan
3.9927583	6.1876135	Brad
3.280204	4.3995914	John
3.6498208	4.874176	Larry
39.138: [GC 792287K->629053K(883712K), 0.2770810 secs]
39.517: [GC 737874K->638137K(932864K), 0.1182010 secs]
39.635: [Full GC 638137K->29008K(932864K), 0.3950230 secs]
40.175: [GC 137633K->50162K(936448K), 0.0068820 secs]
40.311: [GC 170994K->62825K(932864K), 0.0143750 secs]
40.652: [GC 182645K->92128K(947712K), 0.0611330 secs]
41.197: [GC 231904K->82068K(940544K), 0.0408250 secs]
41.380: [GC 212977K->103211K(955392K), 0.0079880 secs]
41.733: [GC 259371K->122716K(949248K), 0.0563190 secs]
42.298: [GC 278876K->102800K(962048K), 0.0040390 secs]
42.461: [GC 267316K->134216K(960512K), 0.0168550 secs]
42.957: [GC 308296K->145376K(970752K), 0.0826860 secs]
43.525: [GC 333280K->144306K(965632K), 0.0131910 secs]
43.888: [GC 332210K->160832K(978944K), 0.0924340 secs]
44.627: [GC 366080K->154633K(975360K), 0.0070020 secs]
44.917: [GC 360457K->175588K(982528K), 0.0491950 secs]
45.360: [GC 390617K->206783K(977408K), 0.1631600 secs]
46.018: [GC 412701K->338343K(888320K), 0.3445080 secs]
2.8084114	6.4096246	Hannah
1.7839353	6.1648974	Jill
1.9342978	4.850815	Jack
2.7168667	6.3587403	Matthew
3.2213278	6.200537	Jack
2.1052983	5.0767264	Dylan
3.9927583	6.1876135	Brad
3.280204	4.3995914	John
3.6498208	4.874176	Larry
3.4226754	4.1538734	Matthew
46.565: [GC 455591K->340492K(932864K), 0.1144880 secs]
46.812: [GC 453921K->349668K(932864K), 0.0133090 secs]
46.965: [GC 457641K->350116K(932864K), 0.0143200 secs]
47.103: [GC 467364K->362179K(932864K), 0.0148070 secs]
47.439: [GC 474355K->381812K(932864K), 0.0619990 secs]
47.860: [GC 499060K->382000K(941056K), 0.0455730 secs]
48.196: [GC 511421K->392156K(937984K), 0.0112660 secs]
48.364: [GC 522716K->407142K(951808K), 0.0363020 secs]
48.834: [GC 556134K->424556K(945664K), 0.1123240 secs]
49.455: [GC 568674K->424504K(960512K), 0.0631860 secs]
49.652: [GC 594488K->447212K(957952K), 0.0238200 secs]
50.188: [GC 617196K->445385K(969216K), 0.0165160 secs]
50.703: [GC 623602K->445301K(966656K), 0.0083520 secs]
50.998: [GC 632693K->478943K(971776K), 0.0791100 secs]
51.697: [GC 674015K->466149K(971776K), 0.0164380 secs]
52.001: [GC 656420K->487325K(978432K), 0.0171460 secs]
52.517: [GC 688024K->486789K(974336K), 0.0095680 secs]
52.893: [GC 691077K->608845K(906752K), 0.2321720 secs]
53.407: [GC 745970K->691030K(926720K), 0.2651400 secs]
2.8084114	6.4096246	Hannah
1.7839353	6.1648974	Jill
1.9342978	4.850815	Jack
2.7168667	6.3587403	Matthew
3.2213278	6.200537	Jack
2.1052983	5.0767264	Dylan
3.9927583	6.1876135	Brad
3.280204	4.3995914	John
3.6498208	4.874176	Larry
3.4226754	4.1538734	Matthew
53.912: [GC 823488K->703464K(935424K), 0.1881850 secs]
54.100: [Full GC 703464K->31261K(935424K), 0.2007630 secs]
54.425: [GC 145368K->41629K(932864K), 0.0073590 secs]
54.595: [GC 154952K->63399K(946176K), 0.0169620 secs]
54.792: [GC 201127K->71435K(940032K), 0.0291690 secs]
55.303: [GC 209163K->62487K(952832K), 0.0027390 secs]
55.865: [GC 217111K->62471K(950272K), 0.0034130 secs]
56.005: [GC 213269K->94040K(959488K), 0.0163610 secs]
56.458: [GC 260952K->105141K(955904K), 0.0611180 secs]
57.107: [GC 272053K->83381K(968192K), 0.0029560 secs]
57.304: [GC 268725K->105507K(965632K), 0.0116290 secs]
58.048: [GC 290851K->104230K(975360K), 0.0072680 secs]
58.615: [GC 298733K->104154K(973312K), 0.0028890 secs]
58.932: [GC 304346K->139805K(974848K), 0.0526050 secs]
59.639: [GC 344093K->125002K(976384K), 0.0139470 secs]
59.961: [GC 323002K->146178K(982016K), 0.0083450 secs]
60.520: [GC 350743K->135378K(978432K), 0.0102700 secs]
60.905: [GC 347346K->265803K(909312K), 0.2517290 secs]
61.507: [GC 409867K->370403K(946688K), 0.3153800 secs]
2.8084114	6.4096246	Hannah
1.7839353	6.1648974	Jill
1.9342978	4.850815	Jack
2.7168667	6.3587403	Matthew
1.878531	5.019394	Gary
3.2213278	6.200537	Jack
2.1052983	5.0767264	Dylan
3.9927583	6.1876135	Brad
3.280204	4.3995914	John
3.6498208	4.874176	Larry
62.074: [GC 514480K->372749K(919040K), 0.2876460 secs]
62.458: [GC 481453K->381609K(932864K), 0.0120820 secs]
62.602: [GC 489744K->382171K(932864K), 0.0095260 secs]
62.728: [GC 499419K->394235K(932864K), 0.0125170 secs]
63.082: [GC 506921K->413891K(932864K), 0.0612800 secs]
63.530: [GC 531139K->414079K(932864K), 0.0491450 secs]
63.806: [GC 531327K->435299K(943616K), 0.0100640 secs]
63.993: [GC 565859K->442159K(935424K), 0.0498120 secs]
64.433: [GC 572719K->456673K(954368K), 0.0545230 secs]
64.919: [GC 601428K->466893K(948224K), 0.0370120 secs]
65.126: [GC 621005K->482242K(964608K), 0.0195900 secs]
65.711: [GC 657858K->477509K(959488K), 0.0164600 secs]
66.102: [GC 646736K->508886K(969216K), 0.0120350 secs]
66.477: [GC 696790K->517853K(967168K), 0.0588940 secs]
67.116: [GC 703687K->508445K(977920K), 0.0075680 secs]
67.384: [GC 712733K->529203K(974848K), 0.0642370 secs]
67.819: [GC 733491K->552436K(964608K), 0.0742770 secs]
68.404: [GC 747243K->692124K(971776K), 0.3709680 secs]
68.775: [Full GC 692124K->212796K(971776K), 1.1992470 secs]
2.8084114	6.4096246	Hannah
1.7839353	6.1648974	Jill
1.9342978	4.850815	Jack
2.7168667	6.3587403	Matthew
3.2213278	6.200537	Jack
2.1052983	5.0767264	Dylan
3.9927583	6.1876135	Brad
3.280204	4.3995914	John
3.6498208	4.874176	Larry
3.4226754	4.1538734	Matthew
70.238: [GC 407678K->225015K(893952K), 0.0069970 secs]
70.379: [GC 334722K->224164K(932864K), 0.0109730 secs]
70.483: [GC 332607K->255070K(932864K), 0.0174520 secs]
70.864: [GC 372318K->259486K(932864K), 0.0618840 secs]
71.390: [GC 371479K->254602K(939520K), 0.0085340 secs]
71.688: [GC 371689K->275835K(935424K), 0.0118620 secs]
72.088: [GC 402299K->265190K(949248K), 0.0114640 secs]
72.523: [GC 409503K->275354K(947200K), 0.0093720 secs]
72.813: [GC 423322K->299427K(960000K), 0.0601660 secs]
73.450: [GC 455179K->285806K(953344K), 0.0066380 secs]
73.667: [GC 450670K->304841K(968192K), 0.0279220 secs]
74.357: [GC 484995K->296244K(964096K), 0.0131690 secs]
74.632: [GC 480052K->319159K(972800K), 0.0362140 secs]
75.083: [GC 514743K->358226K(967168K), 0.1055870 secs]
75.900: [GC 553810K->506409K(898560K), 0.3613300 secs]
76.494: [GC 620510K->526101K(932864K), 0.1724820 secs]
17	1.0124309
4	1.0056182
95	1.012431
74	1.0057564
4	1.012485
71	1.0057027
95	1.0125694
17	1.0057032
43	1.0055922
59	1.0056462
76.861: [GC 642006K->526823K(932864K), 0.0605910 secs]
77.054: [GC 636681K->526525K(932864K), 0.0066360 secs]
77.156: [GC 634447K->557471K(932864K), 0.0123450 secs]
77.544: [GC 674719K->561858K(932864K), 0.0457170 secs]
78.057: [GC 674403K->556982K(932864K), 0.0087500 secs]
78.148: [GC 673892K->578247K(932864K), 0.0138420 secs]
78.513: [GC 695495K->582612K(942080K), 0.0457940 secs]
79.027: [GC 703981K->567496K(936960K), 0.0119290 secs]
79.163: [GC 698056K->591614K(951808K), 0.0171090 secs]
79.722: [GC 739582K->588344K(944640K), 0.0188600 secs]
80.025: [GC 731395K->609488K(960512K), 0.0164730 secs]
80.481: [GC 775376K->609080K(953856K), 0.0146660 secs]
80.945: [GC 767142K->630200K(969216K), 0.0123150 secs]
81.392: [GC 813806K->619432K(963072K), 0.0085970 secs]
81.732: [GC 803240K->727296K(918016K), 0.1781380 secs]
81.910: [Full GC 727296K->127745K(918016K), 0.6608820 secs]
83.070: [GC 268545K->232377K(944640K), 0.2446060 secs]
83.577: [GC 372227K->264052K(921088K), 0.2391250 secs]
17	1.0124309
4	1.0056182
95	1.012431
74	1.0057564
4	1.012485
71	1.0057027
95	1.0125694
17	1.0057032
43	1.0055922
59	1.0056462
84.016: [GC 381300K->264821K(932864K), 0.0923110 secs]
84.252: [GC 373867K->264497K(936960K), 0.0114620 secs]
84.426: [GC 387377K->290760K(934400K), 0.0312230 secs]
84.917: [GC 413640K->284770K(947712K), 0.0110750 secs]
85.255: [GC 426560K->316122K(945152K), 0.0232570 secs]
85.549: [GC 451824K->330678K(960000K), 0.0696930 secs]
86.168: [GC 488808K->315702K(953344K), 0.0130730 secs]
86.448: [GC 480566K->339019K(966144K), 0.0416650 secs]
87.104: [GC 510380K->305612K(963584K), 0.0110140 secs]
87.398: [GC 486860K->340392K(969216K), 0.0430420 secs]
88.019: [GC 525597K->305762K(967680K), 0.0074380 secs]
88.342: [GC 484017K->352295K(964096K), 0.0931020 secs]
88.759: [GC 538151K->398717K(967168K), 0.1254870 secs]
89.553: [GC 584573K->531468K(898560K), 0.3788920 secs]
90.137: [GC 641305K->556119K(932864K), 0.1811120 secs]
17	1.0124309
4	1.0056182
95	1.012431
74	1.0057564
4	1.012485
71	1.0057027
95	1.0125694
17	1.0057032
43	1.0055922
59	1.0056462
90.506: [GC 671826K->556872K(932864K), 0.0545210 secs]
90.694: [GC 666612K->556558K(932864K), 0.0118110 secs]
90.804: [GC 664363K->587466K(932864K), 0.0171050 secs]
91.189: [GC 704714K->591887K(932864K), 0.0540740 secs]
91.717: [GC 704558K->587011K(932864K), 0.0197030 secs]
91.824: [GC 703914K->608280K(932864K), 0.0306240 secs]
92.217: [GC 725528K->612653K(936448K), 0.0516410 secs]
92.738: [GC 724144K->607745K(932864K), 0.0191100 secs]
92.839: [GC 724861K->629013K(948224K), 0.0195890 secs]
93.318: [GC 769813K->618371K(941056K), 0.0248130 secs]
93.739: [GC 759171K->639005K(956928K), 0.0156200 secs]
94.123: [GC 795447K->664838K(950272K), 0.0547310 secs]
94.177: [Full GC 664838K->66985K(950272K), 0.2959660 secs]
95.036: [GC 224941K->83561K(967680K), 0.0363860 secs]
95.390: [GC 262714K->109647K(963072K), 0.0667560 secs]
95.761: [GC 291919K->146060K(944640K), 0.1021600 secs]
96.432: [GC 311436K->263923K(956928K), 0.3144190 secs]
97.092: [GC 428933K->313374K(908800K), 0.2416860 secs]
17	1.0124309
4	1.0056182
95	1.012431
74	1.0057564
4	1.012485
71	1.0057027
95	1.0125694
17	1.0057032
43	1.0055922
59	1.0056462
97.549: [GC 430622K->314187K(932864K), 0.0954570 secs]
97.782: [GC 422910K->313871K(932864K), 0.0094870 secs]
97.944: [GC 431119K->339016K(932864K), 0.0198360 secs]
98.381: [GC 456264K->334153K(932864K), 0.0111760 secs]
98.727: [GC 446103K->334037K(932864K), 0.0052900 secs]
98.873: [GC 451285K->359744K(937472K), 0.0198680 secs]
99.319: [GC 481600K->354920K(932864K), 0.0174180 secs]
99.646: [GC 471818K->365084K(946176K), 0.0109820 secs]
99.896: [GC 503836K->387235K(941056K), 0.0386770 secs]
100.468: [GC 525987K->375680K(956416K), 0.0168550 secs]
100.670: [GC 536960K->398477K(953344K), 0.0255790 secs]
101.292: [GC 559757K->396414K(965632K), 0.0174260 secs]
101.585: [GC 576638K->418518K(963072K), 0.0244360 secs]
102.022: [GC 598742K->420137K(975872K), 0.0282060 secs]
102.607: [GC 618793K->563352K(971264K), 0.3141600 secs]
103.391: [GC 753405K->646706K(894464K), 0.2649320 secs]
17	1.0124309
4	1.0056182
95	1.012431
74	1.0057564
4	1.012485
71	1.0057027
95	1.0125694
17	1.0057032
43	1.0055922
59	1.0056462
103.845: [GC 762928K->648086K(932864K), 0.2124740 secs]
104.057: [Full GC 648086K->32143K(932864K), 0.2037650 secs]
104.383: [GC 149391K->42892K(932864K), 0.0077740 secs]
104.515: [GC 157387K->74264K(932864K), 0.0163190 secs]
105.031: [GC 189235K->63273K(932864K), 0.0153820 secs]
105.133: [GC 171502K->74260K(932864K), 0.0080220 secs]
105.619: [GC 188201K->53191K(932864K), 0.0029140 secs]
105.707: [GC 160717K->84625K(932864K), 0.0165380 secs]
106.221: [GC 198128K->73827K(939008K), 0.0117510 secs]
106.589: [GC 198755K->85181K(934400K), 0.0142860 secs]
106.863: [GC 202997K->105403K(950272K), 0.0185200 secs]
107.156: [GC 249197K->84397K(944128K), 0.0076500 secs]
107.271: [GC 225173K->84913K(958464K), 0.0112790 secs]
84	0	20
84	0	19
84	0	3
84	0	4
84	0	5
84	0	6
84	0	7
84	0	8
84	0	9
84	0	10
107.540: [GC 244321K->75329K(954368K), 0.0051610 secs]
107.711: [GC 232349K->96263K(967680K), 0.0112430 secs]
108.213: [GC 268328K->106071K(961024K), 0.0187720 secs]
108.697: [GC 280214K->85001K(973312K), 0.0055290 secs]
109.224: [GC 269941K->95971K(970240K), 0.0070690 secs]
109.753: [GC 281674K->106329K(982016K), 0.0128460 secs]
110.083: [GC 309741K->85807K(976896K), 0.0044300 secs]
84	0	20
84	0	19
84	0	3
84	0	4
84	0	5
84	0	6
84	0	7
84	0	8
84	0	9
84	0	10
110.359: [GC 296239K->86974K(984576K), 0.0055920 secs]
110.604: [GC 300212K->107370K(983040K), 0.0137230 secs]
111.076: [GC 324001K->106855K(990720K), 0.0135380 secs]
111.536: [GC 334114K->117167K(987648K), 0.0111730 secs]
112.046: [GC 347055K->107207K(992768K), 0.0140130 secs]
112.623: [GC 339081K->106919K(989696K), 0.0077910 secs]
84	0	20
84	0	19
84	0	3
84	0	4
84	0	5
84	0	6
84	0	7
84	0	8
84	0	9
84	0	10
113.044: [GC 338795K->97685K(997888K), 0.0118510 secs]
113.312: [GC 342933K->107874K(995840K), 0.0093090 secs]
113.845: [GC 345671K->117575K(995840K), 0.0186990 secs]
114.794: [GC 358001K->107725K(997888K), 0.0112400 secs]
115.377: [GC 345728K->107328K(1003008K), 0.0113220 secs]
115.725: [GC 355314K->107927K(1000448K), 0.0149570 secs]
84	0	20
84	0	19
84	0	3
84	0	4
84	0	5
84	0	6
84	0	7
84	0	8
84	0	9
84	0	10
116.043: [GC 358721K->98044K(1005568K), 0.0079940 secs]
116.735: [GC 356213K->118751K(994816K), 0.0201950 secs]
117.346: [GC 374643K->97216K(1004032K), 0.0063900 secs]
117.983: [GC 352815K->108159K(1003008K), 0.0095070 secs]
118.590: [GC 365399K->107719K(1007616K), 0.0092780 secs]
118.983: [GC 372423K->87230K(1005568K), 0.0040930 secs]
84	0	20
84	0	19
84	0	3
84	0	4
84	0	5
84	0	6
84	0	7
84	0	8
84	0	9
84	0	10
119.357: [GC 343840K->109254K(1006592K), 0.0101360 secs]
119.969: [GC 372787K->107951K(1006080K), 0.0094880 secs]
120.568: [GC 372143K->108061K(1009152K), 0.0128300 secs]
121.293: [GC 376861K->108091K(1008128K), 0.0098630 secs]
121.926: [GC 370414K->118321K(1005056K), 0.0132670 secs]
Astrology	111-013-747	Cambridge
Music	111-040-572	Edinburgh
Medical	111-118-980	San Jose
Astrology	111-229-188	Surat
Dance	111-376-013	British Columbia
Criminology	111-184-909	Mountainview
Accounting	111-081-089	British Columbia
Dance	111-048-477	Surat
Accounting	111-175-526	Ahmedabad
Accounting	111-074-014	Portland
122.302: [GC 385073K->88385K(968704K), 0.0069730 secs]
122.759: [GC 355137K->108843K(1007616K), 0.0102310 secs]
123.479: [GC 374059K->108331K(1006080K), 0.0099080 secs]
124.155: [GC 369981K->108363K(1009664K), 0.0151930 secs]
124.499: [GC 378187K->108359K(1008640K), 0.0152630 secs]
125.075: [GC 369673K->98045K(1011200K), 0.0104820 secs]
Astrology	111-013-747	Cambridge
Music	111-040-572	Edinburgh
Medical	111-118-980	San Jose
Astrology	111-229-188	Surat
Dance	111-376-013	British Columbia
Criminology	111-184-909	Mountainview
Accounting	111-081-089	British Columbia
Dance	111-048-477	Surat
Accounting	111-175-526	Ahmedabad
Accounting	111-074-014	Portland
125.379: [GC 362953K->98997K(1011200K), 0.0075990 secs]
125.959: [GC 372917K->109151K(1012224K), 0.0122450 secs]
126.698: [GC 377399K->108637K(1011712K), 0.0152100 secs]
127.305: [GC 382482K->108549K(1013760K), 0.0089700 secs]
127.877: [GC 382248K->87950K(978944K), 0.0070780 secs]
128.292: [GC 362335K->109176K(1012224K), 0.0134580 secs]
Astrology	111-013-747	Cambridge
Music	111-040-572	Edinburgh
Medical	111-118-980	San Jose
Astrology	111-229-188	Surat
Dance	111-376-013	British Columbia
Criminology	111-184-909	Mountainview
Accounting	111-081-089	British Columbia
Dance	111-048-477	Surat
Accounting	111-175-526	Ahmedabad
Accounting	111-074-014	Portland
128.645: [GC 378534K->89075K(977408K), 0.0069860 secs]
129.281: [GC 363083K->109388K(1011200K), 0.0121710 secs]
129.859: [GC 383308K->119138K(1006080K), 0.0192270 secs]
130.449: [GC 393058K->119182K(1002496K), 0.0123820 secs]
131.124: [GC 380814K->109035K(1005056K), 0.0148160 secs]
Astrology	111-013-747	Cambridge
Music	111-040-572	Edinburgh
Medical	111-118-980	San Jose
Astrology	111-229-188	Surat
Dance	111-376-013	British Columbia
Criminology	111-184-909	Mountainview
Accounting	111-081-089	British Columbia
Dance	111-048-477	Surat
Accounting	111-175-526	Ahmedabad
Accounting	111-074-014	Portland
131.490: [GC 366523K->99580K(1007616K), 0.0117120 secs]
131.761: [GC 365308K->119968K(998400K), 0.0150100 secs]
132.464: [GC 385696K->109245K(1006592K), 0.0151260 secs]
133.141: [GC 371901K->109291K(1004544K), 0.0137040 secs]
133.832: [GC 371947K->109323K(1009664K), 0.0152050 secs]
134.265: [GC 377623K->109200K(1008128K), 0.0085680 secs]
Astrology	111-013-747	Cambridge
Music	111-040-572	Edinburgh
Medical	111-118-980	San Jose
Astrology	111-229-188	Surat
Dance	111-376-013	British Columbia
Criminology	111-184-909	Mountainview
Accounting	111-081-089	British Columbia
Dance	111-048-477	Surat
Accounting	111-175-526	Ahmedabad
Accounting	111-074-014	Portland
134.578: [GC 368979K->99940K(1011712K), 0.0081080 secs]
135.231: [GC 374372K->110114K(1011200K), 0.0157290 secs]
135.819: [GC 375803K->99256K(1012224K), 0.0090910 secs]
136.403: [GC 374059K->99099K(1012224K), 0.0100860 secs]
136.992: [GC 375067K->109800K(1013248K), 0.0092100 secs]
137.400: [GC 383298K->99704K(1012736K), 0.0124150 secs]
Astrology	111-013-747	Cambridge
Music	111-040-572	Edinburgh
Medical	111-118-980	San Jose
Astrology	111-229-188	Surat
Dance	111-376-013	British Columbia
Criminology	111-184-909	Mountainview
Accounting	111-081-089	British Columbia
Dance	111-048-477	Surat
Accounting	111-175-526	Ahmedabad
Accounting	111-074-014	Portland
137.775: [GC 377208K->111235K(1012736K), 0.0156050 secs]
138.367: [GC 386166K->120075K(1010176K), 0.0190180 secs]
138.974: [GC 398091K->109955K(1011200K), 0.0151530 secs]
139.707: [GC 382851K->109941K(1010176K), 0.0147760 secs]
140.301: [GC 376580K->99610K(1012224K), 0.0088100 secs]
Astrology	111-013-747	Cambridge
Music	111-040-572	Edinburgh
Medical	111-118-980	San Jose
Astrology	111-229-188	Surat
Dance	111-376-013	British Columbia
Criminology	111-184-909	Mountainview
Accounting	111-081-089	British Columbia
Dance	111-048-477	Surat
Accounting	111-175-526	Ahmedabad
Accounting	111-074-014	Portland
140.582: [GC 375578K->90254K(977920K), 0.0070730 secs]
141.191: [GC 366222K->110732K(1011200K), 0.0155370 secs]
141.836: [GC 375880K->120484K(1006080K), 0.0178530 secs]
142.419: [GC 393679K->89493K(1006080K), 0.0064810 secs]
143.056: [GC 353018K->89503K(966656K), 0.0064370 secs]
143.426: [GC 355231K->110638K(1007104K), 0.0135010 secs]
Astrology	111-013-747	Cambridge
Music	111-040-572	Edinburgh
Medical	111-118-980	San Jose
Astrology	111-229-188	Surat
Dance	111-376-013	British Columbia
Criminology	111-184-909	Mountainview
Accounting	111-081-089	British Columbia
Dance	111-048-477	Surat
Accounting	111-175-526	Ahmedabad
Accounting	111-074-014	Portland
143.790: [GC 365686K->90981K(1006592K), 0.0046990 secs]
144.371: [GC 355426K->89783K(1007104K), 0.0042960 secs]
144.947: [GC 355511K->110622K(1007104K), 0.0095620 secs]
145.539: [GC 371507K->121149K(998912K), 0.0170190 secs]
146.120: [GC 374499K->110547K(1003008K), 0.0147120 secs]
146.480: [GC 364267K->110574K(1005056K), 0.0133120 secs]
Astrology	111-013-747	Cambridge
Music	111-040-572	Edinburgh
Medical	111-118-980	San Jose
Astrology	111-229-188	Surat
Dance	111-376-013	British Columbia
Criminology	111-184-909	Mountainview
Accounting	111-081-089	British Columbia
Dance	111-048-477	Surat
Accounting	111-175-526	Ahmedabad
Accounting	111-074-014	Portland
