/home/ec2-user/blinkdb
-i /home/ec2-user/eecs584/workloadGen/candidateSet/frame_1/candidate_stats_dqcs.queries
Starting the Shark Command Line Client
/home/ec2-user/blinkdb/target/scala-2.9.3/classes
/home/ec2-user/blinkdb/target/scala-2.9.3/shark_2.9.3-0.8.0-SNAPSHOT.jar
4.562: [GC 262656K->21594K(1005568K), 0.0683730 secs]
6.117: [GC 152438K->17004K(1005568K), 0.0341770 secs]
6.152: [Full GC 17004K->16236K(1005568K), 0.1881360 secs]
6.358: [GC 22214K->16307K(1005568K), 0.0022920 secs]
6.361: [Full GC 16307K->9174K(1005568K), 0.1069250 secs]
10.251: [GC 271830K->29414K(1005568K), 0.0277990 secs]
10.763: [GC 292070K->17052K(1005568K), 0.0153370 secs]
11.666: [GC 275869K->51150K(1005568K), 0.0658730 secs]
12.027: [GC 306354K->28677K(1005568K), 0.0162890 secs]
10
12.614: [GC 290129K->19870K(1010176K), 0.0167040 secs]
12.985: [GC 282848K->29174K(1009152K), 0.0344360 secs]
13.885: [GC 299131K->29874K(1012736K), 0.0124640 secs]
14.075: [GC 296430K->49252K(1006592K), 0.0230200 secs]
39
14.599: [GC 324854K->20190K(1008640K), 0.0056070 secs]
15.018: [GC 283339K->40497K(1009152K), 0.0160050 secs]
15.288: [GC 308608K->50361K(1003008K), 0.0116120 secs]
17
15.654: [GC 307708K->20765K(965120K), 0.0063110 secs]
15.975: [GC 284445K->19600K(1005568K), 0.0055030 secs]
16.333: [GC 280794K->51984K(994816K), 0.0173850 secs]
16.546: [GC 307778K->30030K(1004032K), 0.0095810 secs]
60
