/home/ec2-user/blinkdb
-i /home/ec2-user/eecs584/workloadGen/querySet/querySet0/frame_2/workload.queries
Starting the Shark Command Line Client
/home/ec2-user/blinkdb/target/scala-2.9.3/classes
/home/ec2-user/blinkdb/target/scala-2.9.3/shark_2.9.3-0.8.0-SNAPSHOT.jar
9.304: [GC 262656K->20887K(1005568K), 0.0639970 secs]
10.828: [GC 155527K->17559K(1005568K), 0.0420360 secs]
10.870: [Full GC 17559K->16702K(1005568K), 0.1875990 secs]
11.077: [GC 24082K->16773K(1005568K), 0.0023880 secs]
11.079: [Full GC 16773K->9167K(1005568K), 0.0947460 secs]
15.183: [GC 271823K->29899K(1005568K), 0.0286630 secs]
15.998: [GC 284363K->40594K(1005568K), 0.0319480 secs]
17.701: [GC 294861K->49786K(1005568K), 0.0322210 secs]
18.432: [GC 307548K->49502K(1002496K), 0.0310000 secs]
19.363: [GC 311185K->54391K(976896K), 0.0353160 secs]
19.794: [GC 276105K->39204K(989696K), 0.0346710 secs]
3	551634.0	68849
4	531325.0	36461
1	165707.0	68849
7	13029.0	97775
2	467368.0	50214
8	338124.0	36461
6	1032720.0	58185
9	51409.0	12627
1	419250.0	60920
9	557022.0	78275
21.127: [GC 270116K->20415K(990720K), 0.0114690 secs]
21.618: [GC 245811K->29645K(991744K), 0.0117850 secs]
22.679: [GC 264653K->40058K(995840K), 0.0127290 secs]
23.287: [GC 280186K->44879K(992768K), 0.0222930 secs]
24.157: [GC 285007K->40041K(999936K), 0.0078770 secs]
25.105: [GC 289385K->39994K(997888K), 0.0191790 secs]
25.645: [GC 289338K->76975K(992768K), 0.0499830 secs]
26.385: [GC 310610K->71349K(974336K), 0.0103840 secs]
26.951: [GC 314549K->72075K(995328K), 0.0243840 secs]
27.598: [GC 314251K->204069K(995328K), 0.3429500 secs]
0	389143.0	36459
8	804430.0	36459
6	874869.0	36459
5	290692.0	36459
4	387713.0	36459
8	241426.0	33986
10	473486.0	33986
0	603805.0	90795
1	690918.0	90795
3	1104561.0	15239
28.400: [GC 446245K->205961K(898048K), 0.1090710 secs]
28.736: [GC 350476K->236778K(946688K), 0.0137220 secs]
29.340: [GC 381674K->246280K(956928K), 0.0823560 secs]
29.655: [GC 398845K->246785K(952832K), 0.0099440 secs]
30.295: [GC 403891K->246200K(962560K), 0.0196810 secs]
30.571: [GC 420792K->263420K(960512K), 0.0462140 secs]
31.172: [GC 438012K->257378K(971776K), 0.0089610 secs]
31.643: [GC 448866K->277644K(968192K), 0.1192140 secs]
32.115: [GC 469132K->280591K(979456K), 0.0157750 secs]
32.587: [GC 486927K->336468K(975360K), 0.2271340 secs]
0	565140.0	36459
6	874869.0	36459
4	387713.0	36459
10	705843.0	33986
0	603805.0	90795
1	690918.0	90795
0	405588.0	50580
4	759648.0	83635
6	990979.0	93568
2	867799.0	83635
33.236: [GC 540010K->280199K(956928K), 0.0154820 secs]
33.481: [GC 463782K->279404K(966144K), 0.0203650 secs]
33.971: [GC 463212K->302646K(971264K), 0.0419880 secs]
34.279: [GC 489279K->300268K(967680K), 0.0133820 secs]
34.875: [GC 484444K->300330K(978944K), 0.0111550 secs]
35.450: [GC 498779K->289605K(975360K), 0.0228790 secs]
35.972: [GC 488767K->325210K(974336K), 0.0515750 secs]
36.391: [GC 530522K->306686K(976896K), 0.0400920 secs]
36.722: [GC 504279K->358849K(951296K), 0.2376290 secs]
0	415564.0	82899
2	1027318.0	38147
6	874869.0	36459
3	345249.0	61678
4	261606.0	61678
4	387713.0	36459
5	138690.0	61678
6	714143.0	38147
1	1025185.0	61678
2	172050.0	97221
37.410: [GC 538802K->302867K(966144K), 0.0164810 secs]
37.676: [GC 481592K->312974K(970240K), 0.0189660 secs]
38.067: [GC 501902K->332683K(967168K), 0.0725730 secs]
38.635: [GC 520241K->333204K(976384K), 0.0102380 secs]
39.340: [GC 534420K->332784K(973312K), 0.0319860 secs]
39.666: [GC 534000K->360652K(979968K), 0.0359370 secs]
40.387: [GC 559975K->343122K(975872K), 0.0091680 secs]
40.792: [GC 550482K->385082K(977408K), 0.0704380 secs]
41.399: [GC 586399K->374723K(979456K), 0.0115230 secs]
41.882: [GC 585155K->376346K(983552K), 0.0272810 secs]
42.405: [GC 584202K->505810K(981504K), 0.3142280 secs]
0	518763.0	36459
8	804430.0	36459
6	874869.0	36459
5	290692.0	36459
4	387713.0	36459
8	241426.0	33986
10	473486.0	33986
0	603805.0	90795
1	690918.0	90795
6	990979.0	93568
43.055: [GC 717199K->497709K(894464K), 0.1352880 secs]
43.355: [GC 620640K->528337K(937984K), 0.0127650 secs]
43.701: [GC 655825K->534110K(947712K), 0.0650330 secs]
44.429: [GC 677470K->517154K(944128K), 0.0076900 secs]
44.583: [GC 660514K->538486K(953856K), 0.0121000 secs]
45.171: [GC 692598K->537901K(948736K), 0.0249670 secs]
45.538: [GC 685218K->569314K(960000K), 0.0154980 secs]
45.984: [GC 735714K->558623K(954880K), 0.0267030 secs]
46.505: [GC 716803K->568803K(965120K), 0.0132400 secs]
46.838: [GC 742110K->608298K(961536K), 0.0698220 secs]
47.520: [GC 781941K->568999K(967168K), 0.0211740 secs]
47.959: [GC 742878K->608501K(965120K), 0.0596780 secs]
48.367: [GC 792309K->655383K(940032K), 0.1223190 secs]
48.908: [GC 813591K->770334K(953344K), 0.3836880 secs]
49.291: [Full GC 770334K->209205K(953344K), 1.3198590 secs]
50.870: [GC 359659K->283873K(912384K), 0.1951680 secs]
848-318-569	1.9846154
126-909-376	1.9503918
333-295-713	3.6032045
413-309-229	1.8422606
273-367-546	1.183543
569-992-722	1.8844285
536-737-759	1.2855223
716-948-952	2.2753217
636-110-774	3.994139
534-439-883	3.1279693
51.265: [GC 395034K->285036K(932864K), 0.1392770 secs]
51.539: [GC 402284K->274386K(932864K), 0.0170790 secs]
51.687: [GC 388764K->305737K(932864K), 0.0308530 secs]
52.119: [GC 422985K->313086K(932864K), 0.0706230 secs]
52.688: [GC 426000K->294770K(932864K), 0.0144380 secs]
52.785: [GC 411275K->316075K(932864K), 0.0263420 secs]
53.050: [GC 423512K->344022K(932864K), 0.0639540 secs]
53.621: [GC 461270K->315626K(940544K), 0.0145740 secs]
53.776: [GC 436226K->347034K(938496K), 0.0195700 secs]
54.066: [GC 477594K->354620K(952832K), 0.0619570 secs]
54.692: [GC 506118K->346512K(947712K), 0.0146920 secs]
54.919: [GC 498576K->368396K(961024K), 0.0425010 secs]
55.628: [GC 537868K->357148K(956928K), 0.0149010 secs]
55.835: [GC 526620K->385000K(967680K), 0.0330580 secs]
56.269: [GC 566760K->396934K(962560K), 0.0533830 secs]
56.716: [GC 578694K->530790K(898048K), 0.4766350 secs]
57.442: [GC 643903K->612734K(932864K), 0.3782870 secs]
57.913: [GC 729982K->614106K(932864K), 0.1556700 secs]
58.069: [Full GC 614106K->19850K(932864K), 0.1328440 secs]
848-318-569	1.9846154
126-909-376	1.9503918
333-295-713	3.6032045
413-309-229	1.8422606
273-367-546	1.183543
569-992-722	1.8844285
536-737-759	1.2855223
716-948-952	2.2753217
636-110-774	3.994139
534-439-883	3.1279693
58.416: [GC 127028K->31490K(932864K), 0.0103660 secs]
58.563: [GC 139047K->31183K(932864K), 0.0089020 secs]
58.742: [GC 148431K->48981K(932864K), 0.0505240 secs]
59.232: [GC 166229K->41171K(932864K), 0.0091500 secs]
59.603: [GC 152710K->41087K(932864K), 0.0042140 secs]
59.780: [GC 158335K->67373K(943616K), 0.0216540 secs]
60.284: [GC 197421K->61959K(934912K), 0.0117860 secs]
60.614: [GC 192007K->82745K(953856K), 0.0117230 secs]
60.927: [GC 233397K->101381K(946688K), 0.0571430 secs]
61.558: [GC 243476K->82733K(962560K), 0.0041820 secs]
61.818: [GC 256813K->112642K(960000K), 0.0382360 secs]
62.542: [GC 286722K->103581K(968192K), 0.0124080 secs]
62.798: [GC 288925K->134505K(965632K), 0.0522000 secs]
63.241: [GC 319849K->155111K(958976K), 0.0640900 secs]
63.692: [GC 335847K->288350K(964608K), 0.3481300 secs]
64.331: [GC 461875K->359898K(901120K), 0.4111620 secs]
848-318-569	1.9846154
126-909-376	1.9503918
333-295-713	3.6032045
413-309-229	1.8422606
273-367-546	1.183543
569-992-722	1.8844285
536-737-759	1.2855223
716-948-952	2.2753217
636-110-774	3.994139
534-439-883	3.1279693
64.931: [GC 475157K->361100K(932864K), 0.1612110 secs]
65.226: [GC 470685K->360776K(932864K), 0.0115890 secs]
65.344: [GC 468317K->391680K(932864K), 0.0151490 secs]
65.703: [GC 508928K->399265K(932864K), 0.0562860 secs]
66.279: [GC 512180K->380981K(932864K), 0.0044840 secs]
66.391: [GC 498229K->402217K(939520K), 0.0096710 secs]
66.710: [GC 526121K->420025K(932864K), 0.0699580 secs]
67.336: [GC 536262K->401733K(948224K), 0.0045590 secs]
67.453: [GC 547141K->424829K(945664K), 0.0132800 secs]
68.008: [GC 570237K->422581K(957952K), 0.0122530 secs]
68.398: [GC 581860K->443753K(955392K), 0.0098570 secs]
68.869: [GC 608617K->443313K(967168K), 0.0160170 secs]
69.369: [GC 622932K->474698K(964608K), 0.0206580 secs]
69.854: [GC 651490K->453675K(971264K), 0.0133280 secs]
70.206: [GC 645675K->569331K(969216K), 0.3557870 secs]
70.996: [GC 759921K->708826K(896512K), 0.4067210 secs]
71.402: [Full GC 708826K->273414K(896512K), 1.5577200 secs]
73.043: [GC 381157K->294674K(932864K), 0.0086850 secs]
848-318-569	1.9846154
126-909-376	1.9503918
333-295-713	3.6032045
413-309-229	1.8422606
273-367-546	1.183543
569-992-722	1.8844285
536-737-759	1.2855223
716-948-952	2.2753217
636-110-774	3.994139
534-439-883	3.1279693
73.254: [GC 402145K->285075K(932864K), 0.0111620 secs]
73.418: [GC 392307K->284789K(932864K), 0.0061270 secs]
73.559: [GC 402037K->310436K(932864K), 0.0242300 secs]
74.006: [GC 427684K->305061K(932864K), 0.0103620 secs]
74.372: [GC 416136K->315225K(932864K), 0.0064820 secs]
74.519: [GC 432473K->328717K(932864K), 0.0157790 secs]
74.958: [GC 445965K->325825K(932864K), 0.0080660 secs]
75.367: [GC 436385K->325741K(932864K), 0.0036390 secs]
75.455: [GC 442989K->346982K(944128K), 0.0088930 secs]
75.937: [GC 478566K->346593K(935936K), 0.0088200 secs]
76.340: [GC 474052K->346509K(952832K), 0.0038220 secs]
76.585: [GC 499085K->381145K(948224K), 0.0859300 secs]
77.321: [GC 533721K->367341K(958464K), 0.0144590 secs]
77.521: [GC 531693K->392726K(954368K), 0.0328050 secs]
77.962: [GC 549780K->377687K(968192K), 0.0103340 secs]
78.372: [GC 560471K->514558K(963072K), 0.2585530 secs]
78.978: [GC 696422K->632830K(902656K), 0.3650090 secs]
848-318-569	1.9846154
126-909-376	1.9503918
333-295-713	3.6032045
413-309-229	1.8422606
273-367-546	1.183543
569-992-722	1.8844285
536-737-759	1.2855223
716-948-952	2.2753217
636-110-774	3.994139
534-439-883	3.1279693
79.561: [GC 742046K->625056K(932864K), 0.1647570 secs]
79.726: [Full GC 625056K->21866K(932864K), 0.1400620 secs]
79.963: [GC 131422K->52714K(932864K), 0.0109610 secs]
80.134: [GC 165415K->74477K(932864K), 0.0155080 secs]
80.357: [GC 191725K->78083K(932864K), 0.0459190 secs]
80.861: [GC 195331K->63303K(932864K), 0.0027280 secs]
81.091: [GC 175407K->84443K(932864K), 0.0077200 secs]
81.279: [GC 201691K->96446K(932864K), 0.0395690 secs]
81.767: [GC 213694K->84058K(932864K), 0.0028510 secs]
82.025: [GC 201306K->105058K(932864K), 0.0080050 secs]
82.218: [GC 222306K->116492K(942080K), 0.0413870 secs]
82.769: [GC 246028K->104766K(935936K), 0.0041760 secs]
83.008: [GC 228278K->136171K(950784K), 0.0166730 secs]
83.289: [GC 277215K->153894K(945664K), 0.0803190 secs]
83.956: [GC 295854K->135726K(960512K), 0.0058080 secs]
84.168: [GC 304174K->156554K(956416K), 0.0355300 secs]
84.563: [GC 325002K->165092K(964608K), 0.0772430 secs]
85.033: [GC 345316K->297723K(964096K), 0.3058620 secs]
85.656: [GC 468241K->381741K(901632K), 0.5159260 secs]
848-318-569	1.9846154
126-909-376	1.9503918
333-295-713	3.6032045
413-309-229	1.8422606
273-367-546	1.183543
569-992-722	1.8844285
536-737-759	1.2855223
716-948-952	2.2753217
636-110-774	3.994139
534-439-883	3.1279693
86.347: [GC 492544K->383667K(932864K), 0.1405750 secs]
86.582: [GC 492262K->393063K(932864K), 0.0122520 secs]
86.738: [GC 504031K->414843K(932864K), 0.0207930 secs]
87.011: [GC 524246K->421784K(932864K), 0.0851510 secs]
87.560: [GC 539032K->403636K(932864K), 0.0073310 secs]
87.740: [GC 512976K->435037K(932864K), 0.0202380 secs]
87.979: [GC 552285K->439192K(932864K), 0.0864480 secs]
88.579: [GC 556440K->424404K(932864K), 0.0049440 secs]
88.831: [GC 536305K->445544K(932864K), 0.0099080 secs]
89.025: [GC 562792K->457544K(939520K), 0.0422800 secs]
89.571: [GC 582472K->445164K(933888K), 0.0056530 secs]
89.818: [GC 569792K->476516K(948736K), 0.0204100 secs]
90.104: [GC 617813K->494272K(943104K), 0.0617510 secs]
90.747: [GC 637599K->476096K(958976K), 0.0078040 secs]
90.949: [GC 641472K->495768K(954880K), 0.0318560 secs]
91.339: [GC 661144K->499726K(966144K), 0.0432190 secs]
91.783: [GC 680974K->632989K(963584K), 0.3150590 secs]
92.436: [GC 809049K->722103K(902144K), 0.3442330 secs]
92.780: [Full GC 722103K->274628K(902144K), 1.5738460 secs]
848-318-569	1.9846154
126-909-376	1.9503918
333-295-713	3.6032045
413-309-229	1.8422606
273-367-546	1.183543
569-992-722	1.8844285
536-737-759	1.2855223
716-948-952	2.2753217
636-110-774	3.994139
534-439-883	3.1279693
94.532: [GC 385339K->286172K(932864K), 0.0067780 secs]
94.635: [GC 394914K->295576K(932864K), 0.0079750 secs]
94.806: [GC 406945K->317340K(932864K), 0.0196720 secs]
95.226: [GC 434588K->306093K(932864K), 0.0079850 secs]
95.401: [GC 423341K->327592K(932864K), 0.0090550 secs]
95.690: [GC 444840K->326839K(932864K), 0.0143920 secs]
95.978: [GC 437859K->337087K(932864K), 0.0066320 secs]
96.113: [GC 454335K->348055K(932864K), 0.0089060 secs]
96.536: [GC 456578K->357794K(932864K), 0.0152440 secs]
96.630: [GC 474986K->379030K(940544K), 0.0142920 secs]
97.051: [GC 503958K->368290K(932864K), 0.0085590 secs]
97.200: [GC 489889K->399742K(949760K), 0.0110400 secs]
97.473: [GC 537880K->389014K(943616K), 0.0084100 secs]
97.826: [GC 528169K->399970K(960512K), 0.0148860 secs]
1.0000243	India
1.0000066	Malaysia
1.0000165	England
1.0000224	Italy
1.0000209	Afghanistan
1.0000087	Canada
1.0000134	Germany
1.000033	China
1.0000081	France
1.7685311	NULL
98.076: [GC 565154K->390350K(954368K), 0.0115260 secs]
98.262: [GC 556750K->400992K(970752K), 0.0156120 secs]
98.794: [GC 582795K->389516K(964608K), 0.0069620 secs]
99.312: [GC 576396K->400440K(978944K), 0.0092610 secs]
99.619: [GC 604728K->400536K(973824K), 0.0093320 secs]
100.035: [GC 598824K->410776K(984576K), 0.0112740 secs]
100.549: [GC 625582K->389548K(984064K), 0.0067610 secs]
100.888: [GC 601273K->390104K(988672K), 0.0128390 secs]
1.0000243	India
1.0000066	Malaysia
1.0000165	England
1.0000224	Italy
1.0000209	Afghanistan
1.0000087	Canada
1.0000134	Germany
1.000033	China
1.0000081	France
1.7685311	NULL
101.192: [GC 616140K->381033K(986624K), 0.0049090 secs]
101.501: [GC 607849K->401366K(992256K), 0.0100470 secs]
101.966: [GC 625074K->400888K(989696K), 0.0181610 secs]
102.516: [GC 624768K->400888K(997376K), 0.0096900 secs]
103.051: [GC 637902K->379692K(995328K), 0.0045660 secs]
103.612: [GC 617043K->400856K(999424K), 0.0092780 secs]
103.954: [GC 644066K->380273K(997376K), 0.0075970 secs]
1.0000243	India
1.0000066	Malaysia
1.0000165	England
1.0000224	Italy
1.0000209	Afghanistan
1.0000087	Canada
1.0000134	Germany
1.000033	China
1.0000081	France
1.7685311	NULL
104.280: [GC 626562K->391625K(1002496K), 0.0124760 secs]
104.752: [GC 645577K->401720K(999936K), 0.0175370 secs]
105.286: [GC 655672K->401216K(1004032K), 0.0116940 secs]
105.827: [GC 659776K->401232K(1003008K), 0.0202980 secs]
106.375: [GC 659792K->401248K(1006080K), 0.0168290 secs]
106.933: [GC 663904K->401232K(1005056K), 0.0104840 secs]
1.0000243	India
1.0000066	Malaysia
1.0000165	England
1.0000224	Italy
1.0000209	Afghanistan
1.0000087	Canada
1.0000134	Germany
1.000033	China
1.0000081	France
1.7685311	NULL
107.346: [GC 654600K->381622K(1006080K), 0.0090980 secs]
107.612: [GC 636444K->402032K(1006592K), 0.0174570 secs]
108.181: [GC 659123K->411743K(1000960K), 0.0213000 secs]
108.758: [GC 669300K->401535K(1004032K), 0.0167990 secs]
109.327: [GC 658860K->411767K(1000960K), 0.0166080 secs]
109.903: [GC 669058K->401575K(1003008K), 0.0258240 secs]
110.286: [GC 656240K->401527K(1006592K), 0.0166190 secs]
1.0000243	India
1.0000066	Malaysia
1.0000165	England
1.0000224	Italy
1.0000209	Afghanistan
1.0000087	Canada
1.0000134	Germany
1.000033	China
1.0000081	France
1.7685311	NULL
110.677: [GC 657608K->392222K(1005056K), 0.0088800 secs]
111.282: [GC 651915K->381103K(1005568K), 0.0086000 secs]
111.845: [GC 639029K->401789K(1006592K), 0.0099520 secs]
112.410: [GC 659341K->391595K(1008640K), 0.0081240 secs]
112.976: [GC 659371K->401813K(1007616K), 0.0165270 secs]
113.339: [GC 664683K->391475K(1010176K), 0.0076480 secs]
1.0000243	India
1.0000066	Malaysia
1.0000165	England
1.0000224	Italy
1.0000209	Afghanistan
1.0000087	Canada
1.0000134	Germany
1.000033	China
1.0000081	France
1.7685311	NULL
113.663: [GC 652861K->392568K(1009152K), 0.0130610 secs]
114.113: [GC 663416K->415204K(1002496K), 0.0407340 secs]
114.860: [GC 678840K->402207K(1007104K), 0.0134340 secs]
115.645: [GC 667935K->401694K(1009152K), 0.0162240 secs]
116.420: [GC 670494K->402258K(1008128K), 0.0164450 secs]
116.897: [GC 671058K->418248K(1000960K), 0.0819450 secs]
117.555: [GC 680904K->407092K(1005568K), 0.0366720 secs]
118.228: [GC 669748K->488856K(946176K), 0.1846480 secs]
119.172: [GC 687701K->594430K(975872K), 0.2694100 secs]
8	1096447.0
5	1096672.0
6	1095966.0
3	1095741.0
10	1097347.0
10	1097122.0
5	1096897.0
0	1095516.0
7	1095291.0
0	1043246.0
119.678: [GC 790893K->545894K(904192K), 0.0264850 secs]
119.884: [GC 673799K->556554K(940032K), 0.0310630 secs]
120.307: [GC 687719K->555477K(951296K), 0.0428640 secs]
120.437: [GC 694275K->566327K(946176K), 0.0292760 secs]
120.881: [GC 705950K->556159K(959488K), 0.0292150 secs]
121.318: [GC 722047K->556092K(954880K), 0.0271530 secs]
121.752: [GC 712921K->545534K(963584K), 0.0471480 secs]
122.057: [GC 722425K->535615K(879104K), 0.0094710 secs]
8	373593.0
8	348490.0
3	543113.0
9	1009765.0
1	547406.0
3	516004.0
3	1159.0
7	952300.0
2	345619.0
6	686498.0
122.304: [GC 714303K->536502K(962560K), 0.0104590 secs]
122.482: [GC 713142K->535739K(962560K), 0.0072310 secs]
122.747: [GC 712379K->562310K(968704K), 0.0365960 secs]
123.379: [GC 742350K->535480K(963072K), 0.0054200 secs]
123.732: [GC 718776K->570793K(971264K), 0.0406990 secs]
124.242: [GC 763305K->556818K(969728K), 0.0102130 secs]
124.781: [GC 749330K->556418K(976384K), 0.0096540 secs]
125.105: [GC 759682K->579594K(975360K), 0.0134290 secs]
125.757: [GC 773770K->556382K(981504K), 0.0051990 secs]
126.171: [GC 767555K->567338K(980992K), 0.0127750 secs]
126.689: [GC 781354K->688438K(910848K), 0.2284500 secs]
127.278: [GC 832213K->635090K(947712K), 0.0096130 secs]
0	1083762.0
7	1083987.0
7	1084437.0
1	1085368.0
5	1085593.0
4	1037947.0
6	1038172.0
8	1037369.0
4	1037594.0
3	1008794.0
127.492: [GC 775690K->625311K(953344K), 0.0059710 secs]
127.669: [GC 781471K->645933K(951296K), 0.0109980 secs]
128.016: [GC 802093K->659995K(964096K), 0.0502840 secs]
128.526: [GC 835611K->666638K(960000K), 0.0111920 secs]
128.948: [GC 842254K->685804K(974848K), 0.0561970 secs]
129.004: [Full GC 685804K->63263K(974848K), 0.3209260 secs]
129.645: [GC 249275K->96747K(969728K), 0.0225000 secs]
130.204: [GC 292843K->106944K(980480K), 0.0784620 secs]
130.604: [GC 314816K->112193K(975872K), 0.0346290 secs]
131.186: [GC 310311K->96458K(985600K), 0.0111150 secs]
131.644: [GC 316810K->97141K(984064K), 0.0120120 secs]
132.251: [GC 314662K->229152K(911872K), 0.2708920 secs]
1083762.0	46680
1037947.0	21992
1037369.0	75922
1008794.0	13614
980572.0	10147
980347.0	93684
979994.0	15101
979769.0	47417
831801.0	06355
832604.0	89810
132.750: [GC 374888K->167474K(948736K), 0.0066000 secs]
132.892: [GC 316466K->166695K(952320K), 0.0044440 secs]
133.057: [GC 320807K->188767K(950272K), 0.0107000 secs]
133.653: [GC 340658K->176677K(961024K), 0.0079650 secs]
133.811: [GC 348197K->200638K(958976K), 0.0166320 secs]
134.377: [GC 364669K->187114K(968704K), 0.0065740 secs]
134.703: [GC 374506K->219373K(967168K), 0.0319170 secs]
135.174: [GC 401233K->208427K(975872K), 0.0091890 secs]
135.645: [GC 398728K->239052K(970752K), 0.0555480 secs]
135.954: [GC 429362K->229239K(982528K), 0.0123340 secs]
136.379: [GC 441207K->261146K(964608K), 0.0666470 secs]
136.873: [GC 463960K->229389K(977920K), 0.0129350 secs]
1083762.0	46680
1037947.0	21992
1037369.0	75922
1008794.0	13614
980572.0	10147
980347.0	93684
979994.0	15101
831801.0	06355
832604.0	89810
889401.0	91961
137.153: [GC 434189K->219850K(975360K), 0.0094410 secs]
137.673: [GC 415149K->256044K(977408K), 0.0450640 secs]
138.188: [GC 463404K->245245K(977920K), 0.0384100 secs]
138.573: [GC 452605K->243515K(985600K), 0.0279060 secs]
139.092: [GC 462139K->243521K(981504K), 0.0303620 secs]
139.581: [GC 459765K->243167K(993280K), 0.0249570 secs]
139.794: [GC 469397K->230565K(989696K), 0.0102540 secs]
626924.0	91378
717292.0	24087
655724.0	42270
598124.0	23932
746317.0	91602
746092.0	88736
134353.0	00708
192945.0	82019
141553.0	92044
402728.0	15630
140.122: [GC 459330K->231778K(995328K), 0.0078890 secs]
140.543: [GC 463540K->272919K(993280K), 0.1045760 secs]
141.190: [GC 506086K->251677K(983040K), 0.0189800 secs]
141.807: [GC 479517K->241028K(927744K), 0.0141630 secs]
142.185: [GC 468868K->265547K(990720K), 0.0288600 secs]
142.960: [GC 491148K->261660K(987648K), 0.0140160 secs]
143.332: [GC 491548K->291575K(985088K), 0.0514600 secs]
143.950: [GC 513419K->272717K(988672K), 0.0094230 secs]
144.371: [GC 495131K->272222K(993280K), 0.0115120 secs]
145.049: [GC 508766K->418486K(991744K), 0.2805000 secs]
867056.0	82458
866478.0	69133
866703.0	65843
895278.0	37791
895503.0	90148
895856.0	69124
896081.0	59346
924078.0	63684
924303.0	88807
924656.0	19410
145.802: [GC 646192K->389320K(911872K), 0.0892930 secs]
146.051: [GC 537490K->378370K(951808K), 0.0296660 secs]
146.297: [GC 533506K->401988K(957440K), 0.0321680 secs]
146.726: [GC 558042K->409426K(952320K), 0.0182160 secs]
147.224: [GC 570706K->408678K(965120K), 0.0360220 secs]
147.495: [GC 588390K->423535K(963072K), 0.0326910 secs]
147.913: [GC 597880K->430292K(973824K), 0.0213380 secs]
148.489: [GC 624201K->409222K(970240K), 0.0089690 secs]
148.852: [GC 600588K->409802K(977408K), 0.0086860 secs]
149.137: [GC 612293K->409802K(975360K), 0.0092170 secs]
141553.0	92044
134353.0	00708
185745.0	03102
192945.0	82019
171345.0	65102
460112.0	13541
519985.0	05616
505585.0	94276
544707.0	82049
544129.0	77149
149.580: [GC 614090K->400254K(980480K), 0.0143910 secs]
149.957: [GC 611710K->434912K(979456K), 0.0456900 secs]
150.712: [GC 642440K->409810K(980480K), 0.0259590 secs]
151.046: [GC 621778K->443591K(979968K), 0.0489150 secs]
151.807: [GC 654939K->420246K(981504K), 0.0083710 secs]
152.070: [GC 633750K->454066K(980480K), 0.0361450 secs]
152.821: [GC 667099K->430682K(982016K), 0.0080080 secs]
153.092: [GC 645210K->465046K(980992K), 0.0598750 secs]
153.856: [GC 674517K->441118K(982528K), 0.0127300 secs]
154.136: [GC 656158K->475607K(980992K), 0.0388190 secs]
154.587: [GC 690647K->507796K(956416K), 0.0947090 secs]
155.556: [GC 696724K->645748K(968704K), 0.3683690 secs]
1043824.0	01785
1043471.0	72910
1014671.0	98173
1014446.0	65354
1015249.0	68639
1015024.0	90025
1096447.0	00180
1096672.0	15274
1095966.0	77628
1095741.0	00549
156.250: [GC 834676K->666654K(897024K), 0.1453280 secs]
156.396: [Full GC 666654K->25372K(897024K), 0.1434740 secs]
156.648: [GC 138359K->35708K(932864K), 0.0053710 secs]
156.792: [GC 148277K->57456K(932864K), 0.0173980 secs]
157.083: [GC 174704K->54892K(932864K), 0.0549770 secs]
157.421: [GC 170376K->46252K(932864K), 0.0035740 secs]
157.507: [GC 153870K->77702K(932864K), 0.0106390 secs]
158.001: [GC 194950K->81980K(946176K), 0.0579490 secs]
158.167: [GC 217890K->98481K(941056K), 0.0099630 secs]
158.668: [GC 237233K->102810K(956928K), 0.0733350 secs]
158.862: [GC 261063K->119202K(952832K), 0.0103770 secs]
159.398: [GC 276713K->98140K(964608K), 0.0106700 secs]
159.689: [GC 269872K->126320K(962048K), 0.0463630 secs]
160.042: [GC 303487K->175042K(933376K), 0.1328520 secs]
192945.0	82019
185745.0	03102
134353.0	00708
171345.0	65102
141553.0	92044
460112.0	13541
519696.0	02950
519985.0	05616
543679.0	10767
544707.0	82049
160.492: [GC 326082K->93339K(949760K), 0.0067520 secs]
