/home/ec2-user/blinkdb
-i /home/ec2-user/eecs584/workloadGen/querySet/querySet0/frame_2/workload.queries
Starting the Shark Command Line Client
/home/ec2-user/blinkdb/target/scala-2.9.3/classes
/home/ec2-user/blinkdb/target/scala-2.9.3/shark_2.9.3-0.8.0-SNAPSHOT.jar
4.066: [GC 262656K->20936K(1005568K), 0.0646610 secs]
5.496: [GC 152881K->17574K(1005568K), 0.0335930 secs]
5.529: [Full GC 17574K->16702K(1005568K), 0.1867580 secs]
5.734: [GC 24209K->16773K(1005568K), 0.0023450 secs]
5.736: [Full GC 16773K->9167K(1005568K), 0.1082150 secs]
9.861: [GC 271823K->29672K(1005568K), 0.0381180 secs]
10.725: [GC 287438K->40398K(1005568K), 0.0305010 secs]
12.424: [GC 293018K->49588K(1005568K), 0.0325890 secs]
13.114: [GC 306434K->49256K(1002496K), 0.0349640 secs]
14.027: [GC 310275K->54132K(977920K), 0.0385090 secs]
14.457: [GC 285070K->18344K(934400K), 0.0250390 secs]
3	551634.0	68849
4	531325.0	36461
1	165707.0	68849
7	13029.0	97775
2	467368.0	50214
8	338124.0	36461
6	1032720.0	58185
9	51409.0	12627
1	419250.0	60920
9	557022.0	78275
15.269: [GC 243174K->20305K(989184K), 0.0133290 secs]
15.796: [GC 242656K->29294K(989184K), 0.0113630 secs]
17.310: [GC 259182K->39870K(994816K), 0.0185430 secs]
17.863: [GC 277438K->42192K(991232K), 0.0252110 secs]
18.730: [GC 273485K->29042K(998400K), 0.0094110 secs]
19.550: [GC 275826K->40098K(996864K), 0.0176110 secs]
20.094: [GC 286882K->60597K(996864K), 0.0377020 secs]
20.920: [GC 306743K->50566K(998400K), 0.0176000 secs]
21.481: [GC 298886K->58584K(999936K), 0.0197990 secs]
22.188: [GC 311000K->194011K(1000448K), 0.3645070 secs]
0	389143.0	36459
8	804430.0	36459
6	874869.0	36459
5	290692.0	36459
4	387713.0	36459
8	241426.0	33986
10	473486.0	33986
0	603805.0	90795
1	690918.0	90795
3	1104561.0	15239
22.993: [GC 441627K->205611K(904192K), 0.1029990 secs]
23.320: [GC 352465K->216245K(952320K), 0.0167670 secs]
23.993: [GC 363441K->204921K(957440K), 0.0183600 secs]
24.166: [GC 370809K->227580K(956928K), 0.0139040 secs]
24.809: [GC 389062K->205087K(963584K), 0.0075800 secs]
25.232: [GC 382751K->241489K(962560K), 0.1015480 secs]
25.745: [GC 413994K->246967K(969216K), 0.0231160 secs]
26.450: [GC 428640K->225959K(965120K), 0.0183990 secs]
26.730: [GC 411815K->253941K(973824K), 0.0284720 secs]
27.145: [GC 449013K->309093K(969728K), 0.1406450 secs]
0	565140.0	36459
6	874869.0	36459
4	387713.0	36459
10	705843.0	33986
0	603805.0	90795
1	690918.0	90795
0	405588.0	50580
4	759648.0	83635
6	990979.0	93568
2	867799.0	83635
27.706: [GC 496963K->236600K(947200K), 0.0149950 secs]
27.921: [GC 405048K->235220K(958464K), 0.0134360 secs]
28.271: [GC 403668K->260075K(966656K), 0.0186420 secs]
28.787: [GC 432237K->256605K(960000K), 0.0129460 secs]
29.356: [GC 432574K->235576K(972800K), 0.0119790 secs]
29.906: [GC 431672K->270517K(971776K), 0.0932980 secs]
30.267: [GC 466613K->257401K(978432K), 0.0119630 secs]
30.856: [GC 450775K->267263K(973312K), 0.0136210 secs]
31.239: [GC 470527K->280314K(973824K), 0.0645480 secs]
0	415564.0	82899
2	1027318.0	38147
6	874869.0	36459
3	345249.0	61678
4	261606.0	61678
4	387713.0	36459
5	138690.0	61678
6	714143.0	38147
1	1025185.0	61678
2	172050.0	97221
31.697: [GC 482639K->247892K(976896K), 0.0132310 secs]
31.964: [GC 444151K->236846K(979456K), 0.0126880 secs]
32.373: [GC 443956K->288476K(961536K), 0.0721050 secs]
33.009: [GC 489480K->267922K(977408K), 0.0184850 secs]
33.776: [GC 470162K->267522K(973312K), 0.0236480 secs]
34.092: [GC 469762K->296010K(980480K), 0.0577740 secs]
34.871: [GC 505930K->288387K(977920K), 0.0125730 secs]
35.439: [GC 498307K->288884K(985088K), 0.0453080 secs]
35.931: [GC 510068K->310225K(984576K), 0.0312430 secs]
36.538: [GC 531409K->354403K(963072K), 0.1252840 secs]
37.103: [GC 548557K->451557K(975872K), 0.2902530 secs]
0	518763.0	36459
8	804430.0	36459
6	874869.0	36459
5	290692.0	36459
4	387713.0	36459
8	241426.0	33986
10	473486.0	33986
0	603805.0	90795
1	690918.0	90795
6	990979.0	93568
37.710: [GC 651888K->442830K(890880K), 0.1414710 secs]
38.026: [GC 553811K->463739K(933376K), 0.0129510 secs]
38.455: [GC 581153K->480098K(944128K), 0.1346320 secs]
39.231: [GC 614754K->462814K(939008K), 0.0127750 secs]
39.380: [GC 591090K->483957K(952320K), 0.0151260 secs]
39.893: [GC 633973K->483556K(946176K), 0.0260370 secs]
40.339: [GC 624918K->493720K(958464K), 0.0169270 secs]
40.696: [GC 656550K->522979K(954368K), 0.0648910 secs]
41.360: [GC 686613K->493895K(965120K), 0.0088240 secs]
41.657: [GC 673607K->530109K(963072K), 0.0512240 secs]
42.356: [GC 706806K->504359K(968192K), 0.0188530 secs]
42.690: [GC 690215K->541987K(966144K), 0.0550770 secs]
43.113: [GC 727843K->576729K(943104K), 0.1092390 secs]
43.534: [GC 731064K->689873K(955392K), 0.3653670 secs]
44.170: [GC 850333K->770905K(910336K), 0.3768080 secs]
44.547: [Full GC 770905K->283227K(910336K), 1.7768180 secs]
848-318-569	1.9846154
126-909-376	1.9503918
333-295-713	3.6032045
413-309-229	1.8422606
273-367-546	1.183543
569-992-722	1.8844285
536-737-759	1.2855223
716-948-952	2.2753217
636-110-774	3.994139
534-439-883	3.1279693
46.527: [GC 394099K->294803K(932864K), 0.0075110 secs]
46.686: [GC 412051K->284130K(932864K), 0.0042560 secs]
46.820: [GC 398434K->315454K(932864K), 0.0108600 secs]
47.239: [GC 432702K->322832K(932864K), 0.0548370 secs]
47.824: [GC 435785K->304508K(932864K), 0.0048400 secs]
47.914: [GC 421756K->325805K(932864K), 0.0138320 secs]
48.194: [GC 433089K->353716K(932864K), 0.0803620 secs]
48.808: [GC 470964K->325384K(941568K), 0.0063090 secs]
48.964: [GC 457480K->346521K(939008K), 0.0090180 secs]
49.384: [GC 478617K->346120K(950784K), 0.0081760 secs]
49.889: [GC 494960K->346012K(948224K), 0.0055840 secs]
50.143: [GC 496540K->379874K(956928K), 0.0748680 secs]
50.888: [GC 542178K->366880K(953856K), 0.0174720 secs]
51.079: [GC 529184K->392888K(964608K), 0.0210900 secs]
51.527: [GC 568504K->396438K(959488K), 0.0229160 secs]
51.940: [GC 572054K->525469K(897536K), 0.3145400 secs]
52.517: [GC 642717K->611309K(932864K), 0.3662170 secs]
53.000: [GC 724069K->623745K(932864K), 0.1716180 secs]
53.172: [Full GC 623745K->19820K(932864K), 0.1283200 secs]
848-318-569	1.9846154
126-909-376	1.9503918
333-295-713	3.6032045
413-309-229	1.8422606
273-367-546	1.183543
569-992-722	1.8844285
536-737-759	1.2855223
716-948-952	2.2753217
636-110-774	3.994139
534-439-883	3.1279693
53.510: [GC 137068K->31332K(932864K), 0.0057460 secs]
53.658: [GC 139506K->30992K(932864K), 0.0064970 secs]
53.808: [GC 148240K->56694K(932864K), 0.0195330 secs]
54.271: [GC 173942K->51287K(936448K), 0.0096010 secs]
54.653: [GC 162885K->61443K(933376K), 0.0053810 secs]
54.786: [GC 182787K->75902K(949248K), 0.0155200 secs]
55.360: [GC 218238K->72047K(941568K), 0.0075040 secs]
55.724: [GC 205790K->93184K(958976K), 0.0122330 secs]
56.041: [GC 256000K->110978K(952320K), 0.0543110 secs]
56.691: [GC 272675K->92670K(966656K), 0.0038090 secs]
57.034: [GC 266325K->132176K(964608K), 0.0553120 secs]
57.695: [GC 305555K->113406K(969728K), 0.0071590 secs]
58.042: [GC 297892K->142618K(966144K), 0.0544410 secs]
58.448: [GC 330010K->181936K(939520K), 0.1252910 secs]
59.000: [GC 342192K->298463K(954368K), 0.3446560 secs]
59.585: [GC 455958K->359563K(911360K), 0.2766210 secs]
848-318-569	1.9846154
126-909-376	1.9503918
333-295-713	3.6032045
413-309-229	1.8422606
273-367-546	1.183543
569-992-722	1.8844285
536-737-759	1.2855223
716-948-952	2.2753217
636-110-774	3.994139
534-439-883	3.1279693
60.073: [GC 474744K->360638K(932864K), 0.1137410 secs]
60.324: [GC 470555K->360303K(932864K), 0.0157420 secs]
60.443: [GC 467801K->391241K(932864K), 0.0171680 secs]
60.821: [GC 508489K->398795K(932864K), 0.0642330 secs]
61.408: [GC 511439K->380479K(932864K), 0.0153230 secs]
61.507: [GC 497727K->401780K(933888K), 0.0157980 secs]
61.786: [GC 509881K->429694K(932864K), 0.0638690 secs]
62.385: [GC 547966K->401330K(944640K), 0.0153360 secs]
62.547: [GC 532089K->422498K(942080K), 0.0157700 secs]
63.000: [GC 560738K->422057K(953344K), 0.0156700 secs]
63.486: [GC 575410K->432253K(951296K), 0.0292560 secs]
63.818: [GC 588413K->459783K(963584K), 0.0896950 secs]
64.537: [GC 630057K->432452K(958464K), 0.0328810 secs]
64.837: [GC 606020K->467165K(966656K), 0.0982740 secs]
65.300: [GC 650973K->494646K(945664K), 0.1799850 secs]
65.970: [GC 678454K->628206K(907776K), 0.3612300 secs]
66.504: [GC 741264K->698350K(932864K), 0.3209320 secs]
66.825: [Full GC 698350K->283264K(932864K), 1.5939270 secs]
848-318-569	1.9846154
126-909-376	1.9503918
333-295-713	3.6032045
413-309-229	1.8422606
273-367-546	1.183543
569-992-722	1.8844285
536-737-759	1.2855223
716-948-952	2.2753217
636-110-774	3.994139
534-439-883	3.1279693
68.638: [GC 392097K->285178K(932864K), 0.0043080 secs]
68.741: [GC 394587K->294074K(932864K), 0.0071920 secs]
68.905: [GC 406662K->315828K(932864K), 0.0121090 secs]
69.145: [GC 433076K->319460K(932864K), 0.0462180 secs]
69.669: [GC 436708K->304672K(932864K), 0.0034930 secs]
69.908: [GC 416852K->325809K(932864K), 0.0085250 secs]
70.114: [GC 443057K->337808K(939520K), 0.0400200 secs]
70.661: [GC 463248K->325428K(934400K), 0.0036800 secs]
70.909: [GC 448806K->356772K(948736K), 0.0179290 secs]
71.210: [GC 498231K->374532K(942592K), 0.0593490 secs]
71.871: [GC 516709K->356356K(958976K), 0.0065520 secs]
72.089: [GC 522244K->376575K(955392K), 0.0320310 secs]
72.802: [GC 542463K->366922K(965120K), 0.0083660 secs]
73.049: [GC 547146K->394587K(963584K), 0.0249070 secs]
73.495: [GC 574811K->404920K(969728K), 0.0456780 secs]
73.960: [GC 595896K->545551K(969728K), 0.3297430 secs]
74.613: [GC 728935K->623129K(896000K), 0.3105510 secs]
848-318-569	1.9846154
126-909-376	1.9503918
333-295-713	3.6032045
413-309-229	1.8422606
273-367-546	1.183543
569-992-722	1.8844285
536-737-759	1.2855223
716-948-952	2.2753217
636-110-774	3.994139
534-439-883	3.1279693
75.118: [GC 738761K->624941K(932864K), 0.1313900 secs]
75.250: [Full GC 624941K->20845K(932864K), 0.2023770 secs]
75.585: [GC 130340K->41977K(932864K), 0.0127280 secs]
75.696: [GC 149443K->72881K(932864K), 0.0146670 secs]
76.069: [GC 190129K->80466K(932864K), 0.0748720 secs]
76.673: [GC 193244K->62142K(932864K), 0.0034530 secs]
76.760: [GC 179390K->83410K(932864K), 0.0137620 secs]
77.030: [GC 191235K->111348K(932864K), 0.0680860 secs]
77.620: [GC 228596K->82984K(932864K), 0.0036510 secs]
77.761: [GC 192284K->104120K(932864K), 0.0125220 secs]
78.026: [GC 221128K->121052K(943616K), 0.0534970 secs]
78.645: [GC 253660K->103768K(937472K), 0.0029430 secs]
78.794: [GC 232922K->124937K(953344K), 0.0083720 secs]
79.295: [GC 275977K->124504K(946176K), 0.0079890 secs]
79.728: [GC 275544K->145036K(962560K), 0.0078790 secs]
80.071: [GC 307919K->174133K(955904K), 0.1095150 secs]
80.517: [GC 344117K->218484K(941056K), 0.1060810 secs]
80.932: [GC 370298K->330563K(953856K), 0.3160320 secs]
81.515: [GC 481869K->401363K(911872K), 0.3260140 secs]
848-318-569	1.9846154
126-909-376	1.9503918
333-295-713	3.6032045
413-309-229	1.8422606
273-367-546	1.183543
569-992-722	1.8844285
536-737-759	1.2855223
716-948-952	2.2753217
636-110-774	3.994139
534-439-883	3.1279693
82.025: [GC 512227K->402601K(932864K), 0.1244960 secs]
82.249: [GC 511249K->412005K(932864K), 0.0168670 secs]
82.415: [GC 523338K->433799K(932864K), 0.0283030 secs]
82.732: [GC 542982K->440730K(932864K), 0.0729710 secs]
83.307: [GC 557978K->422590K(932864K), 0.0165740 secs]
83.550: [GC 532302K->454006K(934912K), 0.0174570 secs]
83.796: [GC 573302K->458634K(932864K), 0.0549830 secs]
84.336: [GC 577930K->443342K(942592K), 0.0158030 secs]
84.579: [GC 573027K->464517K(940032K), 0.0160970 secs]
84.867: [GC 594529K->492493K(955904K), 0.0868020 secs]
85.550: [GC 646231K->464069K(949248K), 0.0268020 secs]
85.783: [GC 620741K->494817K(962048K), 0.0398520 secs]
86.577: [GC 666337K->484845K(957952K), 0.0161270 secs]
86.798: [GC 656365K->512446K(968704K), 0.0391770 secs]
87.268: [GC 696766K->525499K(964096K), 0.0559780 secs]
87.727: [GC 709819K->661243K(898048K), 0.3640720 secs]
88.440: [GC 771194K->740499K(932864K), 0.3302280 secs]
88.770: [Full GC 740499K->273918K(932864K), 1.5778570 secs]
90.433: [GC 391166K->284937K(932864K), 0.0067960 secs]
848-318-569	1.9846154
126-909-376	1.9503918
333-295-713	3.6032045
413-309-229	1.8422606
273-367-546	1.183543
569-992-722	1.8844285
536-737-759	1.2855223
716-948-952	2.2753217
636-110-774	3.994139
534-439-883	3.1279693
90.649: [GC 392299K->295822K(932864K), 0.0146050 secs]
90.797: [GC 403494K->295530K(932864K), 0.0099150 secs]
91.037: [GC 412778K->305987K(932864K), 0.0087980 secs]
91.407: [GC 415914K->305432K(932864K), 0.0062530 secs]
91.492: [GC 412777K->316429K(932864K), 0.0088180 secs]
91.961: [GC 433677K->315903K(943104K), 0.0082060 secs]
92.105: [GC 445499K->337139K(940032K), 0.0089330 secs]
92.539: [GC 471795K->336635K(952832K), 0.0083300 secs]
92.703: [GC 481221K->368127K(949760K), 0.0108690 secs]
93.196: [GC 519960K->367611K(961536K), 0.0169870 secs]
93.399: [GC 537595K->378599K(956928K), 0.0115040 secs]
93.640: [GC 547519K->378599K(973312K), 0.0146120 secs]
1.0000243	India
1.0000066	Malaysia
1.0000165	England
1.0000224	Italy
1.0000209	Afghanistan
1.0000087	Canada
1.0000134	Germany
1.000033	China
1.0000081	France
1.7685311	NULL
93.946: [GC 564598K->358618K(967680K), 0.0104910 secs]
94.222: [GC 551130K->379455K(979456K), 0.0157810 secs]
94.713: [GC 577907K->389191K(974848K), 0.0112880 secs]
95.240: [GC 585102K->378395K(984576K), 0.0100770 secs]
95.718: [GC 594971K->378983K(980480K), 0.0097330 secs]
96.068: [GC 595559K->379005K(992768K), 0.0155000 secs]
96.546: [GC 612477K->379047K(989184K), 0.0155590 secs]
96.891: [GC 610377K->368861K(997376K), 0.0078250 secs]
1.0000243	India
1.0000066	Malaysia
1.0000165	England
1.0000224	Italy
1.0000209	Afghanistan
1.0000087	Canada
1.0000134	Germany
1.000033	China
1.0000081	France
1.7685311	NULL
97.231: [GC 604202K->369717K(996352K), 0.0121230 secs]
97.808: [GC 607907K->358599K(998400K), 0.0064420 secs]
98.380: [GC 606370K->368967K(998912K), 0.0123740 secs]
98.944: [GC 616320K->379328K(1002496K), 0.0103990 secs]
99.466: [GC 634304K->379295K(1000960K), 0.0102530 secs]
99.864: [GC 633554K->379277K(1005056K), 0.0098340 secs]
1.0000243	India
1.0000066	Malaysia
1.0000165	England
1.0000224	Italy
1.0000209	Afghanistan
1.0000087	Canada
1.0000134	Germany
1.000033	China
1.0000081	France
1.7685311	NULL
100.169: [GC 632905K->369989K(1004032K), 0.0084820 secs]
100.606: [GC 630597K->380111K(1007104K), 0.0126660 secs]
101.171: [GC 645327K->379575K(1006592K), 0.0120700 secs]
101.739: [GC 644791K->379645K(1009152K), 0.0116100 secs]
102.311: [GC 648445K->379661K(1008128K), 0.0132000 secs]
102.899: [GC 648461K->379695K(1011200K), 0.0105490 secs]
1.0000243	India
1.0000066	Malaysia
1.0000165	England
1.0000224	Italy
1.0000209	Afghanistan
1.0000087	Canada
1.0000134	Germany
1.000033	China
1.0000081	France
1.7685311	NULL
103.238: [GC 648107K->370325K(1010176K), 0.0097040 secs]
103.654: [GC 643221K->380439K(1012224K), 0.0138990 secs]
104.279: [GC 655895K->379963K(1011712K), 0.0168330 secs]
104.889: [GC 655419K->379954K(1013760K), 0.0167750 secs]
105.510: [GC 657970K->380020K(1012736K), 0.0110350 secs]
106.057: [GC 654167K->390274K(1008128K), 0.0118150 secs]
1.0000243	India
1.0000066	Malaysia
1.0000165	England
1.0000224	Italy
1.0000209	Afghanistan
1.0000087	Canada
1.0000134	Germany
1.000033	China
1.0000081	France
1.7685311	NULL
106.362: [GC 654267K->360434K(975872K), 0.0078040 secs]
106.803: [GC 634354K->380788K(1010688K), 0.0147590 secs]
107.394: [GC 652660K->380252K(1009664K), 0.0109250 secs]
107.981: [GC 652124K->380300K(1012224K), 0.0108370 secs]
108.589: [GC 655244K->380340K(1011200K), 0.0131270 secs]
109.116: [GC 648340K->390626K(1008128K), 0.0116350 secs]
1.0000243	India
1.0000066	Malaysia
1.0000165	England
1.0000224	Italy
1.0000209	Afghanistan
1.0000087	Canada
1.0000134	Germany
1.000033	China
1.0000081	France
1.7685311	NULL
109.439: [GC 654834K->360754K(974848K), 0.0059460 secs]
109.705: [GC 624688K->391412K(1003520K), 0.0119930 secs]
110.675: [GC 655092K->380692K(1006080K), 0.0105310 secs]
111.474: [GC 644372K->380289K(1009664K), 0.0104730 secs]
111.972: [GC 649089K->396676K(1006592K), 0.0426940 secs]
112.634: [GC 665476K->387224K(1003520K), 0.0433480 secs]
113.394: [GC 645582K->390960K(993792K), 0.0115960 secs]
113.907: [GC 652592K->410692K(987648K), 0.0651950 secs]
114.939: [GC 644413K->582788K(995840K), 0.3811690 secs]
8	1096447.0
5	1096672.0
6	1095966.0
3	1095741.0
10	1097347.0
10	1097122.0
5	1096897.0
0	1095516.0
7	1095291.0
0	1043246.0
115.621: [GC 823249K->543646K(869888K), 0.0208940 secs]
115.771: [GC 650881K->542804K(932864K), 0.0103160 secs]
116.120: [GC 660052K->553507K(937472K), 0.0144020 secs]
116.286: [GC 673252K->553248K(932864K), 0.0129450 secs]
116.669: [GC 672867K->532069K(943104K), 0.0075460 secs]
116.763: [GC 660601K->563586K(942080K), 0.0141530 secs]
117.177: [GC 691156K->563558K(956928K), 0.0141690 secs]
117.578: [GC 715468K->532163K(950272K), 0.0077640 secs]
117.838: [GC 688575K->553349K(961536K), 0.0160310 secs]
117.965: [GC 715754K->553412K(956928K), 0.0092870 secs]
8	373593.0
8	348490.0
3	543113.0
9	1009765.0
1	547406.0
3	516004.0
3	1159.0
7	952300.0
2	345619.0
6	686498.0
118.252: [GC 722399K->543620K(968704K), 0.0091950 secs]
118.439: [GC 721247K->564492K(966144K), 0.0214500 secs]
119.186: [GC 747916K->553184K(975872K), 0.0097710 secs]
119.511: [GC 752352K->564652K(971776K), 0.0332260 secs]
120.087: [GC 760281K->564068K(980992K), 0.0124210 secs]
120.700: [GC 775012K->553404K(978432K), 0.0162420 secs]
121.069: [GC 764348K->559002K(987648K), 0.0202140 secs]
121.749: [GC 781792K->564100K(984064K), 0.0118590 secs]
122.159: [GC 786303K->542904K(989696K), 0.0074780 secs]
122.935: [GC 773074K->714456K(989184K), 0.3327170 secs]
123.268: [Full GC 714456K->202797K(989184K), 1.0935620 secs]
0	1083762.0
7	1083987.0
7	1084437.0
1	1085368.0
5	1085593.0
4	1037947.0
6	1038172.0
8	1037369.0
4	1037594.0
3	1008794.0
124.597: [GC 432341K->215015K(885760K), 0.0065320 secs]
124.708: [GC 337159K->213645K(937472K), 0.0098440 secs]
124.859: [GC 335069K->245649K(944640K), 0.0229150 secs]
125.273: [GC 381841K->252973K(940032K), 0.0749890 secs]
125.691: [GC 380702K->213677K(948224K), 0.0114930 secs]
125.905: [GC 359597K->241209K(946176K), 0.0455630 secs]
126.482: [GC 382428K->224077K(956928K), 0.0144710 secs]
126.605: [GC 385869K->235441K(953344K), 0.0144140 secs]
127.244: [GC 397233K->234503K(964096K), 0.0082690 secs]
127.428: [GC 410631K->238021K(960512K), 0.0139450 secs]
128.036: [GC 412183K->224195K(969728K), 0.0065070 secs]
128.353: [GC 413635K->246489K(968192K), 0.0320270 secs]
128.714: [GC 435929K->297396K(942592K), 0.1256140 secs]
129.184: [GC 462580K->234583K(957952K), 0.0135080 secs]
1083762.0	46680
1037947.0	21992
1037369.0	75922
1008794.0	13614
980572.0	10147
980347.0	93684
979994.0	15101
979769.0	47417
831801.0	06355
832604.0	89810
129.430: [GC 402007K->235288K(958976K), 0.0136140 secs]
129.618: [GC 394293K->256165K(957952K), 0.0112840 secs]
130.142: [GC 424613K->276559K(968704K), 0.0571550 secs]
130.429: [GC 456263K->286664K(963584K), 0.0178910 secs]
131.075: [GC 463633K->275867K(974336K), 0.0116720 secs]
131.408: [GC 474011K->298012K(972288K), 0.0514890 secs]
131.905: [GC 488880K->297153K(979456K), 0.0142840 secs]
132.471: [GC 504513K->307361K(976384K), 0.0530540 secs]
132.827: [GC 514721K->312819K(986624K), 0.0305890 secs]
133.351: [GC 533491K->377264K(982528K), 0.2105860 secs]
1083762.0	46680
1037947.0	21992
1037369.0	75922
1008794.0	13614
980572.0	10147
980347.0	93684
979994.0	15101
831801.0	06355
832604.0	89810
889401.0	91961
133.967: [GC 589790K->320706K(950784K), 0.0399580 secs]
134.194: [GC 502077K->319907K(966656K), 0.0161070 secs]
134.703: [GC 498307K->330333K(969728K), 0.0077370 secs]
135.144: [GC 518237K->355737K(966656K), 0.0426020 secs]
135.356: [GC 535844K->361335K(977408K), 0.0112580 secs]
135.849: [GC 559985K->361493K(974848K), 0.0121260 secs]
136.342: [GC 558258K->361588K(982528K), 0.0114660 secs]
136.667: [GC 571373K->373322K(979968K), 0.0999730 secs]
626924.0	91378
717292.0	24087
655724.0	42270
598124.0	23932
746317.0	91602
746092.0	88736
134353.0	00708
192945.0	82019
141553.0	92044
402728.0	15630
137.070: [GC 577722K->342255K(981504K), 0.0115400 secs]
137.294: [GC 549407K->362627K(980480K), 0.0127030 secs]
137.946: [GC 576131K->351444K(982528K), 0.0148670 secs]
138.296: [GC 569044K->375157K(983040K), 0.0138170 secs]
139.088: [GC 592526K->361840K(985600K), 0.0073080 secs]
139.410: [GC 585584K->397820K(959488K), 0.0407870 secs]
140.044: [GC 615915K->372226K(987136K), 0.0130420 secs]
140.489: [GC 595970K->404664K(985088K), 0.0687810 secs]
141.075: [GC 623104K->403818K(988160K), 0.0199930 secs]
141.524: [GC 623643K->372536K(987136K), 0.0109330 secs]
142.289: [GC 599352K->545008K(883200K), 0.3589170 secs]
142.868: [GC 658853K->512284K(935424K), 0.0671790 secs]
867056.0	82458
866478.0	69133
866703.0	65843
895278.0	37791
895503.0	90148
895856.0	69124
896081.0	59346
924078.0	63684
924303.0	88807
924656.0	19410
143.115: [GC 628029K->512982K(943616K), 0.0262710 secs]
143.286: [GC 647793K->512680K(940032K), 0.0122320 secs]
143.440: [GC 647848K->524066K(952832K), 0.0233210 secs]
143.948: [GC 675618K->523144K(947200K), 0.0168260 secs]
144.407: [GC 673652K->543019K(962560K), 0.0351920 secs]
144.599: [GC 709606K->544012K(957952K), 0.0123230 secs]
145.104: [GC 716044K->543673K(971776K), 0.0140190 secs]
145.650: [GC 726520K->533819K(967680K), 0.0143240 secs]
145.940: [GC 717372K->559240K(976896K), 0.0385240 secs]
146.219: [GC 759944K->599407K(966144K), 0.1169210 secs]
141553.0	92044
134353.0	00708
185745.0	03102
192945.0	82019
171345.0	65102
460112.0	13541
519985.0	05616
505585.0	94276
544707.0	82049
544129.0	77149
146.594: [GC 792844K->535139K(967168K), 0.0084090 secs]
146.807: [GC 717611K->555766K(966144K), 0.0118820 secs]
147.264: [GC 740598K->576110K(976384K), 0.0915900 secs]
147.904: [GC 772268K->575886K(972288K), 0.0140170 secs]
148.262: [GC 776078K->596847K(984576K), 0.1071980 secs]
148.983: [GC 813423K->596257K(980480K), 0.0187150 secs]
149.419: [GC 812833K->617966K(991232K), 0.1004560 secs]
150.126: [GC 842220K->627622K(988160K), 0.0240760 secs]
150.666: [GC 858534K->616993K(989696K), 0.0135010 secs]
151.200: [GC 845220K->638160K(990720K), 0.0153810 secs]
151.684: [GC 868415K->617123K(993280K), 0.0081170 secs]
152.497: [GC-- 856227K->938619K(993280K), 0.7184770 secs]
153.215: [Full GC 938619K->204340K(993280K), 1.1256230 secs]
1043824.0	01785
1043471.0	72910
1014671.0	98173
1014446.0	65354
1015249.0	68639
1015024.0	90025
1096447.0	00180
1096672.0	15274
1095966.0	77628
1095741.0	00549
154.874: [GC 441885K->261782K(993792K), 0.1362860 secs]
155.252: [GC 496040K->283935K(975360K), 0.0978140 secs]
155.924: [GC 495158K->252112K(984576K), 0.0113850 secs]
156.490: [GC 472784K->288301K(982528K), 0.0435410 secs]
156.950: [GC 506925K->293736K(983552K), 0.0651780 secs]
157.343: [GC 511937K->294094K(986112K), 0.0165060 secs]
157.955: [GC 515583K->283948K(984576K), 0.0202690 secs]
158.340: [GC 506156K->305444K(983040K), 0.0946950 secs]
192945.0	82019
185745.0	03102
134353.0	00708
171345.0	65102
141553.0	92044
460112.0	13541
519696.0	02950
519985.0	05616
543679.0	10767
544707.0	82049
