/home/ec2-user/blinkdb
-i /home/ec2-user/eecs584/workloadGen/querySet/querySet0/frame_2/workload_stats_dqcs.queries
Starting the Shark Command Line Client
/home/ec2-user/blinkdb/target/scala-2.9.3/classes
/home/ec2-user/blinkdb/target/scala-2.9.3/shark_2.9.3-0.8.0-SNAPSHOT.jar
4.186: [GC 262656K->21537K(1005568K), 0.0506250 secs]
5.610: [GC 149685K->16960K(1005568K), 0.0325560 secs]
5.643: [Full GC 16960K->16206K(1005568K), 0.1863200 secs]
5.846: [GC 24957K->16277K(1005568K), 0.0023070 secs]
5.848: [Full GC 16277K->9145K(1005568K), 0.1228140 secs]
9.882: [GC 271801K->29350K(1005568K), 0.0289270 secs]
10.421: [GC 292006K->17036K(1005568K), 0.0228090 secs]
12.479: [GC 279692K->40176K(1005568K), 0.0340190 secs]
13.473: [GC 302832K->39274K(1005568K), 0.0352680 secs]
14.376: [GC 301930K->39053K(1004032K), 0.0224850 secs]
15.246: [GC 302733K->38982K(1006080K), 0.0177540 secs]
16.056: [GC 297654K->28562K(1007616K), 0.0097900 secs]
16.907: [GC 294802K->177729K(1007104K), 0.3635960 secs]
18.265: [GC 443969K->246305K(862720K), 0.2619160 secs]
18.894: [GC 364252K->228743K(934912K), 0.0937530 secs]
19.117: [GC 347256K->249921K(943616K), 0.0127640 secs]
1058728
19.532: [GC 378357K->219980K(936960K), 0.0085950 secs]
19.671: [GC 349128K->229296K(947200K), 0.0139640 secs]
19.896: [GC 372144K->240359K(944128K), 0.0121800 secs]
20.572: [GC 383207K->261845K(957952K), 0.0710470 secs]
21.233: [GC 414209K->261118K(952832K), 0.0103200 secs]
21.942: [GC 423422K->260716K(963584K), 0.0212190 secs]
22.269: [GC 438380K->299540K(962560K), 0.0494050 secs]
22.897: [GC 472408K->292210K(968704K), 0.0216530 secs]
23.639: [GC 472782K->271213K(964608K), 0.0310480 secs]
23.978: [GC 452255K->313784K(967168K), 0.1050080 secs]
24.461: [GC 501688K->353203K(968192K), 0.1297270 secs]
25.057: [GC 541107K->495297K(897536K), 0.4562620 secs]
25.637: [GC 612545K->508585K(932864K), 0.2971340 secs]
26.406: [GC 625833K->508657K(932864K), 0.0545950 secs]
26.704: [GC 616298K->518969K(932864K), 0.0172050 secs]
26.855: [GC 626464K->519749K(932864K), 0.0215820 secs]
1107336
27.111: [GC 634875K->510096K(932864K), 0.0259670 secs]
27.245: [GC 627344K->509290K(932864K), 0.0177650 secs]
27.433: [GC 620005K->509820K(932864K), 0.0175120 secs]
27.566: [GC 617054K->540750K(932864K), 0.0234870 secs]
28.153: [GC 657998K->530122K(932864K), 0.0329610 secs]
28.413: [GC 643939K->551266K(943104K), 0.0355120 secs]
28.869: [GC 680802K->550862K(934912K), 0.0426870 secs]
29.273: [GC 672482K->582287K(951296K), 0.0356940 secs]
29.821: [GC 732303K->571604K(947200K), 0.0344170 secs]
30.179: [GC 718661K->592772K(962048K), 0.0231560 secs]
30.924: [GC 759947K->581990K(954880K), 0.0377770 secs]
31.248: [GC 742421K->624675K(960000K), 0.0655650 secs]
31.664: [GC 801315K->656324K(950784K), 0.1171260 secs]
32.246: [GC 832964K->782227K(914944K), 0.4361910 secs]
32.682: [Full GC 782227K->217677K(914944K), 1.3548050 secs]
34.181: [GC 334925K->255693K(932864K), 0.1074220 secs]
34.676: [GC 372941K->255829K(932864K), 0.0987010 secs]
35.097: [GC 366300K->266109K(932864K), 0.0145860 secs]
35.227: [GC 373140K->277074K(932864K), 0.0259950 secs]
1107687
35.504: [GC 388226K->257220K(932864K), 0.0358670 secs]
35.652: [GC 374468K->256370K(932864K), 0.0150600 secs]
35.773: [GC 364955K->266634K(932864K), 0.0157990 secs]
35.959: [GC 378150K->288422K(940032K), 0.0304060 secs]
36.532: [GC 413350K->292329K(933376K), 0.0910410 secs]
37.084: [GC 413008K->277125K(949760K), 0.0146470 secs]
37.362: [GC 424581K->310806K(946176K), 0.0497650 secs]
37.997: [GC 451959K->287625K(956416K), 0.0196030 secs]
38.251: [GC 448905K->319492K(953344K), 0.0869360 secs]
38.900: [GC 478208K->298015K(964096K), 0.0223580 secs]
39.216: [GC 468361K->324116K(959488K), 0.1105790 secs]
39.853: [GC 499220K->308663K(970752K), 0.0229220 secs]
40.327: [GC 487678K->298772K(965120K), 0.0273850 secs]
40.667: [GC 486164K->407460K(918016K), 0.1920900 secs]
41.180: [GC 549284K->507436K(945152K), 0.3275800 secs]
41.769: [GC 649260K->527068K(920576K), 0.2549620 secs]
42.386: [GC 644316K->527148K(932864K), 0.0522360 secs]
42.570: [GC 637435K->547796K(932864K), 0.0280910 secs]
42.686: [GC 665044K->538024K(932864K), 0.0255070 secs]
1107756
42.949: [GC 645498K->538709K(932864K), 0.0296110 secs]
43.090: [GC 646977K->527606K(932864K), 0.0161080 secs]
43.245: [GC 644481K->538415K(936448K), 0.0162440 secs]
43.460: [GC 659247K->557448K(932864K), 0.0430670 secs]
44.038: [GC 678280K->548457K(947712K), 0.0160450 secs]
44.231: [GC 691152K->579841K(944128K), 0.0401850 secs]
44.801: [GC 723201K->569201K(955392K), 0.0162220 secs]
45.109: [GC 725937K->590352K(952320K), 0.0162270 secs]
45.683: [GC 749584K->589952K(965632K), 0.0193060 secs]
46.053: [GC 769664K->613017K(962560K), 0.0238170 secs]
46.821: [GC 787425K->610568K(974848K), 0.0162970 secs]
47.129: [GC 800780K->636669K(970240K), 0.0556970 secs]
47.528: [GC 833277K->685978K(935936K), 0.1408500 secs]
48.083: [GC-- 847258K->935897K(935936K), 0.4865740 secs]
48.570: [Full GC 935897K->216514K(935936K), 1.1950620 secs]
50.107: [GC 377794K->246722K(954880K), 0.1448410 secs]
50.689: [GC 398146K->257090K(963584K), 0.0569100 secs]
50.889: [GC 426442K->247518K(960512K), 0.0187280 secs]
1107756
