/home/ec2-user/blinkdb
-i /home/ec2-user/eecs584/workloadGen/querySet/querySet0/frame_2/workload_stats_sparsity.queries
Starting the Shark Command Line Client
/home/ec2-user/blinkdb/target/scala-2.9.3/classes
/home/ec2-user/blinkdb/target/scala-2.9.3/shark_2.9.3-0.8.0-SNAPSHOT.jar
4.427: [GC 262656K->21587K(1005568K), 0.0455400 secs]
5.779: [GC 149722K->17030K(1005568K), 0.0328140 secs]
5.812: [Full GC 17030K->16215K(1005568K), 0.1873720 secs]
6.020: [GC 24966K->16318K(1005568K), 0.0021720 secs]
6.022: [Full GC 16318K->9150K(1005568K), 0.0919250 secs]
9.985: [GC 264777K->39472K(1005568K), 0.0366420 secs]
10.483: [GC 291942K->16542K(1005568K), 0.0156890 secs]
12.108: [GC 279198K->62088K(1005568K), 0.0885260 secs]
13.627: [GC 324744K->50793K(994304K), 0.0319320 secs]
14.738: [GC 304517K->48524K(994304K), 0.0267500 secs]
15.675: [GC 285817K->47871K(994304K), 0.0295130 secs]
16.469: [GC 287999K->48542K(999936K), 0.0179320 secs]
17.036: [GC 289065K->81512K(997376K), 0.0739900 secs]
18.004: [GC 330344K->158722K(916480K), 0.2608210 secs]
18.649: [GC 324098K->278762K(956928K), 0.4018790 secs]
19.621: [GC 444138K->287714K(908800K), 0.2469030 secs]
20.323: [GC 404962K->287738K(932864K), 0.0521060 secs]
20.822: [GC 404986K->287746K(932864K), 0.0164820 secs]
21.019: [GC 402835K->308418K(932864K), 0.0250000 secs]
21.175: [GC 416940K->309231K(932864K), 0.0391430 secs]
1058728
21.590: [GC 418669K->299632K(932864K), 0.0321770 secs]
21.854: [GC 407420K->309034K(937472K), 0.0237810 secs]
22.055: [GC 430890K->299436K(932864K), 0.0173670 secs]
22.307: [GC 421292K->320691K(948736K), 0.0338290 secs]
23.101: [GC 462003K->319746K(941056K), 0.0323360 secs]
23.403: [GC 457974K->340890K(959488K), 0.0174130 secs]
24.109: [GC 504218K->340490K(952320K), 0.0307960 secs]
24.406: [GC 503818K->363521K(967680K), 0.0186730 secs]
25.210: [GC 544550K->350860K(962560K), 0.0175610 secs]
25.539: [GC 526261K->396620K(962048K), 0.0927850 secs]
26.280: [GC 576982K->372197K(966144K), 0.0179810 secs]
26.760: [GC 551131K->371672K(975872K), 0.0247560 secs]
27.192: [GC 571352K->489496K(972288K), 0.2685300 secs]
27.883: [GC 684656K->635208K(893440K), 0.4864280 secs]
28.529: [GC 752456K->625352K(932864K), 0.2491970 secs]
28.778: [Full GC 625352K->280203K(932864K), 1.7212870 secs]
30.934: [GC 397451K->280267K(932864K), 0.0034390 secs]
31.370: [GC 397515K->280275K(932864K), 0.0034260 secs]
31.610: [GC 389883K->290547K(932864K), 0.0062730 secs]
31.745: [GC 398300K->291326K(932864K), 0.0082910 secs]
1107336
32.041: [GC 407751K->281672K(932864K), 0.0066120 secs]
32.172: [GC 390822K->291118K(932864K), 0.0095120 secs]
32.312: [GC 401249K->280902K(932864K), 0.0034800 secs]
32.512: [GC 392306K->302666K(932864K), 0.0089000 secs]
32.754: [GC 413376K->336394K(941056K), 0.0655810 secs]
33.429: [GC 464114K->311906K(936448K), 0.0094960 secs]
33.607: [GC 440930K->332450K(952320K), 0.0551550 secs]
34.403: [GC 476463K->312146K(947200K), 0.0066640 secs]
34.559: [GC 463186K->338637K(960512K), 0.0194920 secs]
35.350: [GC 500709K->332816K(955392K), 0.0079910 secs]
35.587: [GC 500240K->360968K(965120K), 0.0546750 secs]
36.308: [GC 536883K->332966K(965120K), 0.0119600 secs]
36.798: [GC 514726K->344047K(973312K), 0.0093520 secs]
37.211: [GC 538095K->445752K(969216K), 0.1957260 secs]
37.863: [GC 639800K->589464K(896512K), 0.3933800 secs]
38.337: [GC 698047K->607720K(932864K), 0.1784980 secs]
38.914: [GC 724968K->597512K(932864K), 0.0224520 secs]
38.937: [Full GC 597512K->281459K(932864K), 1.6433210 secs]
41.024: [GC 398707K->281523K(932864K), 0.0035210 secs]
41.371: [GC 392653K->281531K(932864K), 0.0034300 secs]
41.477: [GC 398779K->302855K(932864K), 0.0085410 secs]
1107687
41.715: [GC 416624K->282973K(932864K), 0.0060490 secs]
41.852: [GC 393628K->292377K(932864K), 0.0100230 secs]
41.976: [GC 402938K->282161K(932864K), 0.0033780 secs]
42.192: [GC 394767K->303949K(932864K), 0.0086560 secs]
42.547: [GC 421197K->315401K(943104K), 0.0395370 secs]
43.254: [GC 448009K->302989K(937984K), 0.0116480 secs]
43.493: [GC 433768K->313653K(955392K), 0.0177890 secs]
43.986: [GC 471349K->303021K(950784K), 0.0084450 secs]
44.496: [GC 460717K->303845K(967168K), 0.0143720 secs]
44.932: [GC 484069K->321261K(961536K), 0.0544070 secs]
45.553: [GC 500915K->313707K(970752K), 0.0111930 secs]
46.094: [GC 503659K->303021K(967680K), 0.0147410 secs]
46.593: [GC 485000K->313749K(977920K), 0.0124980 secs]
47.083: [GC 514457K->282281K(975360K), 0.0054360 secs]
47.474: [GC 487081K->438441K(888832K), 0.2786100 secs]
48.011: [GC 556713K->524238K(933376K), 0.3967780 secs]
48.495: [GC 639642K->547822K(932352K), 0.1889210 secs]
49.140: [GC 665070K->537606K(932864K), 0.1226870 secs]
49.651: [GC 654854K->537598K(932864K), 0.1294000 secs]
50.074: [GC 647934K->448550K(932864K), 0.0372110 secs]
50.216: [GC 565798K->459467K(932864K), 0.0247430 secs]
1107756
50.497: [GC 571129K->439526K(932864K), 0.0385850 secs]
50.670: [GC 550007K->448958K(932864K), 0.0160030 secs]
50.791: [GC 559658K->438719K(932864K), 0.0086720 secs]
50.976: [GC 550324K->460473K(932864K), 0.0173440 secs]
51.171: [GC 577721K->471938K(932864K), 0.0789070 secs]
51.746: [GC 589186K->459518K(932864K), 0.0072660 secs]
52.031: [GC 573923K->480662K(932864K), 0.0158850 secs]
52.221: [GC 597910K->492658K(932864K), 0.0792790 secs]
52.788: [GC 609906K->480302K(932864K), 0.0074980 secs]
53.075: [GC 594189K->501442K(932864K), 0.0186280 secs]
53.268: [GC 618690K->513344K(932864K), 0.0768470 secs]
53.850: [GC 630592K->501060K(942592K), 0.0077520 secs]
54.147: [GC 626226K->532412K(938496K), 0.0259060 secs]
54.421: [GC 663277K->539920K(954368K), 0.0749490 secs]
55.154: [GC 684951K->531992K(947712K), 0.0103930 secs]
55.337: [GC 685592K->549203K(964096K), 0.0242200 secs]
55.769: [GC 723795K->552362K(958976K), 0.0263300 secs]
56.175: [GC 726954K->680786K(898560K), 0.5612080 secs]
57.062: [GC 798034K->766234K(932864K), 0.6131780 secs]
57.676: [Full GC 766234K->261793K(932864K), 1.7358860 secs]
59.496: [GC 375472K->283073K(932864K), 0.0326290 secs]
60.027: [GC 400321K->272913K(932864K), 0.0390990 secs]
60.449: [GC 390161K->272961K(932864K), 0.0055930 secs]
60.754: [GC 383525K->272961K(932864K), 0.0043600 secs]
60.855: [GC 390209K->294172K(935424K), 0.0085370 secs]
1107756
