/home/ec2-user/blinkdb
-i /home/ec2-user/eecs584/workloadGen/querySet/querySet2/frame_1/workload.queries
Starting the Shark Command Line Client
/home/ec2-user/blinkdb/target/scala-2.9.3/classes
/home/ec2-user/blinkdb/target/scala-2.9.3/shark_2.9.3-0.8.0-SNAPSHOT.jar
4.387: [GC 262656K->21571K(1005568K), 0.0600730 secs]
5.792: [GC 149782K->16947K(1005568K), 0.0338000 secs]
5.826: [Full GC 16947K->16213K(1005568K), 0.1876040 secs]
6.029: [GC 24964K->16284K(1005568K), 0.0022600 secs]
6.031: [Full GC 16284K->9158K(1005568K), 0.1400600 secs]
10.085: [GC 271814K->29497K(1005568K), 0.0324920 secs]
10.969: [GC 285016K->50615K(1005568K), 0.0396120 secs]
12.566: [GC 313271K->39152K(1005568K), 0.0287820 secs]
13.262: [GC 299194K->38861K(991744K), 0.0287530 secs]
13.874: [GC 298361K->39433K(1000448K), 0.0344740 secs]
14.383: [GC 291953K->19009K(956416K), 0.0171220 secs]
0	Pune
0	San Francisco
0	Cambridge
0	Ann Arbor
0	Banagalore
0	Surat
0	Houston
0	San Jose
NULL	NULL
0	Palo Alto
14.939: [GC 272449K->40549K(1001984K), 0.0164520 secs]
15.846: [GC 293264K->40098K(999936K), 0.0153710 secs]
16.762: [GC 291776K->39643K(1006592K), 0.0096960 secs]
17.293: [GC 298019K->19065K(1004544K), 0.0043590 secs]
17.709: [GC 275018K->40311K(1006592K), 0.0088400 secs]
0	Pune
0	San Francisco
0	Cambridge
0	Ann Arbor
0	Banagalore
0	Surat
0	Houston
0	San Jose
NULL	NULL
0	Palo Alto
18.361: [GC 302494K->30706K(1005056K), 0.0072050 secs]
18.951: [GC 288628K->51063K(1002496K), 0.0236560 secs]
19.595: [GC 312695K->40420K(1005056K), 0.0080880 secs]
20.394: [GC 293163K->40555K(1008640K), 0.0075320 secs]
20.756: [GC 302700K->50818K(998400K), 0.0108670 secs]
0	Pune
0	San Francisco
0	Cambridge
0	Ann Arbor
0	Banagalore
0	Surat
0	Houston
0	San Jose
NULL	NULL
0	Palo Alto
21.282: [GC 318082K->21856K(1004544K), 0.0040050 secs]
21.876: [GC 283140K->51959K(994304K), 0.0143220 secs]
22.539: [GC 314615K->41290K(1005568K), 0.0147840 secs]
23.289: [GC 300692K->20786K(1003008K), 0.0031960 secs]
23.666: [GC 272407K->51608K(1000448K), 0.0160000 secs]
0	Pune
0	San Francisco
0	Cambridge
0	Ann Arbor
0	Banagalore
0	Surat
0	Houston
0	San Jose
NULL	NULL
0	Palo Alto
24.169: [GC 308120K->22009K(957952K), 0.0036120 secs]
24.779: [GC 278521K->42763K(1003008K), 0.0133580 secs]
25.322: [GC 297607K->52624K(988160K), 0.0104910 secs]
26.170: [GC 304154K->52460K(997888K), 0.0113870 secs]
26.513: [GC 302828K->42209K(999424K), 0.0120640 secs]
0	Pune
0	San Francisco
0	Cambridge
0	Ann Arbor
0	Banagalore
0	Surat
0	Houston
0	San Jose
NULL	NULL
0	Palo Alto
26.922: [GC 284715K->22911K(1000448K), 0.0051050 secs]
27.505: [GC 269983K->43208K(1001472K), 0.0137770 secs]
28.046: [GC 297672K->43345K(1005056K), 0.0082790 secs]
28.579: [GC 294390K->53348K(991232K), 0.0101380 secs]
29.313: [GC 307671K->43083K(1005568K), 0.0082500 secs]
0	Pune
0	San Francisco
0	Cambridge
0	Ann Arbor
0	Banagalore
0	Surat
0	Houston
0	San Jose
NULL	NULL
0	Palo Alto
29.739: [GC 296929K->24054K(1003008K), 0.0067090 secs]
30.062: [GC 278851K->44380K(1006080K), 0.0148170 secs]
31.566: [GC 306524K->43406K(1004544K), 0.0196540 secs]
32.120: [GC 305550K->69575K(1004032K), 0.0202480 secs]
33.053: [GC 330183K->64147K(960512K), 0.0179390 secs]
33.499: [GC 324755K->99620K(995840K), 0.0431100 secs]
34.347: [GC 350726K->64205K(951296K), 0.0043840 secs]
34.788: [GC 315597K->105320K(988160K), 0.0825770 secs]
35.580: [GC 336267K->74625K(993792K), 0.0056790 secs]
36.000: [GC 313729K->105270K(986624K), 0.0560960 secs]
36.637: [GC 335576K->168069K(991232K), 0.1943290 secs]
37.291: [GC 401226K->129145K(941056K), 0.0485840 secs]
2.8084114	6.4096246	Hannah
1.7839353	6.1648974	Jill
1.9342978	4.850815	Jack
2.7168667	6.3587403	Matthew
3.2213278	6.200537	Jack
2.1052983	5.0767264	Dylan
3.9927583	6.1876135	Brad
3.280204	4.3995914	John
3.6498208	4.874176	Larry
3.4226754	4.1538734	Matthew
37.606: [GC 306526K->140068K(966144K), 0.0344880 secs]
37.872: [GC 322690K->161011K(971776K), 0.0191480 secs]
38.423: [GC 353523K->150327K(969216K), 0.0140160 secs]
38.892: [GC 342839K->149943K(979968K), 0.0116290 secs]
39.415: [GC 353200K->129895K(976384K), 0.0040180 secs]
39.917: [GC 334747K->130024K(981504K), 0.0040600 secs]
40.222: [GC 341808K->140296K(980480K), 0.0112790 secs]
3.8527405	5.7906117	Troy
2.7781756	4.7600794	Betty
3.3403265	4.8717065	Kyle
3.7066705	4.309422	Troy
2.7645245	4.8557677	Dylan
2.5073175	4.7997985	Matthew
2.731075	4.603023	James
1.1015364	4.686827	Shelly
1.904352	4.9909196	Summer
3.280204	4.3995914	John
40.560: [GC 345510K->131230K(986112K), 0.0042030 secs]
40.796: [GC 348200K->140679K(984576K), 0.0068870 secs]
41.371: [GC 356265K->151079K(992768K), 0.0181880 secs]
41.897: [GC 384551K->171183K(989184K), 0.0317030 secs]
42.470: [GC 404655K->171139K(989184K), 0.0376480 secs]
42.919: [GC 403075K->167367K(990208K), 0.0225950 secs]
43.407: [GC 399303K->163493K(993792K), 0.0168120 secs]
43.812: [GC 397444K->215377K(991232K), 0.1031020 secs]
2.7781756	4.7600794	Betty
2.8084114	6.4096246	Hannah
3.7066705	4.309422	Troy
1.7839353	6.1648974	Jill
1.8086382	5.38395	Hannah
2.7168667	6.3587403	Matthew
1.9435011	5.324216	Jack
3.2213278	6.200537	Jack
2.5073175	4.7997985	Matthew
2.731075	4.603023	James
44.247: [GC 441919K->161539K(964608K), 0.0055660 secs]
44.513: [GC 368899K->187897K(977920K), 0.0220290 secs]
45.201: [GC 395257K->181460K(981504K), 0.0189710 secs]
45.672: [GC 388277K->212844K(980992K), 0.0108670 secs]
46.141: [GC 426860K->223984K(986624K), 0.0716840 secs]
46.882: [GC 435879K->212372K(982016K), 0.0074250 secs]
47.218: [GC 432532K->239336K(984576K), 0.0797080 secs]
48.043: [GC 464104K->222981K(986624K), 0.0202640 secs]
48.361: [GC 447749K->251292K(987648K), 0.0257110 secs]
49.113: [GC 477084K->243745K(986624K), 0.0365360 secs]
49.513: [GC 467275K->275161K(987136K), 0.0185400 secs]
50.090: [GC 499189K->254067K(987648K), 0.0070490 secs]
50.543: [GC 480883K->408235K(890880K), 0.3842970 secs]
51.167: [GC 539620K->489236K(917504K), 0.2724600 secs]
2.8084114	6.4096246	Hannah
1.7839353	6.1648974	Jill
1.9342978	4.850815	Jack
2.7168667	6.3587403	Matthew
1.878531	5.019394	Gary
3.2213278	6.200537	Jack
2.1052983	5.0767264	Dylan
3.9927583	6.1876135	Brad
3.280204	4.3995914	John
3.6498208	4.874176	Larry
51.655: [GC 621844K->481126K(932864K), 0.2960960 secs]
52.066: [GC 593317K->490026K(932864K), 0.0123780 secs]
52.227: [GC 603256K->511806K(942592K), 0.0126430 secs]
52.623: [GC 635344K->515572K(934912K), 0.0651210 secs]
52.797: [GC 638972K->532000K(953856K), 0.0175330 secs]
53.260: [GC 682651K->510930K(947200K), 0.0092470 secs]
53.591: [GC 663506K->525110K(962560K), 0.0191050 secs]
53.873: [GC 693658K->532276K(956928K), 0.0170260 secs]
54.376: [GC 702630K->522154K(971264K), 0.0136780 secs]
54.647: [GC 703322K->511364K(967168K), 0.0117600 secs]
3.8527405	5.7906117	Troy
2.7781756	4.7600794	Betty
3.3403265	4.8717065	Kyle
3.7066705	4.309422	Troy
2.7645245	4.8557677	Dylan
2.5073175	4.7997985	Matthew
2.731075	4.603023	James
1.1015364	4.686827	Shelly
1.904352	4.9909196	Summer
3.280204	4.3995914	John
54.945: [GC 695194K->502790K(973824K), 0.0064080 secs]
55.152: [GC 696471K->512216K(972800K), 0.0095330 secs]
55.595: [GC 702041K->536546K(976896K), 0.0625260 secs]
56.131: [GC 738802K->533048K(976896K), 0.0128970 secs]
56.835: [GC 738360K->522397K(979456K), 0.0225780 secs]
57.203: [GC 732317K->555364K(978944K), 0.0376590 secs]
57.725: [GC 760667K->543678K(984064K), 0.0177900 secs]
58.409: [GC 759230K->543267K(979968K), 0.0251950 secs]
58.783: [GC 756336K->576299K(983552K), 0.0418170 secs]
59.311: [GC 795947K->600011K(975872K), 0.0809770 secs]
588-320-594	93461
323-549-342	20636
143-962-857	22141
314-289-332	58469
257-202-738	28019
363-555-286	75618
678-898-882	08469
263-671-167	43163
125-114-368	06233
279-727-269	42813
59.729: [GC 819659K->545254K(976384K), 0.0162140 secs]
59.990: [GC 749030K->565961K(975872K), 0.0214200 secs]
60.639: [GC 766946K->575427K(982528K), 0.0138280 secs]
61.295: [GC 782038K->564699K(980992K), 0.0192010 secs]
61.861: [GC 776145K->589552K(983552K), 0.0429140 secs]
62.201: [GC 809200K->576501K(984064K), 0.0267460 secs]
62.841: [GC 788430K->575931K(991232K), 0.0189320 secs]
63.269: [GC 806331K->596901K(987648K), 0.0696850 secs]
588-320-594	93461
412-663-654	20636
143-962-857	22141
314-289-332	58469
514-516-753	28019
363-555-286	75618
263-671-167	43163
125-114-368	06233
279-727-269	42813
138-575-221	76491
63.724: [GC 822221K->566816K(989184K), 0.0113680 secs]
63.982: [GC 788687K->576968K(987648K), 0.0120340 secs]
64.763: [GC 803586K->565633K(990208K), 0.0203370 secs]
65.143: [GC 794713K->610957K(978944K), 0.0448960 secs]
65.715: [GC 841781K->586987K(989696K), 0.0144480 secs]
66.490: [GC 814315K->576211K(986112K), 0.0193710 secs]
66.866: [GC 794477K->611313K(986112K), 0.0472480 secs]
67.438: [GC 831903K->597561K(987648K), 0.0115480 secs]
67.862: [GC 824377K->600044K(994816K), 0.0191630 secs]
423-890-552	93461
323-549-342	20636
143-962-857	22141
189-466-985	58469
257-202-738	28019
216-999-733	75618
194-836-527	08469
263-671-167	43163
125-114-368	06233
224-532-168	42813
68.476: [GC 837553K->588421K(991744K), 0.0101820 secs]
68.762: [GC 817675K->598613K(998912K), 0.0153180 secs]
69.497: [GC 841231K->587277K(995840K), 0.0289820 secs]
69.952: [GC 833549K->622469K(992768K), 0.0528080 secs]
70.481: [GC 864645K->612927K(995328K), 0.0237420 secs]
71.181: [GC 850209K->608733K(999936K), 0.0123350 secs]
71.916: [GC 849992K->587695K(996864K), 0.0124100 secs]
72.348: [GC 833325K->588205K(998912K), 0.0069570 secs]
588-320-594	93461
323-549-342	20636
143-962-857	22141
314-289-332	58469
257-202-738	28019
363-555-286	75618
678-898-882	08469
263-671-167	43163
125-114-368	06233
279-727-269	42813
72.868: [GC 837549K->589246K(998912K), 0.0121420 secs]
73.204: [GC 837439K->610442K(1000448K), 0.0154650 secs]
73.820: [GC 861834K->609085K(999424K), 0.0195480 secs]
74.444: [GC 858817K->599321K(1004032K), 0.0094580 secs]
75.153: [GC 851073K->589150K(1001984K), 0.0067470 secs]
75.774: [GC 841668K->599429K(1006592K), 0.0147270 secs]
76.173: [GC 861573K->616221K(1004032K), 0.0247870 secs]
588-320-594	93461
412-663-654	20636
143-962-857	22141
314-289-332	58469
514-516-753	28019
363-555-286	75618
343-722-102	43163
199-891-154	06233
279-727-269	42813
138-575-221	76491
76.609: [GC 870755K->590419K(1005056K), 0.0145710 secs]
77.193: [GC 851539K->611040K(1004544K), 0.0135870 secs]
77.918: [GC 872160K->610605K(1005568K), 0.0127980 secs]
78.570: [GC 871599K->620971K(993792K), 0.0140090 secs]
79.172: [GC 876255K->600329K(1004032K), 0.0097110 secs]
79.549: [GC 852895K->600312K(1002496K), 0.0093000 secs]
48	Ahmedabad	7
49	Ahmedabad	7
46	Ahmedabad	7
47	Ahmedabad	7
52	Ahmedabad	7
53	Ahmedabad	7
50	Ahmedabad	7
51	Ahmedabad	7
40	Ahmedabad	7
41	Ahmedabad	7
79.875: [GC 854818K->591252K(1006080K), 0.0094130 secs]
80.573: [GC 853269K->611873K(1006080K), 0.0182320 secs]
81.199: [GC 865587K->621723K(999936K), 0.0135350 secs]
81.814: [GC 876468K->601041K(1003008K), 0.0098410 secs]
82.411: [GC 855078K->611392K(1005568K), 0.0145190 secs]
82.777: [GC 865462K->611805K(1004544K), 0.0185520 secs]
48	Ahmedabad	7
49	Ahmedabad	7
46	Ahmedabad	7
47	Ahmedabad	7
52	Ahmedabad	7
53	Ahmedabad	7
50	Ahmedabad	7
51	Ahmedabad	7
40	Ahmedabad	7
41	Ahmedabad	7
83.100: [GC 864710K->602354K(1008128K), 0.0136540 secs]
83.768: [GC 863554K->622947K(998400K), 0.0226880 secs]
84.377: [GC 888185K->611993K(1006592K), 0.0120840 secs]
84.983: [GC 865274K->591503K(1005056K), 0.0066260 secs]
85.601: [GC 854646K->591527K(1005568K), 0.0112480 secs]
85.967: [GC 846554K->622695K(994304K), 0.0242840 secs]
48	Ahmedabad	7
49	Ahmedabad	7
46	Ahmedabad	7
47	Ahmedabad	7
52	Ahmedabad	7
53	Ahmedabad	7
50	Ahmedabad	7
51	Ahmedabad	7
40	Ahmedabad	7
41	Ahmedabad	7
86.359: [GC 885351K->593156K(1002496K), 0.0118840 secs]
86.977: [GC 843812K->602515K(1001984K), 0.0129530 secs]
87.521: [GC 853806K->602358K(1007104K), 0.0184660 secs]
88.067: [GC 865444K->602389K(1005056K), 0.0148030 secs]
88.633: [GC 865011K->613349K(1009152K), 0.0114590 secs]
88.981: [GC 879068K->602756K(1009152K), 0.0152730 secs]
111-012-925	7
111-007-903	6
111-004-168	5
111-001-905	4
111-002-216	3
111-002-119	2
111-001-819	1
111-018-218	0
111-020-647	10
NULL	NULL
89.351: [GC 872580K->614625K(1009664K), 0.0212880 secs]
89.938: [GC 885650K->614001K(1010176K), 0.0205950 secs]
90.492: [GC 878124K->613801K(1010688K), 0.0199510 secs]
91.085: [GC 886185K->613895K(1010176K), 0.0167550 secs]
91.764: [GC 884462K->614021K(1011200K), 0.0115390 secs]
111-012-925	7
111-007-903	6
111-004-168	5
111-001-905	4
111-002-216	3
111-002-119	2
111-001-819	1
111-018-218	0
111-020-647	10
NULL	NULL
92.042: [GC 887429K->594634K(1010688K), 0.0072200 secs]
92.496: [GC 868042K->615013K(1010688K), 0.0188810 secs]
93.197: [GC 887909K->614561K(1010688K), 0.0139250 secs]
93.766: [GC 884845K->604447K(1012224K), 0.0135020 secs]
94.297: [GC 877530K->614806K(1011200K), 0.0108140 secs]
94.653: [GC 889750K->615249K(1012736K), 0.0199380 secs]
111-012-925	7
111-007-903	6
111-004-168	5
111-001-905	4
111-002-216	3
111-002-119	2
111-001-819	1
111-018-218	0
111-020-647	10
NULL	NULL
95.017: [GC 882623K->606313K(1012224K), 0.0138580 secs]
95.592: [GC 882793K->615678K(1013760K), 0.0150620 secs]
96.158: [GC 888331K->616091K(1013760K), 0.0203050 secs]
96.699: [GC 889838K->626030K(1007616K), 0.0245730 secs]
97.346: [GC 898926K->615924K(1010688K), 0.0206080 secs]
111-012-925	7
111-007-903	6
111-004-168	5
111-001-905	4
111-002-216	3
111-002-119	2
111-001-819	1
111-018-218	0
111-020-647	10
NULL	NULL
97.712: [GC 884979K->596552K(1009664K), 0.0078480 secs]
98.064: [GC 869448K->616932K(1010688K), 0.0131360 secs]
98.752: [GC 889828K->616514K(1011712K), 0.0144100 secs]
99.437: [GC 888787K->616640K(1011200K), 0.0116250 secs]
99.974: [GC 890798K->616734K(1013248K), 0.0114240 secs]
100.318: [GC 889990K->616789K(1012736K), 0.0191820 secs]
111-012-925	7
111-007-903	6
111-004-168	5
111-001-905	4
111-002-216	3
111-002-119	2
111-001-819	1
111-018-218	0
111-020-647	10
NULL	NULL
100.686: [GC 894293K->598036K(1011200K), 0.0127990 secs]
101.243: [GC 873989K->606960K(1012736K), 0.0095150 secs]
101.805: [GC 879493K->628144K(1005568K), 0.0133970 secs]
102.344: [GC 892356K->627726K(1001984K), 0.0242620 secs]
102.885: [GC 892033K->627860K(1003008K), 0.0235230 secs]
103.287: [GC 889492K->597446K(962048K), 0.0086650 secs]
111-012-925	7
111-007-903	6
111-004-168	5
111-001-905	4
111-002-216	3
111-002-119	2
111-001-819	1
111-018-218	0
111-020-647	10
NULL	NULL
