/home/ec2-user/blinkdb
-i /home/ec2-user/eecs584/workloadGen/querySet/querySet1/frame_1/workload_stats_dqcs.queries
Starting the Shark Command Line Client
/home/ec2-user/blinkdb/target/scala-2.9.3/classes
/home/ec2-user/blinkdb/target/scala-2.9.3/shark_2.9.3-0.8.0-SNAPSHOT.jar
4.280: [GC 262656K->21537K(1005568K), 0.0635190 secs]
5.757: [GC 152417K->16957K(1005568K), 0.0338860 secs]
5.791: [Full GC 16957K->16159K(1005568K), 0.1872460 secs]
5.995: [GC 24816K->16230K(1005568K), 0.0017240 secs]
5.997: [Full GC 16230K->9111K(1005568K), 0.0932570 secs]
9.836: [GC 271767K->29450K(1005568K), 0.0300190 secs]
10.376: [GC 292106K->17029K(1005568K), 0.0182940 secs]
12.575: [GC 279685K->40116K(1005568K), 0.0295040 secs]
13.651: [GC 302772K->39201K(1005568K), 0.0253250 secs]
14.609: [GC 301857K->39013K(1004032K), 0.0184600 secs]
15.516: [GC 302693K->38934K(1006080K), 0.0323600 secs]
16.396: [GC 299419K->28527K(1007616K), 0.0096540 secs]
17.259: [GC 294767K->180542K(1007104K), 0.3798550 secs]
18.638: [GC 446782K->268782K(858624K), 0.3088290 secs]
19.608: [GC 386030K->268916K(932864K), 0.1209760 secs]
19.816: [GC 386006K->299740K(934400K), 0.0213970 secs]
1107724
20.212: [GC 412739K->270823K(932864K), 0.0062130 secs]
20.364: [GC 389607K->269399K(937984K), 0.0057740 secs]
20.539: [GC 390858K->269431K(935936K), 0.0130430 secs]
20.753: [GC 392449K->301443K(947200K), 0.0200990 secs]
21.579: [GC 436224K->290785K(940544K), 0.0116450 secs]
22.051: [GC 425639K->269723K(955392K), 0.0060560 secs]
22.564: [GC 425790K->290935K(953344K), 0.0114000 secs]
23.077: [GC 447035K->291053K(965632K), 0.0215040 secs]
23.404: [GC 464361K->291015K(961536K), 0.0080990 secs]
23.566: [GC 461526K->300827K(974848K), 0.0096010 secs]
1387
23.987: [GC 496923K->282046K(969728K), 0.0097630 secs]
24.225: [GC 476136K->280694K(978944K), 0.0094810 secs]
24.732: [GC 488054K->309578K(976896K), 0.0327800 secs]
25.602: [GC 513520K->280868K(981504K), 0.0092300 secs]
26.184: [GC 493860K->302164K(979968K), 0.0105740 secs]
26.702: [GC 515156K->322759K(984064K), 0.0252230 secs]
27.605: [GC 536824K->301686K(984576K), 0.0213120 secs]
28.115: [GC 522358K->339670K(979456K), 0.0760850 secs]
28.761: [GC 554840K->333264K(982528K), 0.0123950 secs]
29.299: [GC 549840K->341254K(978432K), 0.0432930 secs]
29.891: [GC 553734K->490701K(980480K), 0.4067520 secs]
30.831: [GC 703181K->530741K(885248K), 0.2306830 secs]
31.449: [GC 644437K->541157K(932864K), 0.1030160 secs]
31.628: [GC 658405K->551667K(939520K), 0.0295120 secs]
1107700
31.946: [GC 673068K->532823K(934400K), 0.0177800 secs]
32.085: [GC 651698K->531486K(944128K), 0.0238810 secs]
32.274: [GC 664838K->532048K(941568K), 0.0175010 secs]
32.490: [GC 669264K->557234K(954368K), 0.0563280 secs]
33.225: [GC 709810K->552346K(946688K), 0.0340220 secs]
33.469: [GC 702280K->583755K(960512K), 0.0212780 secs]
34.174: [GC 752715K->573085K(956928K), 0.0325380 secs]
34.501: [GC 736643K->604503K(965632K), 0.0225990 secs]
35.272: [GC 784727K->593836K(963072K), 0.0341610 secs]
35.595: [GC 774060K->619467K(972288K), 0.0288950 secs]
36.404: [GC 803696K->614450K(968192K), 0.0458570 secs]
36.807: [GC 806450K->640717K(973824K), 0.0612310 secs]
37.317: [GC 841933K->688436K(974848K), 0.1639140 secs]
37.937: [GC-- 889652K->974811K(974848K), 0.9439820 secs]
38.881: [Full GC 974811K->243982K(974848K), 1.7165430 secs]
41.291: [GC 445198K->246286K(943104K), 0.0164220 secs]
41.657: [GC 414152K->266934K(958976K), 0.0179550 secs]
1107559
41.987: [GC 435201K->248153K(966656K), 0.0044760 secs]
42.172: [GC 427140K->257001K(964608K), 0.0073160 secs]
42.422: [GC 439785K->271301K(975360K), 0.0155290 secs]
43.151: [GC 468933K->267610K(970752K), 0.0082110 secs]
43.468: [GC 465242K->290187K(980992K), 0.0114300 secs]
44.191: [GC 499595K->288389K(976896K), 0.0082360 secs]
44.545: [GC 497797K->313445K(984576K), 0.0189510 secs]
45.333: [GC 531557K->309113K(982016K), 0.0085420 secs]
45.686: [GC 527225K->339809K(984064K), 0.0660640 secs]
46.493: [GC 559397K->329713K(985088K), 0.0135720 secs]
46.850: [GC 551409K->356294K(982528K), 0.0548760 secs]
47.308: [GC 576456K->413431K(985600K), 0.1589930 secs]
47.916: [GC 627763K->547981K(880128K), 0.3858060 secs]
48.555: [GC 665229K->548245K(932864K), 0.1207480 secs]
49.121: [GC 665493K->548269K(932864K), 0.0047780 secs]
49.191: [GC 656439K->568853K(932864K), 0.0158080 secs]
1107756
49.527: [GC 686101K->549441K(932864K), 0.0057010 secs]
