/home/ec2-user/blinkdb
-i /home/ec2-user/eecs584/workloadGen/querySet/querySet1/frame_1/workload_stats_sparsity.queries
Starting the Shark Command Line Client
/home/ec2-user/blinkdb/target/scala-2.9.3/classes
/home/ec2-user/blinkdb/target/scala-2.9.3/shark_2.9.3-0.8.0-SNAPSHOT.jar
4.296: [GC 262656K->21512K(1005568K), 0.0558210 secs]
5.721: [GC 147048K->16999K(1005568K), 0.0328610 secs]
5.754: [Full GC 16999K->16183K(1005568K), 0.1877580 secs]
5.962: [GC 24933K->16286K(1005568K), 0.0022210 secs]
5.964: [Full GC 16286K->9126K(1005568K), 0.0945500 secs]
9.828: [GC 262165K->39560K(1005568K), 0.0364710 secs]
10.402: [GC 292245K->16483K(1005568K), 0.0180940 secs]
11.954: [GC 279139K->69118K(1005568K), 0.1119100 secs]
13.407: [GC 331774K->66103K(1003008K), 0.0427990 secs]
14.594: [GC 318692K->65842K(965120K), 0.0281760 secs]
15.589: [GC 285490K->55097K(984064K), 0.0281860 secs]
16.012: [GC 274745K->86255K(975360K), 0.0760010 secs]
16.832: [GC 297270K->55629K(981504K), 0.0126530 secs]
17.741: [GC 270157K->68786K(985088K), 0.0293360 secs]
18.355: [GC 289458K->234225K(984064K), 0.4154770 secs]
19.451: [GC 454897K->311535K(881664K), 0.3214790 secs]
20.501: [GC 428783K->311839K(932864K), 0.1450620 secs]
21.242: [GC 429087K->311783K(932864K), 0.0158100 secs]
21.652: [GC 428955K->311855K(932864K), 0.0163540 secs]
21.788: [GC 419651K->343305K(932864K), 0.0326850 secs]
1107724
22.248: [GC 457992K->323558K(932864K), 0.0393280 secs]
22.447: [GC 437454K->312416K(932864K), 0.0162280 secs]
22.575: [GC 420231K->322696K(932864K), 0.0200390 secs]
22.911: [GC 435958K->344484K(934400K), 0.0203330 secs]
23.536: [GC 457057K->322944K(932864K), 0.0181960 secs]
23.668: [GC 440041K->344116K(944640K), 0.0159420 secs]
24.150: [GC 474446K->333322K(937472K), 0.0308300 secs]
24.715: [GC 466465K->354820K(956416K), 0.0235450 secs]
25.043: [GC 512004K->354942K(949248K), 0.0161980 secs]
25.488: [GC 509720K->365056K(966144K), 0.0332250 secs]
25.860: [GC 544508K->354710K(962560K), 0.0192870 secs]
26.067: [GC 525395K->354374K(975360K), 0.0329830 secs]
1387
26.491: [GC 548416K->335573K(970752K), 0.0318430 secs]
26.731: [GC 529577K->334221K(977920K), 0.0162660 secs]
27.308: [GC 540045K->367705K(976384K), 0.0457480 secs]
28.238: [GC 571557K->354915K(980992K), 0.0212170 secs]
28.622: [GC 565347K->384839K(977920K), 0.0666820 secs]
29.491: [GC 587830K->344837K(979456K), 0.0160250 secs]
29.966: [GC 554245K->385947K(950272K), 0.0657020 secs]
30.740: [GC 589068K->376405K(981504K), 0.0275170 secs]
31.347: [GC 585813K->376021K(976384K), 0.0339620 secs]
31.920: [GC 579477K->407429K(982528K), 0.0181570 secs]
32.486: [GC 617663K->376151K(982016K), 0.0329280 secs]
32.944: [GC 592215K->540728K(885248K), 0.3500500 secs]
33.544: [GC 661048K->627800K(910848K), 0.3209730 secs]
34.044: [GC 748120K->632192K(932864K), 0.2240740 secs]
34.268: [Full GC 632192K->271921K(932864K), 1.7463480 secs]
36.445: [GC 389169K->271953K(932864K), 0.0102340 secs]
36.884: [GC 389201K->272001K(932864K), 0.0033800 secs]
37.161: [GC 385819K->272033K(932864K), 0.0036710 secs]
37.299: [GC 389281K->283037K(940544K), 0.0071130 secs]
1107700
37.542: [GC 399634K->273429K(934400K), 0.0040830 secs]
37.690: [GC 394848K->272593K(949248K), 0.0038080 secs]
37.885: [GC 416350K->283371K(945152K), 0.0123100 secs]
38.129: [GC 429291K->302701K(958976K), 0.0301130 secs]
38.862: [GC 469101K->293434K(955904K), 0.0080620 secs]
39.154: [GC 459780K->324858K(964608K), 0.0148520 secs]
39.823: [GC 503546K->314182K(962560K), 0.0136440 secs]
40.254: [GC 484889K->335342K(972800K), 0.0138590 secs]
40.832: [GC 527342K->334886K(967680K), 0.0135890 secs]
41.358: [GC 526234K->335374K(981504K), 0.0139400 secs]
42.029: [GC 545806K->334950K(977408K), 0.0136980 secs]
42.482: [GC 538593K->345636K(984576K), 0.0180950 secs]
43.050: [GC 567332K->344770K(985088K), 0.0469380 secs]
43.670: [GC 566466K->506514K(880128K), 0.4953580 secs]
44.338: [GC 614035K->569314K(932864K), 0.1916560 secs]
44.758: [GC 686562K->569346K(932864K), 0.1313410 secs]
45.350: [GC 686594K->569354K(932864K), 0.1853900 secs]
45.982: [GC 686602K->569675K(932864K), 0.1364700 secs]
46.340: [GC 680244K->570171K(932864K), 0.1409790 secs]
46.581: [GC 687268K->570728K(932864K), 0.0300210 secs]
1107559
46.839: [GC 687976K->571404K(932864K), 0.0161580 secs]
46.958: [GC 680315K->580794K(932864K), 0.0159610 secs]
47.098: [GC 698042K->571135K(932864K), 0.0157510 secs]
47.240: [GC 683438K->602243K(932864K), 0.0191460 secs]
47.519: [GC 719491K->609613K(932864K), 0.0615360 secs]
48.018: [GC 726861K->591481K(932864K), 0.0224220 secs]
48.386: [GC 706152K->591397K(932864K), 0.0156480 secs]
48.490: [GC 698597K->622942K(934400K), 0.0219310 secs]
48.769: [GC 741726K->630665K(932864K), 0.0656810 secs]
49.273: [GC 749449K->612277K(945152K), 0.0318790 secs]
49.646: [GC 743790K->612201K(941568K), 0.0248150 secs]
49.850: [GC 750441K->640627K(954368K), 0.0397210 secs]
50.542: [GC 795251K->633041K(948736K), 0.0245710 secs]
51.014: [GC 784347K->643165K(963072K), 0.0157490 secs]
51.277: [GC 815197K->665497K(957440K), 0.0439890 secs]
51.917: [GC 837529K->653805K(967680K), 0.0599110 secs]
51.977: [Full GC 653805K->39880K(967680K), 0.2014020 secs]
52.560: [GC 215104K->61198K(964608K), 0.0095550 secs]
52.948: [GC 245006K->80536K(978432K), 0.0699920 secs]
53.468: [GC 283288K->163613K(972800K), 0.1810140 secs]
54.115: [GC 366365K->312029K(892928K), 0.4074670 secs]
54.630: [GC 429277K->316781K(932864K), 0.1323900 secs]
55.217: [GC 434029K->316813K(932864K), 0.0170310 secs]
55.681: [GC 434061K->316853K(932864K), 0.0038340 secs]
55.980: [GC 423890K->327133K(932864K), 0.0095760 secs]
56.087: [GC 434314K->338072K(932864K), 0.0101170 secs]
1107756
