GAMS 24.1.3  r41464 Released Jul 26, 2013 LEX-LEG x86_64/Linux                                                                                                                                                                         11/25/13 08:21:16 Page 1
G e n e r a l   A l g e b r a i c   M o d e l i n g   S y s t e m
C o m p i l a t i o n


   2   
   3  Scalar numQueries       number of queries /3/;
   4  Scalar numQcs           number of qcs we have   /5/;
   5  Scalar storageCapacity  total storage capacity with us /100/;
   6   
   7  Sets
   8          Queries All the Queries /1*3/
   9          Qcs All the qcs we already have /1*5/;
  10   
  11  Parameters
  12          sparsityDelta(Queries)  how sparse the data is
  13          / 1 20
  14            2 40
  15            3 50 /
  16   
  17          probQ(Queries)  what is the probability of each query
  18          / 1 0.8
  19            2 0.05
  20            3 0.15 /
  21   
  22          stratifiedSampleSize(Qcs)  what is the size of each sample
  23          / 1 60
  24            2 30
  25            3 40
  26            4 53
  27            5 32 /
  28   
  29          DqcsQueries(Queries)  size of qcs of the queries
  30          / 1 6
  31            2 3
  32            3 5 /
  33   
  34          DqcsQcs(Qcs)   size of qcs in all the already formed qcs
  35          / 1 4
  36            2 2
  37            3 1
  38            4 2
  39            5 4 /;
  40   
  41          Table domainQueries(Queries,Qcs)  whether the qcs of the queries intersect with already present qcs
  42                  1  2  3  4  5
  43          1       1  0  0  1  1
  44          2       0  0  0  1  1
  45          3       0  1  1  1  0  ;
  46   
  47  Parameter fraction(Queries, Qcs)  fraction of coverage;
  48          fraction(Queries, Qcs) = domainQueries(Queries,Qcs) * min(1, DqcsQcs(Qcs)/DqcsQueries(Queries));
  49   
  50  Variables
  51          obj  this is the objective function which we are optimizing
  52          z(Qcs) binary variable that defines should we pick a sample or not
  53          y(Queries) This gives the coverage aspect
  54          temp(Queries,Qcs) find the temp product
GAMS 24.1.3  r41464 Released Jul 26, 2013 LEX-LEG x86_64/Linux                                                                                                                                                                         11/25/13 08:21:16 Page 2
G e n e r a l   A l g e b r a i c   M o d e l i n g   S y s t e m
C o m p i l a t i o n


  55   
  56          Binary Variable z;
  57          Positive Variable y(Queries);
  58   
  59  Equations
  60          objective       define the objective function
  61          storage         defining constraints on the storage
  62          coverage        coverage for each query should be less than max fraction across all qcs;
  63   
  64          objective ..    obj =e= sum((Queries),probQ(Queries)*y(Queries)*sparsityDelta(Queries));
  65          storage ..      sum((Qcs), stratifiedSampleSize(Qcs)*z(Qcs)) =l= storageCapacity;
  66          coverage ..     smax((Qcs), fraction(Queries,Qcs)*z(Qcs)) =g= y(Queries);
****                                                      $149                       $149
  67   
  68  Model blinkdb /all/;
  69   
  70  Solve blinkdb using MINLP maximizing obj ;
****                                           $257
  71   
  72  Display blinkdb.modelstat, blinkdb.solvestat, w.l ;
****                                                  $140
  73  option fraction :5:1:1; display fraction;
  74  #option limcol=1; display  z ;
GAMS 24.1.3  r41464 Released Jul 26, 2013 LEX-LEG x86_64/Linux                                                                                                                                                                         11/25/13 08:21:16 Page 3
G e n e r a l   A l g e b r a i c   M o d e l i n g   S y s t e m
Error Messages


140  Unknown symbol
149  Uncontrolled set entered as constant
257  Solve statement not checked because of previous errors

**** 4 ERROR(S)   0 WARNING(S)


COMPILATION TIME     =        0.002 SECONDS      3 MB  24.1.3 r41464 LEX-LEG


USER: GAMS Development Corporation, Washington, DC   G871201/0000CA-ANY
      Free Demo,  202-342-0180,  sales@gams.com,  www.gams.com   DC0000


**** FILE SUMMARY

Input      /home/ec2-user/gams/models/blink.gms
Output     /home/ec2-user/gams/models/blink.lst

**** USER ERROR(S) ENCOUNTERED
