/home/ec2-user/blinkdb
-i /home/ec2-user/eecs584/workloadGen/querySet/querySet0/frame_0/workload_stats_dqcs.queries
Starting the Shark Command Line Client
/home/ec2-user/blinkdb/target/scala-2.9.3/classes
/home/ec2-user/blinkdb/target/scala-2.9.3/shark_2.9.3-0.8.0-SNAPSHOT.jar
4.365: [GC 262656K->22015K(1005568K), 0.0430700 secs]
5.761: [GC 159250K->16471K(1005568K), 0.0374720 secs]
5.798: [Full GC 16471K->15737K(1005568K), 0.1873850 secs]
6.000: [GC 23165K->15808K(1005568K), 0.0024320 secs]
6.003: [Full GC 15808K->9111K(1005568K), 0.0965930 secs]
9.965: [GC 271767K->29455K(1005568K), 0.0284590 secs]
10.459: [GC 292111K->16923K(1005568K), 0.0150150 secs]
12.718: [GC 279579K->40069K(1005568K), 0.0334180 secs]
13.780: [GC 298535K->28852K(1005568K), 0.0156040 secs]
14.628: [GC 281638K->28549K(1014272K), 0.0282590 secs]
15.482: [GC 302544K->18147K(1013248K), 0.0246410 secs]
16.389: [GC 297187K->49214K(1005568K), 0.0329190 secs]
17.180: [GC 320062K->241999K(1009664K), 0.5388860 secs]
18.806: [GC 512847K->256254K(873472K), 0.1270920 secs]
19.071: [GC 382473K->287182K(941568K), 0.1197700 secs]
1107687
19.513: [GC 413566K->268545K(949760K), 0.0145980 secs]
19.712: [GC 410870K->267084K(947200K), 0.0089710 secs]
19.954: [GC 415564K->257528K(953344K), 0.0053750 secs]
20.540: [GC 414712K->299687K(952320K), 0.0601340 secs]
21.213: [GC 450252K->288609K(960000K), 0.0226110 secs]
21.995: [GC 454819K->288064K(954880K), 0.0192510 secs]
22.316: [GC 454464K->320446K(962560K), 0.1087180 secs]
22.988: [GC 491653K->299178K(962560K), 0.0100820 secs]
23.715: [GC 465736K->298626K(969728K), 0.0311470 secs]
24.081: [GC 487042K->331058K(967168K), 0.0719190 secs]
24.564: [GC 518314K->385400K(927744K), 0.1647100 secs]
25.103: [GC 533368K->490198K(948224K), 0.3781210 secs]
25.781: [GC 638166K->525838K(917504K), 0.3028900 secs]
26.563: [GC 643086K->525950K(932864K), 0.0991490 secs]
26.880: [GC 642305K->536262K(932864K), 0.0171790 secs]
27.008: [GC 644698K->537044K(932864K), 0.0380940 secs]
1107336
27.312: [GC 654292K->537687K(932864K), 0.0182320 secs]
27.441: [GC 654935K->536816K(932864K), 0.0321600 secs]
27.651: [GC 646844K->537417K(932864K), 0.0210560 secs]
28.032: [GC 654665K->563216K(932864K), 0.0332740 secs]
28.592: [GC 680464K->557681K(941056K), 0.0406320 secs]
28.900: [GC 686800K->578832K(936960K), 0.0174580 secs]
29.195: [GC 708368K->593499K(955392K), 0.0730230 secs]
29.782: [GC 749147K->599506K(948736K), 0.0245800 secs]
30.151: [GC 755154K->614419K(967168K), 0.0688140 secs]
30.755: [GC 794102K->620386K(962048K), 0.0179840 secs]
31.341: [GC 801122K->619978K(974848K), 0.0594390 secs]
31.768: [GC 819146K->647567K(972800K), 0.0368570 secs]
32.270: [GC 846735K->681808K(956928K), 0.0952070 secs]
32.833: [GC-- 867664K->947071K(956928K), 0.7079980 secs]
33.542: [Full GC 947071K->210477K(956928K), 1.3862420 secs]
35.432: [GC 396333K->246253K(967168K), 0.1266930 secs]
35.961: [GC 423139K->256669K(971264K), 0.0721140 secs]
1107756
36.351: [GC 442877K->258408K(968704K), 0.0226040 secs]
36.562: [GC 448855K->257080K(977408K), 0.0251210 secs]
37.234: [GC 458134K->268612K(974848K), 0.0255750 secs]
37.761: [GC 466322K->268150K(987136K), 0.0170830 secs]
38.312: [GC 489334K->268601K(982528K), 0.0151430 secs]
38.878: [GC 484090K->268775K(994304K), 0.0143390 secs]
39.200: [GC 504369K->247470K(990720K), 0.0137910 secs]
21
39.546: [GC 480551K->249200K(994816K), 0.0250910 secs]
39.853: [GC 487068K->258603K(994304K), 0.0144990 secs]
40.590: [GC 499243K->269177K(998912K), 0.0202210 secs]
41.193: [GC 516473K->282655K(981504K), 0.0496670 secs]
41.992: [GC 524680K->279553K(993792K), 0.0155310 secs]
42.903: [GC 512520K->268792K(994816K), 0.0141980 secs]
43.466: [GC 509944K->279848K(998912K), 0.0140170 secs]
44.102: [GC 526632K->288676K(996352K), 0.0372200 secs]
44.675: [GC 532156K->353105K(949760K), 0.1653460 secs]
45.304: [GC 546504K->488496K(973824K), 0.3666310 secs]
46.228: [GC 687664K->488567K(891904K), 0.0932330 secs]
46.552: [GC 599671K->498991K(932864K), 0.1126490 secs]
46.769: [GC 606673K->499794K(932864K), 0.0159030 secs]
1106117
