/home/ec2-user/blinkdb
-i /home/ec2-user/eecs584/workloadGen/querySet/querySet0/frame_0/workload_stats_sparsity.queries
Starting the Shark Command Line Client
/home/ec2-user/blinkdb/target/scala-2.9.3/classes
/home/ec2-user/blinkdb/target/scala-2.9.3/shark_2.9.3-0.8.0-SNAPSHOT.jar
4.374: [GC 262656K->21523K(1005568K), 0.0403580 secs]
6.005: [GC 149658K->16972K(1005568K), 0.0368570 secs]
6.042: [Full GC 16972K->16181K(1005568K), 0.1874560 secs]
6.248: [GC 22253K->16252K(1005568K), 0.0022900 secs]
6.250: [Full GC 16252K->9115K(1005568K), 0.0950790 secs]
10.102: [GC 262122K->39397K(1005568K), 0.0528640 secs]
10.621: [GC 300555K->26690K(1005568K), 0.0220000 secs]
12.245: [GC 288340K->75192K(1005568K), 0.0986790 secs]
13.685: [GC 337848K->70019K(1000448K), 0.0533510 secs]
14.611: [GC 332675K->61590K(980992K), 0.0307360 secs]
15.466: [GC 285020K->40297K(934912K), 0.0308270 secs]
16.245: [GC 273257K->61609K(992256K), 0.0211580 secs]
16.730: [GC 287924K->96357K(989184K), 0.0622900 secs]
17.711: [GC 329829K->156316K(920576K), 0.2214450 secs]
18.324: [GC 317596K->275291K(954880K), 0.3680190 secs]
19.115: [GC 436571K->305564K(910848K), 0.2825480 secs]
19.879: [GC 422812K->305644K(932864K), 0.0713910 secs]
20.416: [GC 422892K->305620K(932864K), 0.0154000 secs]
20.732: [GC 416051K->305724K(932864K), 0.0263290 secs]
20.885: [GC 422972K->326948K(932864K), 0.0161620 secs]
1107687
21.206: [GC 444196K->307195K(932864K), 0.0194660 secs]
21.527: [GC 418423K->316525K(934400K), 0.0384260 secs]
21.773: [GC 426518K->306317K(932864K), 0.0265480 secs]
22.025: [GC 418771K->328095K(945664K), 0.0187670 secs]
22.511: [GC 463263K->327141K(937984K), 0.0594220 secs]
23.020: [GC 462309K->347783K(956416K), 0.0304990 secs]
23.431: [GC 504967K->372920K(949248K), 0.0776510 secs]
24.064: [GC 528590K->369096K(968704K), 0.0284090 secs]
24.715: [GC 551880K->368675K(962560K), 0.0316730 secs]
25.114: [GC 542685K->400111K(972288K), 0.0213200 secs]
25.921: [GC 584891K->389331K(970752K), 0.0209400 secs]
26.262: [GC 580763K->435059K(959488K), 0.0695520 secs]
26.751: [GC 621939K->465985K(967680K), 0.1441420 secs]
27.372: [GC 652865K->603561K(898048K), 0.4624420 secs]
27.985: [GC 720809K->643137K(932864K), 0.2856470 secs]
28.270: [Full GC 643137K->280187K(932864K), 2.0713860 secs]
30.725: [GC 397435K->280219K(932864K), 0.0048430 secs]
31.193: [GC 397467K->280235K(932864K), 0.0033970 secs]
31.659: [GC 397483K->280243K(932864K), 0.0046160 secs]
31.754: [GC 391094K->300883K(932864K), 0.0077430 secs]
1107336
32.045: [GC 418131K->282235K(932864K), 0.0071580 secs]
32.230: [GC 395297K->291079K(932864K), 0.0125970 secs]
32.383: [GC 400037K->280796K(932864K), 0.0051160 secs]
32.703: [GC 398039K->291645K(932864K), 0.0135220 secs]
33.167: [GC 408893K->309434K(944128K), 0.0514150 secs]
33.748: [GC 442042K->301625K(936960K), 0.0084020 secs]
34.081: [GC 434179K->302048K(958464K), 0.0137280 secs]
34.365: [GC 454731K->330069K(951808K), 0.0563630 secs]
35.020: [GC 487212K->280924K(957952K), 0.0036720 secs]
35.262: [GC 446300K->313573K(955904K), 0.0369900 secs]
35.939: [GC 478949K->301721K(966656K), 0.0082290 secs]
36.209: [GC 480921K->309824K(961024K), 0.0453990 secs]
36.983: [GC 489024K->301737K(975360K), 0.0081550 secs]
37.286: [GC 499369K->313904K(970752K), 0.0376600 secs]
37.730: [GC 511536K->343045K(958976K), 0.1669710 secs]
38.379: [GC 530949K->479965K(968192K), 0.3720490 secs]
39.097: [GC 667869K->536493K(897536K), 0.2128830 secs]
39.866: [GC 653741K->536525K(932864K), 0.0958960 secs]
40.400: [GC 653773K->536557K(932864K), 0.1624830 secs]
40.832: [GC 644039K->476380K(932864K), 0.0114240 secs]
40.949: [GC 583898K->487304K(932864K), 0.0121910 secs]
1107756
41.171: [GC 598752K->467333K(932864K), 0.0079050 secs]
41.334: [GC 577818K->476776K(932864K), 0.0138030 secs]
41.503: [GC 587282K->466520K(932864K), 0.0041930 secs]
41.695: [GC 578572K->488324K(932864K), 0.0092900 secs]
42.165: [GC 599112K->497509K(932864K), 0.0114650 secs]
42.274: [GC 613616K->518728K(932864K), 0.0134580 secs]
42.708: [GC 629050K->487423K(932864K), 0.0068550 secs]
42.840: [GC 604671K->518874K(937984K), 0.0199480 secs]
43.298: [GC 641242K->508474K(932864K), 0.0153620 secs]
43.767: [GC 626458K->518818K(951296K), 0.0167420 secs]
43.911: [GC 657263K->519024K(944640K), 0.0114540 secs]
44.176: [GC 663496K->518373K(963584K), 0.0155680 secs]
44.282: [GC 687737K->518405K(957440K), 0.0115040 secs]
1
44.567: [GC 683679K->499583K(970752K), 0.0124610 secs]
44.770: [GC 684306K->487973K(968704K), 0.0046460 secs]
44.989: [GC 669482K->509753K(975360K), 0.0101850 secs]
45.730: [GC 707385K->508785K(970752K), 0.0173130 secs]
46.121: [GC 700110K->519512K(981504K), 0.0118330 secs]
46.892: [GC 731992K->508785K(979456K), 0.0173080 secs]
47.271: [GC 721265K->518159K(986624K), 0.0587610 secs]
48.162: [GC 732412K->508661K(984576K), 0.0170460 secs]
48.509: [GC 731367K->540381K(975360K), 0.0615830 secs]
49.275: [GC 756957K->509170K(982528K), 0.0101690 secs]
49.796: [GC 723550K->508877K(988160K), 0.0097410 secs]
50.217: [GC 734157K->636181K(985600K), 0.2671950 secs]
50.861: [GC 860675K->754813K(880128K), 0.3727880 secs]
51.233: [Full GC 754813K->284134K(880128K), 1.6190530 secs]
53.306: [GC 401382K->284198K(932864K), 0.0034960 secs]
53.779: [GC 401446K->284198K(932864K), 0.0035180 secs]
54.217: [GC 393900K->284198K(932864K), 0.0033970 secs]
54.281: [GC 401319K->315014K(932864K), 0.0105230 secs]
1106117
54.596: [GC 432262K->285388K(932864K), 0.0043230 secs]
