/home/ec2-user/blinkdb
-i /home/ec2-user/eecs584/workloadGen/querySet/querySet1/frame_2/workload.queries
Starting the Shark Command Line Client
/home/ec2-user/blinkdb/target/scala-2.9.3/classes
/home/ec2-user/blinkdb/target/scala-2.9.3/shark_2.9.3-0.8.0-SNAPSHOT.jar
4.260: [GC 262656K->22061K(1005568K), 0.0489630 secs]
5.575: [GC 159272K->16494K(1005568K), 0.0318750 secs]
5.607: [Full GC 16494K->15758K(1005568K), 0.1999480 secs]
5.821: [GC 23187K->15829K(1005568K), 0.0022400 secs]
5.823: [Full GC 15829K->9129K(1005568K), 0.0944140 secs]
9.768: [GC 271785K->29482K(1005568K), 0.0324270 secs]
10.642: [GC 287752K->40316K(1005568K), 0.0286710 secs]
11.940: [GC 298327K->39332K(1005568K), 0.0348960 secs]
12.835: [GC 300576K->49195K(1002496K), 0.0524810 secs]
13.539: [GC 311851K->39046K(997376K), 0.0361530 secs]
14.281: [GC 282766K->39075K(999936K), 0.0184180 secs]
7	Afghanistan	10
8	Afghanistan	10
5	Afghanistan	10
6	Afghanistan	10
3	Afghanistan	10
4	Afghanistan	10
1	Afghanistan	10
2	Afghanistan	10
0	Afghanistan	10
6	Afghanistan	7
14.923: [GC 280568K->20304K(1000448K), 0.0098200 secs]
15.438: [GC 272111K->50476K(987136K), 0.0165700 secs]
16.581: [GC 297430K->49952K(998400K), 0.0164280 secs]
17.367: [GC 293248K->50067K(998912K), 0.0137750 secs]
17.965: [GC 293015K->50201K(997888K), 0.0124400 secs]
18.558: [GC 293083K->50367K(998400K), 0.0101110 secs]
18.983: [GC 298687K->40815K(1000448K), 0.0142920 secs]
7	Afghanistan	10
8	Afghanistan	10
5	Afghanistan	10
6	Afghanistan	10
3	Afghanistan	10
4	Afghanistan	10
1	Afghanistan	10
2	Afghanistan	10
0	Afghanistan	10
6	Afghanistan	7
19.414: [GC 290501K->30770K(998912K), 0.0118800 secs]
20.117: [GC 272475K->41426K(1002496K), 0.0140910 secs]
20.743: [GC 295890K->41040K(1000448K), 0.0084590 secs]
21.331: [GC 295504K->41206K(1006080K), 0.0083560 secs]
22.014: [GC 297196K->41356K(1004544K), 0.0129260 secs]
22.411: [GC 299329K->31146K(1007616K), 0.0082760 secs]
7	Afghanistan	10
8	Afghanistan	10
5	Afghanistan	10
6	Afghanistan	10
3	Afghanistan	10
4	Afghanistan	10
1	Afghanistan	10
2	Afghanistan	10
0	Afghanistan	10
6	Afghanistan	7
22.912: [GC 292749K->22110K(968192K), 0.0066070 secs]
23.329: [GC 288862K->42502K(1007616K), 0.0154840 secs]
24.059: [GC 307718K->42090K(1006080K), 0.0107390 secs]
24.778: [GC 306431K->42256K(1010688K), 0.0085500 secs]
25.343: [GC 306670K->32022K(1009152K), 0.0066930 secs]
25.696: [GC 294535K->32037K(1011200K), 0.0068420 secs]
7	Afghanistan	10
8	Afghanistan	10
5	Afghanistan	10
6	Afghanistan	10
3	Afghanistan	10
4	Afghanistan	10
1	Afghanistan	10
2	Afghanistan	10
0	Afghanistan	10
6	Afghanistan	7
26.098: [GC 296740K->33217K(1010688K), 0.0083050 secs]
26.698: [GC 306625K->43358K(1012736K), 0.0138000 secs]
27.390: [GC 314317K->42974K(1012224K), 0.0092980 secs]
27.979: [GC 319454K->43208K(1013760K), 0.0127210 secs]
28.573: [GC 319322K->22498K(978944K), 0.0040860 secs]
28.957: [GC 293524K->53395K(1006080K), 0.0189750 secs]
7	Afghanistan	10
8	Afghanistan	10
5	Afghanistan	10
6	Afghanistan	10
3	Afghanistan	10
4	Afghanistan	10
1	Afghanistan	10
2	Afghanistan	10
0	Afghanistan	10
6	Afghanistan	7
29.386: [GC 321296K->34039K(1009152K), 0.0098740 secs]
30.002: [GC 302395K->33864K(1011200K), 0.0069870 secs]
30.548: [GC 303444K->44290K(1010176K), 0.0080620 secs]
31.063: [GC 314992K->54128K(1005056K), 0.0100880 secs]
31.759: [GC 320745K->44054K(1008128K), 0.0084350 secs]
7	Afghanistan	10
8	Afghanistan	10
5	Afghanistan	10
6	Afghanistan	10
3	Afghanistan	10
4	Afghanistan	10
1	Afghanistan	10
2	Afghanistan	10
0	Afghanistan	10
6	Afghanistan	7
32.128: [GC 308156K->34923K(1010176K), 0.0078250 secs]
32.437: [GC 302715K->45050K(1009664K), 0.0091110 secs]
33.268: [GC 309982K->44630K(1012224K), 0.0176900 secs]
33.914: [GC 319114K->54964K(1006080K), 0.0104570 secs]
34.563: [GC 321312K->55122K(1005056K), 0.0101150 secs]
35.217: [GC 320850K->44651K(1007104K), 0.0077400 secs]
35.627: [GC 309416K->55410K(1005056K), 0.0176600 secs]
98	3	1.0000563
99	3	1.0000209
100	3	1.0019691
80	3	1.0015562
81	3	1.000677
78	3	1.0020266
79	3	1.0002042
76	3	1.0012363
77	3	1.0015849
74	3	1.0005808
36.015: [GC 315611K->25733K(967168K), 0.0039950 secs]
36.834: [GC 291056K->46225K(1007104K), 0.0095610 secs]
37.388: [GC 310417K->45780K(1005568K), 0.0087990 secs]
37.935: [GC 309972K->45946K(1010688K), 0.0084370 secs]
38.497: [GC 317306K->46048K(1009152K), 0.0086240 secs]
38.868: [GC 316258K->35832K(1012224K), 0.0064780 secs]
98	3	1.0000563
99	3	1.0000209
100	3	1.0019691
80	3	1.0015562
81	3	1.000677
78	3	1.0020266
79	3	1.0002042
76	3	1.0012363
77	3	1.0015849
74	3	1.0005808
39.251: [GC 306195K->37007K(1012224K), 0.0098200 secs]
39.668: [GC 312975K->52299K(1010176K), 0.0207840 secs]
40.595: [GC 318465K->25509K(973824K), 0.0030970 secs]
41.171: [GC 299429K->46868K(1010688K), 0.0080080 secs]
41.690: [GC 318740K->57486K(1009664K), 0.0284880 secs]
42.609: [GC 321476K->46346K(1009152K), 0.0294070 secs]
43.045: [GC 318218K->84031K(1009152K), 0.0953400 secs]
43.744: [GC 355279K->67723K(1003008K), 0.0107050 secs]
44.322: [GC 331403K->77926K(994816K), 0.0278160 secs]
44.980: [GC 339854K->271382K(861696K), 0.4935230 secs]
56.4781	6.450776	5
155.70833	5.256869	0
193.19551	5.4218936	2
66.75327	6.3846054	3
101.10771	4.7416306	7
133.1919	6.4723134	1
120.531075	6.4435697	7
90.697266	4.0908895	8
86.800606	4.059397	6
181.68132	5.081027	5
45.622: [GC 388630K->262551K(932864K), 0.0786540 secs]
45.901: [GC 375952K->262458K(933376K), 0.0074120 secs]
46.048: [GC 370466K->262496K(932864K), 0.0064320 secs]
46.137: [GC 370579K->293472K(944128K), 0.0182080 secs]
46.553: [GC 415754K->282625K(936448K), 0.0165070 secs]
46.890: [GC 414721K->296211K(952832K), 0.0213140 secs]
47.127: [GC 448503K->303985K(948224K), 0.0091170 secs]
47.543: [GC 447944K->282915K(961024K), 0.0059060 secs]
47.974: [GC 446954K->318096K(958976K), 0.0229950 secs]
48.138: [GC 482043K->324781K(966656K), 0.0192560 secs]
48.522: [GC 500035K->345767K(933376K), 0.0496180 secs]
184.53485	4.895614	0
94.76107	5.3024535	0
94.9035	4.62859	0
96.85104	4.869428	0
125.955	4.472567	0
106.309715	5.213777	0
155.70833	5.256869	0
55.299133	4.2150083	0
117.091255	5.1306677	0
191.59561	5.256853	0
48.835: [GC 527015K->295201K(963584K), 0.0065170 secs]
49.062: [GC 462471K->315513K(962048K), 0.0097760 secs]
49.564: [GC 489625K->304238K(970240K), 0.0209840 secs]
49.879: [GC 494702K->329283K(968704K), 0.0182900 secs]
50.220: [GC 513346K->335847K(976896K), 0.0190270 secs]
50.773: [GC 529405K->325693K(974848K), 0.0091230 secs]
51.282: [GC 520677K->304624K(981504K), 0.0041930 secs]
51.616: [GC 516818K->315597K(980992K), 0.0105900 secs]
51.869: [GC 525558K->315537K(987136K), 0.0137520 secs]
125.80169	4.970333	1
94.76107	5.3024535	0
96.74623	5.6528635	1
152.92853	4.7228036	1
155.70833	5.256869	0
55.299133	4.2150083	0
133.1919	6.4723134	1
191.59561	5.256853	0
59.573963	6.051628	0
83.739235	5.200716	0
52.234: [GC 534498K->306549K(984576K), 0.0075600 secs]
52.615: [GC 529781K->338216K(985600K), 0.0388610 secs]
53.237: [GC 564008K->326195K(987136K), 0.0089540 secs]
53.681: [GC 543510K->353136K(991744K), 0.0660300 secs]
54.285: [GC 586885K->347230K(990720K), 0.0149400 secs]
55.037: [GC 581214K->346803K(994816K), 0.0232280 secs]
55.431: [GC 587955K->372396K(994816K), 0.0264570 secs]
56.232: [GC 603377K->346861K(995840K), 0.0064570 secs]
56.608: [GC 582552K->381832K(977408K), 0.0431730 secs]
57.140: [GC 624520K->474231K(920064K), 0.2829530 secs]
57.770: [GC 632099K->551467K(945664K), 0.2963660 secs]
56.4781	6.450776	5
155.70833	5.256869	0
66.75327	6.3846054	3
193.19551	5.4218936	2
101.10771	4.7416306	7
133.1919	6.4723134	1
120.531075	6.4435697	7
86.800606	4.059397	6
181.68132	5.081027	5
132.51135	4.838054	4
58.333: [GC 714730K->552758K(946688K), 0.1795070 secs]
58.691: [GC 696630K->562970K(945664K), 0.0130590 secs]
59.139: [GC 703796K->576738K(955392K), 0.0442230 secs]
59.308: [GC 730640K->583710K(951808K), 0.0140220 secs]
59.757: [GC 737016K->583808K(965120K), 0.0137960 secs]
60.212: [GC 750873K->562770K(960000K), 0.0099240 secs]
60.728: [GC 736973K->587695K(971264K), 0.0209060 secs]
60.913: [GC 776111K->584492K(965632K), 0.0206510 secs]
61.228: [GC 766829K->605674K(972800K), 0.0957380 secs]
184.53485	4.895614	0
94.76107	5.3024535	0
94.9035	4.62859	0
96.85104	4.869428	0
125.955	4.472567	0
106.309715	5.213777	0
155.70833	5.256869	0
55.299133	4.2150083	0
117.091255	5.1306677	0
191.59561	5.256853	0
61.576: [GC 803638K->574549K(974336K), 0.0148500 secs]
61.799: [GC 769281K->585251K(980480K), 0.0138490 secs]
62.362: [GC 788146K->584774K(976384K), 0.0130680 secs]
62.864: [GC 788437K->573984K(986112K), 0.0125310 secs]
63.415: [GC 791106K->574636K(984576K), 0.0200190 secs]
63.936: [GC 796844K->602726K(987136K), 0.0284890 secs]
64.302: [GC 819752K->585158K(986112K), 0.0109710 secs]
64.558: [GC 804343K->585316K(991744K), 0.0093010 secs]
125.80169	4.970333	1
94.76107	5.3024535	0
96.74623	5.6528635	1
152.92853	4.7228036	1
155.70833	5.256869	0
55.299133	4.2150083	0
133.1919	6.4723134	1
191.59561	5.256853	0
59.573963	6.051628	0
83.739235	5.200716	0
64.906: [GC 814444K->576271K(989696K), 0.0115500 secs]
65.336: [GC 809231K->609299K(987648K), 0.0914750 secs]
66.014: [GC 831893K->596161K(990208K), 0.0131240 secs]
66.512: [GC 828097K->612449K(996352K), 0.1315720 secs]
67.105: [GC 846648K->616970K(993280K), 0.0147430 secs]
67.863: [GC 858122K->616584K(998912K), 0.0351860 secs]
68.266: [GC 865928K->647783K(980480K), 0.0353840 secs]
68.980: [GC 892440K->637829K(999424K), 0.0107920 secs]
69.435: [GC 876903K->627070K(996864K), 0.0200950 secs]
69.987: [GC-- 874878K->947326K(996864K), 0.7924730 secs]
70.780: [Full GC 947326K->192405K(996864K), 1.4855790 secs]
56.4781	6.450776	5
155.70833	5.256869	0
66.75327	6.3846054	3
193.19551	5.4218936	2
101.10771	4.7416306	7
133.1919	6.4723134	1
120.531075	6.4435697	7
86.800606	4.059397	6
181.68132	5.081027	5
132.51135	4.838054	4
72.673: [GC 440213K->219538K(998400K), 0.0975550 secs]
73.020: [GC 461394K->250297K(980992K), 0.0552880 secs]
73.664: [GC 491497K->239663K(999424K), 0.0158040 secs]
74.253: [GC 479840K->250005K(996864K), 0.0161760 secs]
74.786: [GC 491763K->239891K(1000960K), 0.0121670 secs]
75.300: [GC 480431K->250261K(997888K), 0.0267800 secs]
75.672: [GC 499701K->229996K(1000448K), 0.0108580 secs]
Aaron	7
Aaron	6
Aaron	5
Aaron	4
Aaron	3
Aaron	2
Aaron	1
Aaron	0
Aaron	15
Aaron	14
76.028: [GC 480886K->220885K(999936K), 0.0210090 secs]
76.593: [GC 469675K->230256K(1001472K), 0.0170210 secs]
77.113: [GC 477620K->251473K(984576K), 0.0161530 secs]
77.608: [GC 501080K->240863K(1001984K), 0.0136540 secs]
78.137: [GC 488120K->251201K(999424K), 0.0184140 secs]
Aaron	7
Aaron	6
Aaron	5
Aaron	4
Aaron	3
Aaron	2
Aaron	1
Aaron	0
Aaron	15
Aaron	14
78.628: [GC 504129K->221867K(999936K), 0.0173130 secs]
78.938: [GC 463021K->242288K(999936K), 0.0154790 secs]
79.507: [GC 493680K->242072K(1003520K), 0.0135620 secs]
80.072: [GC 493826K->241920K(1001472K), 0.0121780 secs]
80.616: [GC 493572K->242026K(1007104K), 0.0130600 secs]
81.285: [GC 503678K->252400K(995328K), 0.0268180 secs]
81.673: [GC 510900K->252528K(1001984K), 0.0244730 secs]
Aaron	7
Aaron	6
Aaron	5
Aaron	4
Aaron	3
Aaron	2
Aaron	1
Aaron	0
Aaron	15
Aaron	14
82.015: [GC 511088K->223066K(960000K), 0.0110550 secs]
82.581: [GC 477475K->232401K(1003520K), 0.0249960 secs]
83.147: [GC 482385K->222241K(1002496K), 0.0105000 secs]
83.709: [GC 472034K->232506K(1004544K), 0.0105030 secs]
84.268: [GC 491578K->243516K(1003008K), 0.0124280 secs]
84.616: [GC 498719K->243041K(1006592K), 0.0231500 secs]
Aaron	7
Aaron	6
Aaron	5
Aaron	4
Aaron	3
Aaron	2
Aaron	1
Aaron	0
Aaron	15
Aaron	14
84.963: [GC 506721K->223698K(1005568K), 0.0146050 secs]
85.631: [GC 486955K->223198K(1006592K), 0.0109160 secs]
86.585: [GC 487335K->244241K(1006592K), 0.0123180 secs]
87.088: [GC 508875K->254079K(999424K), 0.0162590 secs]
87.593: [GC 509488K->254213K(988672K), 0.0162100 secs]
87.920: [GC 503005K->233715K(1002496K), 0.0109580 secs]
male	Accounting
female	Accounting
88.295: [GC 485609K->234929K(1000448K), 0.0170850 secs]
88.803: [GC 482823K->245017K(1005568K), 0.0151570 secs]
89.267: [GC 504193K->254841K(992768K), 0.0270700 secs]
90.074: [GC 515792K->234496K(1004032K), 0.0193930 secs]
90.394: [GC 490391K->244741K(1002496K), 0.0225830 secs]
male	Accounting
female	Accounting
90.710: [GC 495447K->235681K(1007104K), 0.0132370 secs]
91.323: [GC 499873K->245786K(1005568K), 0.0320240 secs]
91.954: [GC 504983K->255632K(1001984K), 0.0174000 secs]
92.534: [GC 516895K->245452K(1005056K), 0.0134810 secs]
93.139: [GC 505729K->245584K(1008640K), 0.0143310 secs]
93.478: [GC 507636K->245640K(1007104K), 0.0208580 secs]
male	Accounting
female	Accounting
93.831: [GC 512904K->226319K(1008128K), 0.0172020 secs]
94.396: [GC 487540K->236192K(1009152K), 0.0111100 secs]
94.894: [GC 500651K->256912K(1003008K), 0.0191320 secs]
95.375: [GC 512673K->256502K(995840K), 0.0179320 secs]
96.009: [GC 516086K->246428K(1006592K), 0.0122550 secs]
male	Accounting
female	Accounting
96.313: [GC 499248K->227046K(1004544K), 0.0111820 secs]
96.595: [GC 482783K->247420K(1006592K), 0.0243930 secs]
97.121: [GC 501966K->247028K(1005568K), 0.0228500 secs]
97.724: [GC 510708K->247130K(1009664K), 0.0138640 secs]
98.493: [GC 516442K->247264K(1008128K), 0.0122460 secs]
98.835: [GC 509522K->236988K(1011200K), 0.0191200 secs]
male	Accounting
female	Accounting
99.225: [GC 510396K->227971K(974848K), 0.0117530 secs]
99.781: [GC 499445K->238048K(1011200K), 0.0231450 secs]
100.277: [GC 510944K->248259K(1010176K), 0.0125170 secs]
100.778: [GC 511297K->258464K(1004544K), 0.0299000 secs]
101.423: [GC 517907K->258434K(998912K), 0.0166050 secs]
male	Accounting
female	Accounting
101.836: [GC 524132K->228830K(1004544K), 0.0110840 secs]
102.086: [GC 482683K->249217K(1005056K), 0.0170720 secs]
102.646: [GC 510849K->248797K(1007104K), 0.0231790 secs]
103.412: [GC 513501K->248899K(1006080K), 0.0128710 secs]
104.045: [GC 513603K->238789K(1009152K), 0.0117740 secs]
104.408: [GC 507854K->249023K(1008640K), 0.0172690 secs]
male	Accounting
female	Accounting
