/home/ec2-user/blinkdb
-i /home/ec2-user/eecs584/workloadGen/querySet/querySet1/frame_2/workload_stats_sparsity.queries
Starting the Shark Command Line Client
/home/ec2-user/blinkdb/target/scala-2.9.3/classes
/home/ec2-user/blinkdb/target/scala-2.9.3/shark_2.9.3-0.8.0-SNAPSHOT.jar
4.276: [GC 262656K->21557K(1005568K), 0.0457720 secs]
5.692: [GC 149692K->17020K(1005568K), 0.0339590 secs]
5.726: [Full GC 17020K->16216K(1005568K), 0.1874940 secs]
5.928: [GC 24967K->16287K(1005568K), 0.0023920 secs]
5.931: [Full GC 16287K->9150K(1005568K), 0.1249420 secs]
9.993: [GC 264742K->39500K(1005568K), 0.0365210 secs]
10.536: [GC 300453K->26771K(1005568K), 0.0209510 secs]
12.361: [GC 285124K->30614K(1005568K), 0.0187060 secs]
13.202: [GC 293270K->39111K(1005568K), 0.0298690 secs]
13.922: [GC 301767K->39701K(1006080K), 0.0229170 secs]
14.779: [GC 305994K->18689K(971264K), 0.0253300 secs]
15.314: [GC 287489K->39119K(1008640K), 0.0199730 secs]
1387
15.895: [GC 306383K->19911K(1007104K), 0.0073670 secs]
16.668: [GC 287175K->42040K(1007616K), 0.0235740 secs]
18.069: [GC 300131K->18801K(966656K), 0.0041270 secs]
18.896: [GC 285553K->40146K(1007616K), 0.0115380 secs]
19.525: [GC 306386K->47570K(994816K), 0.0295130 secs]
20.421: [GC 310721K->29325K(1007104K), 0.0079290 secs]
21.213: [GC 293517K->40380K(1005568K), 0.0165930 secs]
21.814: [GC 304572K->65064K(998912K), 0.0452540 secs]
22.621: [GC 323624K->137965K(1003520K), 0.2174400 secs]
23.293: [GC 392678K->295509K(862208K), 0.6415650 secs]
24.359: [GC 412757K->285549K(932864K), 0.1489490 secs]
24.926: [GC 402797K->285573K(932864K), 0.0081950 secs]
25.429: [GC 402821K->285581K(932864K), 0.0059860 secs]
25.552: [GC 396050K->316405K(932864K), 0.0117340 secs]
1107700
25.760: [GC 433653K->286625K(932864K), 0.0106650 secs]
26.002: [GC 401069K->286512K(936448K), 0.0045910 secs]
26.136: [GC 405730K->286048K(932864K), 0.0103000 secs]
26.332: [GC 404022K->296841K(946688K), 0.0073000 secs]
26.547: [GC 435593K->316258K(940544K), 0.0364030 secs]
27.034: [GC 455010K->306880K(957440K), 0.0181290 secs]
27.500: [GC 463669K->317044K(954368K), 0.0071960 secs]
27.750: [GC 480372K->338058K(965120K), 0.0333790 secs]
28.389: [GC 517770K->327660K(963072K), 0.0230550 secs]
28.772: [GC 502139K->348830K(973312K), 0.0099270 secs]
29.243: [GC 541854K->368180K(968192K), 0.1401490 secs]
29.972: [GC 556082K->348344K(980480K), 0.0054740 secs]
30.302: [GC 558776K->385620K(947200K), 0.0498150 secs]
31.088: [GC 596052K->369192K(979968K), 0.0383540 secs]
31.431: [GC 578600K->400698K(977920K), 0.0687210 secs]
31.972: [GC 610106K->417303K(967680K), 0.0593280 secs]
32.546: [GC 616471K->562415K(973824K), 0.4395930 secs]
33.309: [GC 761583K->624975K(891904K), 0.3181530 secs]
34.035: [GC 742223K->625359K(932864K), 0.1753700 secs]
34.210: [Full GC 625359K->271933K(932864K), 1.8725460 secs]
36.484: [GC 389181K->272029K(932864K), 0.0131600 secs]
36.764: [GC 387135K->272037K(932864K), 0.0034570 secs]
36.866: [GC 379313K->303514K(934400K), 0.0105470 secs]
1107756
37.116: [GC 415548K->283621K(932864K), 0.0076240 secs]
37.289: [GC 397272K->272571K(943104K), 0.0071130 secs]
37.409: [GC 403202K->282803K(939520K), 0.0062250 secs]
37.596: [GC 416748K->304550K(952832K), 0.0199340 secs]
38.088: [GC 455805K->304164K(948224K), 0.0178850 secs]
38.519: [GC 446626K->283095K(961536K), 0.0061730 secs]
38.996: [GC 446790K->283796K(957440K), 0.0068880 secs]
39.441: [GC 454292K->294106K(971776K), 0.0087620 secs]
39.779: [GC 472960K->294170K(965632K), 0.0099120 secs]
39.887: [GC 478877K->303855K(978432K), 0.0106320 secs]
40.043: [GC 505279K->283866K(976896K), 0.0080090 secs]
127
40.388: [GC 489742K->274311K(982528K), 0.0042760 secs]
40.641: [GC 482764K->295158K(981504K), 0.0126240 secs]
41.197: [GC 500692K->304913K(986112K), 0.0112300 secs]
41.705: [GC 521539K->304954K(986112K), 0.0111330 secs]
42.389: [GC 528698K->294714K(990208K), 0.0183780 secs]
42.919: [GC 521145K->294676K(986112K), 0.0100590 secs]
43.086: [GC 518270K->273551K(992768K), 0.0065760 secs]
1
