/home/ec2-user/blinkdb
-i /home/ec2-user/eecs584/workloadGen/querySet/querySet1/frame_2/workload.queries
Starting the Shark Command Line Client
/home/ec2-user/blinkdb/target/scala-2.9.3/classes
/home/ec2-user/blinkdb/target/scala-2.9.3/shark_2.9.3-0.8.0-SNAPSHOT.jar
4.396: [GC 262656K->21605K(1005568K), 0.0667210 secs]
5.920: [GC 149742K->17027K(1005568K), 0.0625260 secs]
5.983: [Full GC 17027K->16258K(1005568K), 0.1882060 secs]
6.188: [GC 22330K->16329K(1005568K), 0.0023320 secs]
6.190: [Full GC 16329K->9195K(1005568K), 0.0912070 secs]
10.354: [GC 264827K->39873K(1005568K), 0.0378720 secs]
11.169: [GC 302529K->40025K(1005568K), 0.0307650 secs]
12.484: [GC 298851K->50360K(1005568K), 0.0367840 secs]
13.377: [GC 311809K->39248K(992256K), 0.0197320 secs]
13.964: [GC 297742K->49562K(989696K), 0.0274380 secs]
14.581: [GC 288666K->39316K(993792K), 0.0334000 secs]
15.148: [GC 278420K->20296K(993792K), 0.0087650 secs]
7	Afghanistan	10
8	Afghanistan	10
5	Afghanistan	10
6	Afghanistan	10
3	Afghanistan	10
4	Afghanistan	10
1	Afghanistan	10
2	Afghanistan	10
0	Afghanistan	10
6	Afghanistan	7
15.682: [GC 258066K->30112K(995328K), 0.0163630 secs]
17.797: [GC 271608K->29576K(997376K), 0.0068660 secs]
18.372: [GC 268109K->29619K(996352K), 0.0075380 secs]
18.957: [GC 268608K->29619K(999936K), 0.0064490 secs]
19.575: [GC 271581K->29645K(998400K), 0.0053900 secs]
19.995: [GC 274915K->40109K(1003520K), 0.0176280 secs]
7	Afghanistan	10
8	Afghanistan	10
5	Afghanistan	10
6	Afghanistan	10
3	Afghanistan	10
4	Afghanistan	10
1	Afghanistan	10
2	Afghanistan	10
0	Afghanistan	10
6	Afghanistan	7
20.466: [GC 289611K->20705K(1001472K), 0.0048050 secs]
21.083: [GC 277217K->41138K(1004032K), 0.0093010 secs]
21.710: [GC 299698K->40717K(1003008K), 0.0159240 secs]
22.360: [GC 298254K->40883K(1006592K), 0.0141410 secs]
23.002: [GC 302127K->51250K(994816K), 0.0117870 secs]
23.402: [GC 307209K->30673K(1005056K), 0.0094580 secs]
7	Afghanistan	10
8	Afghanistan	10
5	Afghanistan	10
6	Afghanistan	10
3	Afghanistan	10
4	Afghanistan	10
1	Afghanistan	10
2	Afghanistan	10
0	Afghanistan	10
6	Afghanistan	7
23.895: [GC 290879K->31886K(1004032K), 0.0100970 secs]
24.363: [GC 292494K->42074K(1007616K), 0.0114840 secs]
25.125: [GC 307802K->41668K(1006592K), 0.0097900 secs]
25.777: [GC 300343K->52042K(1003520K), 0.0099850 secs]
26.372: [GC 312103K->41857K(1006080K), 0.0127640 secs]
26.786: [GC 305537K->42167K(1009664K), 0.0122730 secs]
7	Afghanistan	10
8	Afghanistan	10
5	Afghanistan	10
6	Afghanistan	10
3	Afghanistan	10
4	Afghanistan	10
1	Afghanistan	10
2	Afghanistan	10
0	Afghanistan	10
6	Afghanistan	7
27.205: [GC 311479K->22518K(1008128K), 0.0050830 secs]
27.860: [GC 291830K->42949K(1009152K), 0.0113750 secs]
28.454: [GC 303586K->52786K(999936K), 0.0126900 secs]
29.035: [GC 316551K->32370K(1007104K), 0.0080550 secs]
29.605: [GC 293625K->42742K(1006592K), 0.0124750 secs]
29.974: [GC 297849K->32486K(1009152K), 0.0117190 secs]
7	Afghanistan	10
8	Afghanistan	10
5	Afghanistan	10
6	Afghanistan	10
3	Afghanistan	10
4	Afghanistan	10
1	Afghanistan	10
2	Afghanistan	10
0	Afghanistan	10
6	Afghanistan	7
30.367: [GC 295846K->33699K(1008640K), 0.0109890 secs]
30.989: [GC 294629K->54152K(1004032K), 0.0105290 secs]
31.492: [GC 311513K->43392K(1007104K), 0.0110010 secs]
32.039: [GC 299877K->44034K(1009664K), 0.0079260 secs]
32.561: [GC 313076K->53908K(1000960K), 0.0237070 secs]
7	Afghanistan	10
8	Afghanistan	10
5	Afghanistan	10
6	Afghanistan	10
3	Afghanistan	10
4	Afghanistan	10
1	Afghanistan	10
2	Afghanistan	10
0	Afghanistan	10
6	Afghanistan	7
33.074: [GC 323732K->23957K(1004544K), 0.0061730 secs]
33.403: [GC 278832K->55348K(995840K), 0.0148230 secs]
34.215: [GC 308983K->33425K(1004544K), 0.0102500 secs]
34.927: [GC 285359K->23701K(1003520K), 0.0041160 secs]
35.676: [GC 275833K->54773K(998400K), 0.0098940 secs]
36.266: [GC 308213K->44619K(1000960K), 0.0085150 secs]
36.744: [GC 293248K->44777K(1005056K), 0.0086640 secs]
98	3	1.0000563
99	3	1.0000209
100	3	1.0019691
80	3	1.0015562
81	3	1.000677
78	3	1.0020266
79	3	1.0002042
76	3	1.0012363
77	3	1.0015849
74	3	1.0005808
37.085: [GC 299564K->25309K(1003008K), 0.0040620 secs]
37.372: [GC 282437K->45740K(1005568K), 0.0089350 secs]
37.973: [GC 302998K->55541K(992768K), 0.0123940 secs]
38.550: [GC 314412K->45451K(1005056K), 0.0132520 secs]
39.109: [GC 301984K->55785K(1003008K), 0.0129220 secs]
39.688: [GC 314950K->45671K(1005056K), 0.0082570 secs]
40.050: [GC 305255K->45608K(1003008K), 0.0112630 secs]
98	3	1.0000563
99	3	1.0000209
100	3	1.0019691
80	3	1.0015562
81	3	1.000677
78	3	1.0020266
79	3	1.0002042
76	3	1.0012363
77	3	1.0015849
74	3	1.0005808
40.433: [GC 300992K->36616K(1008128K), 0.0094920 secs]
40.948: [GC 303880K->62051K(1004032K), 0.0552240 secs]
41.788: [GC 322646K->56697K(1000960K), 0.0100660 secs]
42.523: [GC 313209K->46046K(956416K), 0.0180960 secs]
43.051: [GC 302558K->73607K(1000960K), 0.0271130 secs]
43.867: [GC 319026K->56396K(1000960K), 0.0056770 secs]
44.321: [GC 304755K->94262K(986624K), 0.0542720 secs]
45.007: [GC 326344K->68640K(994304K), 0.0115790 secs]
45.503: [GC 305474K->57814K(997888K), 0.0064410 secs]
46.032: [GC 304086K->226838K(996864K), 0.3921940 secs]
56.4781	6.450776	5
155.70833	5.256869	0
193.19551	5.4218936	2
66.75327	6.3846054	3
101.10771	4.7416306	7
133.1919	6.4723134	1
120.531075	6.4435697	7
90.697266	4.0908895	8
86.800606	4.059397	6
181.68132	5.081027	5
46.807: [GC 471455K->179112K(890368K), 0.0468470 secs]
47.017: [GC 313976K->178282K(943616K), 0.0117090 secs]
47.135: [GC 308164K->209220K(951808K), 0.0164090 secs]
47.593: [GC 351917K->199090K(945152K), 0.0126110 secs]
48.031: [GC 345274K->188328K(957952K), 0.0170540 secs]
48.225: [GC 354728K->210325K(956928K), 0.0190250 secs]
48.626: [GC 366931K->219890K(967680K), 0.0198520 secs]
49.118: [GC 402674K->209664K(963584K), 0.0156560 secs]
49.402: [GC 390667K->199085K(974336K), 0.0131210 secs]
184.53485	4.895614	0
94.76107	5.3024535	0
94.9035	4.62859	0
96.85104	4.869428	0
125.955	4.472567	0
106.309715	5.213777	0
155.70833	5.256869	0
55.299133	4.2150083	0
117.091255	5.1306677	0
191.59561	5.256853	0
49.712: [GC 392776K->200650K(972288K), 0.0126590 secs]
49.962: [GC 396372K->189614K(978432K), 0.0054370 secs]
50.509: [GC 393206K->199956K(977408K), 0.0088650 secs]
50.938: [GC 407316K->226930K(983552K), 0.0345720 secs]
51.324: [GC 443506K->223400K(981504K), 0.0282110 secs]
51.750: [GC 438447K->231142K(987136K), 0.0202500 secs]
52.299: [GC 454476K->231268K(986624K), 0.0117200 secs]
52.709: [GC 449053K->273763K(957952K), 0.0995820 secs]
125.80169	4.970333	1
94.76107	5.3024535	0
96.74623	5.6528635	1
152.92853	4.7228036	1
155.70833	5.256869	0
55.299133	4.2150083	0
133.1919	6.4723134	1
191.59561	5.256853	0
59.573963	6.051628	0
83.739235	5.200716	0
53.066: [GC 465767K->224413K(972800K), 0.0125100 secs]
53.323: [GC 413048K->244797K(977408K), 0.0123640 secs]
53.732: [GC 440940K->260447K(974848K), 0.0629180 secs]
54.325: [GC 457312K->265011K(984064K), 0.0120910 secs]
54.815: [GC 482099K->271031K(981504K), 0.0787120 secs]
55.400: [GC 479653K->275527K(988672K), 0.0118740 secs]
56.067: [GC 501831K->275124K(986112K), 0.0198100 secs]
56.449: [GC 501428K->298989K(991232K), 0.0291840 secs]
57.267: [GC 525315K->295744K(987648K), 0.0187530 secs]
57.621: [GC 526144K->318941K(991232K), 0.0767880 secs]
58.185: [GC 553949K->398786K(991744K), 0.3524010 secs]
58.949: [GC 633794K->350921K(935424K), 0.0403760 secs]
56.4781	6.450776	5
155.70833	5.256869	0
66.75327	6.3846054	3
193.19551	5.4218936	2
101.10771	4.7416306	7
133.1919	6.4723134	1
120.531075	6.4435697	7
86.800606	4.059397	6
181.68132	5.081027	5
132.51135	4.838054	4
59.243: [GC 527861K->361359K(963584K), 0.0359380 secs]
59.571: [GC 540047K->373652K(970240K), 0.0260640 secs]
59.978: [GC 559611K->371918K(965632K), 0.0170940 secs]
60.446: [GC 556849K->382248K(977408K), 0.0233430 secs]
60.931: [GC 578884K->382374K(974336K), 0.0167010 secs]
61.414: [GC 585638K->372262K(983040K), 0.0108790 secs]
61.734: [GC 587302K->388328K(980480K), 0.0389600 secs]
184.53485	4.895614	0
94.76107	5.3024535	0
94.9035	4.62859	0
96.85104	4.869428	0
125.955	4.472567	0
106.309715	5.213777	0
155.70833	5.256869	0
55.299133	4.2150083	0
117.091255	5.1306677	0
191.59561	5.256853	0
62.064: [GC 599338K->363237K(984576K), 0.0115120 secs]
62.339: [GC 575111K->383594K(983552K), 0.0231370 secs]
62.896: [GC 595997K->372923K(988672K), 0.0108290 secs]
63.410: [GC 596782K->362133K(986112K), 0.0085240 secs]
63.975: [GC 588363K->362682K(990208K), 0.0091050 secs]
64.528: [GC 587308K->373081K(989184K), 0.0184370 secs]
64.868: [GC 594472K->362967K(994816K), 0.0144480 secs]
125.80169	4.970333	1
94.76107	5.3024535	0
96.74623	5.6528635	1
152.92853	4.7228036	1
155.70833	5.256869	0
55.299133	4.2150083	0
133.1919	6.4723134	1
191.59561	5.256853	0
59.573963	6.051628	0
83.739235	5.200716	0
65.252: [GC 602583K->353740K(993280K), 0.0113580 secs]
65.547: [GC 593356K->374557K(996864K), 0.0141780 secs]
66.147: [GC 617245K->373466K(994304K), 0.0350230 secs]
66.620: [GC 616154K->395265K(998912K), 0.0157200 secs]
67.462: [GC 633624K->394008K(996864K), 0.0212860 secs]
67.868: [GC 641304K->419508K(993280K), 0.0468670 secs]
68.501: [GC 661085K->415346K(976384K), 0.0240840 secs]
69.226: [GC 660594K->404730K(994816K), 0.0279550 secs]
69.648: [GC 646906K->432034K(995328K), 0.0277750 secs]
70.169: [GC 674210K->494973K(949760K), 0.1748580 secs]
70.831: [GC 692093K->598943K(972800K), 0.3327760 secs]
56.4781	6.450776	5
155.70833	5.256869	0
66.75327	6.3846054	3
193.19551	5.4218936	2
101.10771	4.7416306	7
133.1919	6.4723134	1
120.531075	6.4435697	7
86.800606	4.059397	6
181.68132	5.081027	5
132.51135	4.838054	4
71.424: [GC 787568K->600861K(892928K), 0.1743410 secs]
71.731: [GC 708504K->600503K(932864K), 0.0118070 secs]
71.824: [GC 708628K->631447K(941568K), 0.0140490 secs]
72.311: [GC 750204K->610341K(933376K), 0.0268300 secs]
72.432: [GC 728676K->631610K(949760K), 0.0200190 secs]
72.906: [GC 770210K->631049K(943104K), 0.0197170 secs]
73.135: [GC 775433K->642029K(959488K), 0.0120850 secs]
73.549: [GC 806893K->652387K(953856K), 0.0143380 secs]
74.072: [GC 815260K->641627K(967168K), 0.0232750 secs]
74.451: [GC 821750K->652631K(964096K), 0.0177440 secs]
74.614: [GC 835103K->642543K(974848K), 0.0190240 secs]
Aaron	7
Aaron	6
Aaron	5
Aaron	4
Aaron	3
Aaron	2
Aaron	1
Aaron	0
Aaron	15
Aaron	14
74.899: [GC 834941K->632894K(972288K), 0.0078780 secs]
75.322: [GC 831550K->653743K(980992K), 0.0134980 secs]
75.754: [GC 862639K->653385K(976384K), 0.0210610 secs]
76.215: [GC 862281K->653519K(989696K), 0.0242280 secs]
76.963: [GC 880335K->653621K(985600K), 0.0132380 secs]
77.385: [GC 877531K->643477K(995328K), 0.0112700 secs]
Aaron	7
Aaron	6
Aaron	5
Aaron	4
Aaron	3
Aaron	2
Aaron	1
Aaron	0
Aaron	15
Aaron	14
77.706: [GC 875245K->634344K(993792K), 0.0160660 secs]
77.987: [GC 868020K->654758K(997888K), 0.0133540 secs]
78.540: [GC 889796K->664565K(995328K), 0.0149050 secs]
79.146: [GC 901668K->654451K(998912K), 0.0122600 secs]
79.691: [GC 901235K->654649K(996352K), 0.0134770 secs]
80.300: [GC 901433K->655289K(1003520K), 0.0140320 secs]
80.720: [GC 911801K->654873K(1001472K), 0.0136100 secs]
Aaron	7
Aaron	6
Aaron	5
Aaron	4
Aaron	3
Aaron	2
Aaron	1
Aaron	0
Aaron	15
Aaron	14
81.034: [GC 901975K->645241K(1006592K), 0.0133410 secs]
81.629: [GC 900207K->655799K(1005568K), 0.0218050 secs]
82.180: [GC 912788K->655428K(1009664K), 0.0117510 secs]
82.724: [GC 924740K->655754K(1008128K), 0.0125450 secs]
83.283: [GC 922191K->656126K(1012224K), 0.0124990 secs]
83.649: [GC 928907K->635234K(974848K), 0.0184640 secs]
Aaron	7
Aaron	6
Aaron	5
Aaron	4
Aaron	3
Aaron	2
Aaron	1
Aaron	0
Aaron	15
Aaron	14
84.045: [GC 909666K->657526K(1010688K), 0.0153330 secs]
84.658: [GC 927018K->667000K(1004032K), 0.0147350 secs]
85.176: [GC 929869K->656555K(1009152K), 0.0125830 secs]
85.822: [GC 924843K->656665K(1007616K), 0.0124810 secs]
86.368: [GC 923473K->656767K(1012224K), 0.0119170 secs]
male	Accounting
female	Accounting
86.673: [GC 926208K->637455K(1010688K), 0.0104900 secs]
87.252: [GC 911257K->657803K(1011712K), 0.0229520 secs]
87.740: [GC 925275K->636749K(974336K), 0.0140970 secs]
88.304: [GC 904826K->668217K(1003008K), 0.0258430 secs]
88.870: [GC 932921K->657587K(1006592K), 0.0221990 secs]
male	Accounting
female	Accounting
89.253: [GC 916316K->638191K(1007104K), 0.0086140 secs]
89.529: [GC 904591K->668850K(998400K), 0.0178570 secs]
90.045: [GC 926777K->668457K(999424K), 0.0148520 secs]
90.625: [GC 923945K->658319K(1001984K), 0.0125850 secs]
91.299: [GC 913807K->658453K(1006080K), 0.0123990 secs]
91.793: [GC 914135K->648308K(1004544K), 0.0105160 secs]
male	Accounting
female	Accounting
92.080: [GC 903165K->639239K(1005056K), 0.0142420 secs]
92.360: [GC 893633K->659623K(1006080K), 0.0178200 secs]
93.232: [GC 921074K->659173K(1008128K), 0.0171280 secs]
93.761: [GC 921748K->659267K(1007104K), 0.0129310 secs]
94.296: [GC 922078K->670197K(1003520K), 0.0264690 secs]
94.657: [GC 932790K->659604K(1006592K), 0.0127490 secs]
male	Accounting
female	Accounting
95.009: [GC 921213K->640292K(1006080K), 0.0154850 secs]
95.564: [GC 901271K->660587K(1007104K), 0.0143380 secs]
96.095: [GC 922808K->670437K(1003008K), 0.0155420 secs]
96.616: [GC 933093K->660363K(1005568K), 0.0212300 secs]
97.219: [GC 923019K->660473K(1009152K), 0.0125140 secs]
male	Accounting
female	Accounting
97.571: [GC 924032K->641101K(1007616K), 0.0117710 secs]
97.834: [GC 907204K->671728K(1001984K), 0.0191810 secs]
98.626: [GC 931546K->661103K(1005056K), 0.0125500 secs]
99.081: [GC 917678K->650806K(1007616K), 0.0104410 secs]
99.580: [GC 907445K->672009K(997888K), 0.0261770 secs]
99.908: [GC 931075K->661443K(1007104K), 0.0229270 secs]
male	Accounting
female	Accounting
100.261: [GC 922893K->642126K(1005056K), 0.0146780 secs]
100.794: [GC 903191K->662423K(1007104K), 0.0222980 secs]
101.370: [GC 924014K->672305K(995840K), 0.0251310 secs]
101.913: [GC 935196K->662199K(1006592K), 0.0232930 secs]
102.577: [GC 924855K->662301K(1004544K), 0.0303320 secs]
male	Accounting
female	Accounting
