/home/ec2-user/blinkdb
-i /home/ec2-user/eecs584/workloadGen/querySet/querySet1/frame_2/workload_stats_dqcs.queries
Starting the Shark Command Line Client
/home/ec2-user/blinkdb/target/scala-2.9.3/classes
/home/ec2-user/blinkdb/target/scala-2.9.3/shark_2.9.3-0.8.0-SNAPSHOT.jar
4.377: [GC 262656K->21537K(1005568K), 0.0662760 secs]
5.768: [GC 149735K->16931K(1005568K), 0.0330580 secs]
5.801: [Full GC 16931K->16159K(1005568K), 0.2010560 secs]
6.018: [GC 24910K->16230K(1005568K), 0.0023500 secs]
6.020: [Full GC 16230K->9111K(1005568K), 0.0939820 secs]
9.933: [GC 271767K->29499K(1005568K), 0.0398520 secs]
10.486: [GC 292155K->17032K(1005568K), 0.0310020 secs]
12.172: [GC 272423K->40902K(1005568K), 0.0352000 secs]
13.410: [GC 303558K->28606K(1005568K), 0.0196960 secs]
14.057: [GC 291262K->39402K(1006080K), 0.0244730 secs]
14.635: [GC 300137K->38972K(1009664K), 0.0282110 secs]
1387
15.279: [GC 309394K->20012K(1008128K), 0.0075850 secs]
15.878: [GC 289619K->50559K(1002496K), 0.0413190 secs]
17.261: [GC 316772K->39222K(1007104K), 0.0150980 secs]
18.014: [GC 303414K->40003K(1005568K), 0.0084820 secs]
18.655: [GC 304195K->55325K(1000448K), 0.0508740 secs]
19.398: [GC 308676K->40163K(1004544K), 0.0124580 secs]
20.283: [GC 291069K->29342K(1007104K), 0.0064230 secs]
20.870: [GC 293305K->19633K(965632K), 0.0037420 secs]
21.624: [GC 284849K->208429K(883712K), 0.4297470 secs]
22.203: [GC 339507K->257828K(944640K), 0.1473410 secs]
23.036: [GC 398628K->247732K(946688K), 0.0956240 secs]
23.362: [GC 386582K->278620K(946688K), 0.0159780 secs]
1107700
23.658: [GC 421879K->259776K(955904K), 0.0167780 secs]
23.843: [GC 416142K->248203K(953344K), 0.0147500 secs]
24.097: [GC 408971K->270047K(962560K), 0.0152190 secs]
24.472: [GC 436164K->285679K(956928K), 0.0738970 secs]
25.169: [GC 456687K->269067K(968192K), 0.0149010 secs]
25.437: [GC 455435K->298068K(966656K), 0.0520860 secs]
26.147: [GC 484436K->289846K(972800K), 0.0305430 secs]
26.508: [GC 485942K->314486K(971776K), 0.0235520 secs]
27.206: [GC 510582K->310606K(978432K), 0.0303690 secs]
27.589: [GC 517454K->334271K(976896K), 0.0383870 secs]
28.335: [GC 541119K->331362K(983040K), 0.0307940 secs]
28.731: [GC 547938K->357499K(982016K), 0.0276460 secs]
29.268: [GC 574075K->376764K(973824K), 0.0619370 secs]
29.868: [GC 587196K->524979K(979456K), 0.4252970 secs]
30.891: [GC 735411K->560195K(886272K), 0.4030420 secs]
31.660: [GC 668876K->570563K(932864K), 0.0931900 secs]
31.837: [GC 687811K->581217K(937984K), 0.0158610 secs]
1107756
32.120: [GC 702707K->562183K(932864K), 0.0344320 secs]
32.268: [GC 680639K->560901K(942592K), 0.0212760 secs]
32.462: [GC 694360K->561463K(940032K), 0.0165410 secs]
32.965: [GC 686931K->582169K(952832K), 0.0336100 secs]
33.109: [GC 730636K->592523K(945664K), 0.0180790 secs]
33.584: [GC 736424K->592649K(962048K), 0.0176670 secs]
34.071: [GC 758069K->592775K(957440K), 0.0208050 secs]
34.561: [GC 759403K->592901K(969728K), 0.0179600 secs]
34.844: [GC 777259K->582168K(966144K), 0.0236110 secs]
35.014: [GC 762159K->572651K(976384K), 0.0159760 secs]
127
35.318: [GC 768926K->573251K(973824K), 0.0242550 secs]
35.601: [GC 771774K->583915K(983040K), 0.0331870 secs]
36.198: [GC 793343K->583544K(978432K), 0.0230700 secs]
37.063: [GC 786909K->593897K(987648K), 0.0182030 secs]
37.586: [GC 812087K->563113K(987136K), 0.0157250 secs]
37.926: [GC 779428K->593900K(987648K), 0.0173380 secs]
38.096: [GC 816432K->583924K(987648K), 0.0159020 secs]
23
