/home/ec2-user/blinkdb
-i /home/ec2-user/eecs584/workloadGen/querySet/querySet0/frame_1/workload_stats_sparsity.queries
Starting the Shark Command Line Client
/home/ec2-user/blinkdb/target/scala-2.9.3/classes
/home/ec2-user/blinkdb/target/scala-2.9.3/shark_2.9.3-0.8.0-SNAPSHOT.jar
4.430: [GC 262656K->21516K(1005568K), 0.0576490 secs]
5.890: [GC 148814K->16959K(1005568K), 0.0418960 secs]
5.932: [Full GC 16959K->16168K(1005568K), 0.2127330 secs]
6.161: [GC 22240K->16239K(1005568K), 0.0022670 secs]
6.164: [Full GC 16239K->9116K(1005568K), 0.0880370 secs]
10.170: [GC 262307K->39428K(1005568K), 0.0427160 secs]
10.694: [GC 300572K->26713K(1005568K), 0.0222940 secs]
12.298: [GC 288195K->75186K(1005568K), 0.0954840 secs]
13.769: [GC 337842K->73023K(1003520K), 0.0696070 secs]
14.681: [GC 333752K->71766K(966656K), 0.0307610 secs]
15.544: [GC 287491K->50543K(985088K), 0.0346630 secs]
16.359: [GC 272239K->61542K(988672K), 0.0211090 secs]
16.839: [GC 283359K->96298K(981504K), 0.0645720 secs]
17.681: [GC 318600K->147483K(930304K), 0.2298030 secs]
18.328: [GC 310811K->266995K(955904K), 0.4265380 secs]
19.150: [GC 430323K->305427K(909824K), 0.3184290 secs]
20.004: [GC 422675K->305595K(932864K), 0.0881300 secs]
20.576: [GC 422843K->305571K(932864K), 0.0278540 secs]
20.940: [GC 414889K->315851K(932864K), 0.0153310 secs]
21.083: [GC 424002K->326854K(932864K), 0.0215420 secs]
1107687
21.481: [GC 441526K->307106K(932864K), 0.0186400 secs]
21.659: [GC 418209K->316452K(932864K), 0.0159790 secs]
21.827: [GC 427503K->306252K(932864K), 0.0301170 secs]
22.141: [GC 419012K->328062K(943104K), 0.0292730 secs]
22.671: [GC 458622K->342617K(935936K), 0.0666000 secs]
23.327: [GC 473177K->327101K(952320K), 0.0170240 secs]
23.595: [GC 471822K->348277K(949248K), 0.0156660 secs]
24.092: [GC 501365K->347873K(962048K), 0.0516210 secs]
24.612: [GC 511297K->369061K(958976K), 0.0313970 secs]
24.985: [GC 541605K->386829K(973824K), 0.1379780 secs]
25.723: [GC 577766K->389780K(968192K), 0.0316000 secs]
26.240: [GC 583316K->389365K(980480K), 0.0560840 secs]
26.820: [GC 599891K->410553K(978944K), 0.0308300 secs]
27.325: [GC 621497K->410979K(988160K), 0.0233920 secs]
27.861: [GC 634146K->575107K(984576K), 0.4402790 secs]
28.737: [GC 799363K->645155K(881152K), 0.4927630 secs]
29.758: [GC 762403K->645675K(932864K), 0.1631360 secs]
29.921: [Full GC 645675K->271621K(932864K), 1.8226170 secs]
32.162: [GC 388869K->271685K(932864K), 0.0033580 secs]
32.386: [GC 382732K->281965K(932864K), 0.0065960 secs]
32.514: [GC 391857K->282840K(932864K), 0.0072450 secs]
1107756
32.767: [GC 399511K->273186K(932864K), 0.0066400 secs]
32.897: [GC 382083K->282600K(932864K), 0.0095370 secs]
33.028: [GC 392798K->272376K(932864K), 0.0061750 secs]
33.270: [GC 384381K->294100K(944640K), 0.0138630 secs]
33.659: [GC 426708K->317620K(936448K), 0.0617770 secs]
34.217: [GC 446559K->293112K(955392K), 0.0035810 secs]
34.528: [GC 447043K->338857K(952320K), 0.0619850 secs]
35.172: [GC 488220K->313804K(958464K), 0.0087610 secs]
35.489: [GC 477644K->349263K(953856K), 0.0696980 secs]
36.140: [GC 508743K->303726K(959488K), 0.0070360 secs]
36.449: [GC 468217K->359705K(923648K), 0.0667250 secs]
37.100: [GC 519401K->324378K(957952K), 0.0122560 secs]
37.418: [GC 478967K->370059K(953344K), 0.1244810 secs]
37.907: [GC 532875K->392714K(939008K), 0.1845230 secs]
38.405: [GC 539658K->502106K(947712K), 0.3188180 secs]
39.008: [GC 641532K->588410K(918016K), 0.3578890 secs]
39.532: [GC 705658K->588866K(932864K), 0.1600330 secs]
40.156: [GC 706114K->588858K(932864K), 0.0049430 secs]
40.621: [GC 706106K->588898K(932864K), 0.0078980 secs]
40.856: [GC 701042K->588938K(932864K), 0.0051310 secs]
40.979: [GC 705979K->589520K(932864K), 0.0053050 secs]
1107336
41.284: [GC 706768K->590147K(932864K), 0.0102530 secs]
41.417: [GC 699310K->599601K(932864K), 0.0090740 secs]
41.573: [GC 716849K->589885K(932864K), 0.0077560 secs]
41.730: [GC 703372K->621026K(932864K), 0.0129720 secs]
42.084: [GC 738274K->631078K(946688K), 0.0689160 secs]
42.860: [GC 765848K->610202K(938496K), 0.0056240 secs]
42.973: [GC 737636K->641686K(954368K), 0.0127950 secs]
43.521: [GC 798358K->631040K(950784K), 0.0097890 secs]
43.983: [GC 787712K->651898K(964608K), 0.0206630 secs]
44.348: [GC 820807K->683246K(957952K), 0.0999710 secs]
45.139: [GC 849595K->641416K(961536K), 0.0090070 secs]
45.398: [GC 813448K->676356K(958976K), 0.0441350 secs]
46.153: [GC 848388K->662228K(965632K), 0.0243490 secs]
46.177: [Full GC 662228K->39469K(965632K), 0.1438160 secs]
46.585: [GC 219693K->68313K(963072K), 0.0485080 secs]
47.357: [GC 248537K->71059K(970752K), 0.0276730 secs]
47.806: [GC 262035K->211467K(968704K), 0.3086880 secs]
48.421: [GC 393004K->296275K(897024K), 0.3340000 secs]
49.141: [GC 413523K->296763K(932864K), 0.1342910 secs]
49.709: [GC 414011K->296779K(932864K), 0.0059860 secs]
50.143: [GC 414027K->296755K(932864K), 0.0041120 secs]
50.224: [GC 405695K->317363K(932864K), 0.0100630 secs]
1106117
50.473: [GC 434611K->298726K(932864K), 0.0067500 secs]
50.608: [GC 412180K->307555K(932864K), 0.0121260 secs]
50.717: [GC 416565K->297338K(932864K), 0.0096570 secs]
50.870: [GC 414245K->308115K(932864K), 0.0111030 secs]
51.087: [GC 425363K->330764K(932864K), 0.0397820 secs]
51.705: [GC 448012K->318190K(943616K), 0.0112580 secs]
51.996: [GC 442394K->339331K(939008K), 0.0161500 secs]
52.420: [GC 473475K->361704K(958976K), 0.0644880 secs]
53.067: [GC 521251K->360008K(951808K), 0.0155010 secs]
53.538: [GC 522312K->359624K(967680K), 0.0090460 secs]
54.096: [GC 534860K->380821K(965632K), 0.0096050 secs]
54.801: [GC 565653K->380384K(975360K), 0.0091900 secs]
55.210: [GC 580576K->411848K(973312K), 0.0344480 secs]
55.713: [GC 611304K->444063K(954368K), 0.1701260 secs]
56.258: [GC 619591K->572319K(965120K), 0.4723000 secs]
56.973: [GC 747214K->634847K(900608K), 0.2946650 secs]
57.667: [GC 752095K->635127K(932864K), 0.1127850 secs]
57.780: [Full GC 635127K->272113K(932864K), 1.5507950 secs]
59.831: [GC 389361K->272145K(932864K), 0.0047000 secs]
60.250: [GC 385102K->272217K(932864K), 0.0086550 secs]
60.371: [GC 388333K->293396K(932864K), 0.0134560 secs]
1058728
