/home/ec2-user/blinkdb
-i /home/ec2-user/eecs584/workloadGen/querySet/querySet0/frame_1/workload.queries
Starting the Shark Command Line Client
/home/ec2-user/blinkdb/target/scala-2.9.3/classes
/home/ec2-user/blinkdb/target/scala-2.9.3/shark_2.9.3-0.8.0-SNAPSHOT.jar
4.395: [GC 262656K->21520K(1005568K), 0.0586790 secs]
5.882: [GC 149829K->16929K(1005568K), 0.0338240 secs]
5.916: [Full GC 16929K->16159K(1005568K), 0.2330610 secs]
6.166: [GC 24910K->16231K(1005568K), 0.0022530 secs]
6.169: [Full GC 16231K->9116K(1005568K), 0.1567890 secs]
10.306: [GC 271772K->29759K(1005568K), 0.0400120 secs]
11.148: [GC 287855K->50786K(1005568K), 0.0607310 secs]
12.452: [GC 308704K->49523K(1005568K), 0.0616240 secs]
13.226: [GC 312179K->39286K(992256K), 0.0227080 secs]
13.820: [GC 295356K->28157K(998912K), 0.0187280 secs]
14.409: [GC 272759K->28766K(996864K), 0.0191870 secs]
14.837: [GC 269560K->18802K(997888K), 0.0098880 secs]
1.0000243	India
1.0000066	Malaysia
1.0000165	England
1.0000224	Italy
1.0000209	Afghanistan
1.0000087	Canada
1.0000134	Germany
1.000033	China
1.0000081	France
1.7685311	NULL
15.382: [GC 263904K->20162K(998912K), 0.0046720 secs]
15.962: [GC 269506K->40312K(1000448K), 0.0148700 secs]
16.757: [GC 291192K->39892K(998912K), 0.0175020 secs]
17.476: [GC 287119K->50266K(999424K), 0.0159120 secs]
18.058: [GC 293529K->40152K(1000960K), 0.0081860 secs]
18.629: [GC 292974K->40270K(1005568K), 0.0175630 secs]
19.033: [GC 300366K->41021K(1003008K), 0.0091830 secs]
1.0000243	India
1.0000066	Malaysia
1.0000165	England
1.0000224	Italy
1.0000209	Afghanistan
1.0000087	Canada
1.0000134	Germany
1.000033	China
1.0000081	France
1.7685311	NULL
19.593: [GC 291144K->21187K(1005056K), 0.0060330 secs]
20.224: [GC 277914K->30731K(1006080K), 0.0099260 secs]
20.799: [GC 293863K->51399K(1001984K), 0.0112540 secs]
21.381: [GC 312007K->41259K(1004544K), 0.0125460 secs]
21.923: [GC 301867K->41385K(1008128K), 0.0129720 secs]
22.374: [GC 305835K->41491K(1006080K), 0.0126480 secs]
1.0000243	India
1.0000066	Malaysia
1.0000165	England
1.0000224	Italy
1.0000209	Afghanistan
1.0000087	Canada
1.0000134	Germany
1.000033	China
1.0000081	France
1.7685311	NULL
22.764: [GC 307219K->22117K(1006592K), 0.0064740 secs]
23.291: [GC 289893K->42530K(1008128K), 0.0111080 secs]
23.832: [GC 310306K->42104K(1010176K), 0.0082150 secs]
24.384: [GC 312952K->42200K(1009152K), 0.0083500 secs]
24.935: [GC 313048K->42358K(1012224K), 0.0131190 secs]
25.512: [GC 317302K->42476K(1011200K), 0.0129890 secs]
1.0000243	India
1.0000066	Malaysia
1.0000165	England
1.0000224	Italy
1.0000209	Afghanistan
1.0000087	Canada
1.0000134	Germany
1.000033	China
1.0000081	France
1.7685311	NULL
25.893: [GC 308084K->33305K(1013760K), 0.0070320 secs]
26.433: [GC 311833K->43489K(1013248K), 0.0136660 secs]
27.031: [GC 322017K->43055K(1014784K), 0.0124700 secs]
27.640: [GC 323631K->43189K(1014272K), 0.0125720 secs]
28.234: [GC 323765K->43315K(1016320K), 0.0082770 secs]
28.793: [GC 318195K->43441K(1015808K), 0.0095320 secs]
1.0000243	India
1.0000066	Malaysia
1.0000165	England
1.0000224	Italy
1.0000209	Afghanistan
1.0000087	Canada
1.0000134	Germany
1.000033	China
1.0000081	France
1.7685311	NULL
29.159: [GC 318910K->24061K(1013760K), 0.0054430 secs]
29.640: [GC 306173K->44444K(1015296K), 0.0138290 secs]
30.239: [GC 326556K->44046K(1015808K), 0.0081990 secs]
30.845: [GC 326670K->44172K(1015296K), 0.0080170 secs]
31.444: [GC 326796K->44298K(1016832K), 0.0106480 secs]
31.909: [GC 323389K->44386K(1016320K), 0.0123780 secs]
1.0000243	India
1.0000066	Malaysia
1.0000165	England
1.0000224	Italy
1.0000209	Afghanistan
1.0000087	Canada
1.0000134	Germany
1.000033	China
1.0000081	France
1.7685311	NULL
32.301: [GC 322397K->35312K(1017344K), 0.0095700 secs]
32.909: [GC 321520K->45420K(1017344K), 0.0089510 secs]
33.514: [GC 331628K->45000K(1017856K), 0.0085330 secs]
34.115: [GC 327767K->45126K(1017344K), 0.0126730 secs]
34.666: [GC 331767K->55489K(1011712K), 0.0206070 secs]
35.034: [GC 331670K->35290K(991744K), 0.0060030 secs]
1.0000243	India
1.0000066	Malaysia
1.0000165	England
1.0000224	Italy
1.0000209	Afghanistan
1.0000087	Canada
1.0000134	Germany
1.000033	China
1.0000081	France
1.7685311	NULL
35.494: [GC 310612K->26226K(1011200K), 0.0051350 secs]
36.124: [GC 295814K->46602K(1012736K), 0.0137370 secs]
36.673: [GC 319992K->46188K(1013760K), 0.0108170 secs]
37.225: [GC 321246K->46306K(1013248K), 0.0105450 secs]
37.772: [GC 320531K->46432K(1015296K), 0.0082380 secs]
38.120: [GC 323332K->25868K(981504K), 0.0041630 secs]
1.0000243	India
1.0000066	Malaysia
1.0000165	England
1.0000224	Italy
1.0000209	Afghanistan
1.0000087	Canada
1.0000134	Germany
1.000033	China
1.0000081	France
1.7685311	NULL
38.524: [GC 304007K->37580K(1014272K), 0.0101360 secs]
39.364: [GC 316620K->59633K(1012736K), 0.0426410 secs]
40.317: [GC 331180K->69629K(992256K), 0.0454600 secs]
40.959: [GC 319945K->66919K(989696K), 0.0719350 secs]
41.573: [GC 323431K->66597K(997376K), 0.0405910 secs]
42.006: [GC 315941K->60775K(998912K), 0.0350060 secs]
42.700: [GC 306420K->44865K(1000448K), 0.0065140 secs]
4	134353.0
3	491185.0
3	417201.0
10	445712.0
7	431601.0
0	431312.0
8	544707.0
0	1083762.0
7	1083987.0
4	1037947.0
43.077: [GC 294848K->35827K(953856K), 0.0071220 secs]
43.622: [GC 285192K->45203K(1000960K), 0.0105550 secs]
44.164: [GC 293898K->66419K(983552K), 0.0165850 secs]
44.695: [GC 317469K->55801K(1001984K), 0.0128420 secs]
45.206: [GC 305393K->66143K(998912K), 0.0122410 secs]
45.620: [GC 313142K->35390K(998400K), 0.0037350 secs]
0	597546.0
10	568971.0
4	134353.0
8	69955.0
0	285544.0
4	1037947.0
3	1008794.0
1	979994.0
5	784080.0
8	664109.0
45.996: [GC 285226K->36571K(999424K), 0.0054050 secs]
46.581: [GC 279636K->35706K(999424K), 0.0050910 secs]
47.169: [GC 278750K->46144K(999424K), 0.0061950 secs]
47.683: [GC 296512K->69620K(994816K), 0.0372930 secs]
48.279: [GC 311850K->69558K(982016K), 0.0362710 secs]
48.677: [GC 307947K->73074K(988160K), 0.0267620 secs]
49.094: [GC 308082K->134811K(991744K), 0.1815990 secs]
4	134353.0
3	491185.0
3	417201.0
10	445712.0
7	431601.0
0	431312.0
8	544707.0
1	544129.0
0	1083762.0
7	1083987.0
49.583: [GC 363643K->89373K(946688K), 0.0098300 secs]
49.788: [GC 279325K->100090K(969216K), 0.0157080 secs]
50.554: [GC 290042K->98876K(973824K), 0.0348590 secs]
50.823: [GC 297532K->127860K(973312K), 0.0457720 secs]
51.460: [GC 324775K->98886K(977408K), 0.0046790 secs]
51.862: [GC 294854K->136050K(976896K), 0.0505050 secs]
52.414: [GC 335654K->140762K(978944K), 0.0313120 secs]
52.927: [GC 348122K->130111K(976896K), 0.0329940 secs]
53.332: [GC 330689K->151310K(984064K), 0.0126940 secs]
53.763: [GC 366350K->166469K(979456K), 0.0433670 secs]
54.685: [GC 381509K->331517K(882688K), 0.4129040 secs]
55.319: [GC 443082K->350872K(932864K), 0.1623000 secs]
8	1096447.0
5	1096672.0
6	1095966.0
3	1095741.0
10	1097347.0
10	1097122.0
5	1096897.0
0	1095516.0
7	1095291.0
0	1043246.0
55.691: [GC 465941K->351781K(932864K), 0.0588840 secs]
55.844: [GC 460511K->361149K(932864K), 0.0075750 secs]
56.017: [GC 471745K->382937K(941056K), 0.0114200 secs]
56.463: [GC 501791K->361390K(933376K), 0.0170620 secs]
56.562: [GC 478614K->382612K(949248K), 0.0129010 secs]
56.997: [GC 520999K->371757K(943104K), 0.0123930 secs]
57.248: [GC 515629K->385186K(959488K), 0.0173870 secs]
57.577: [GC 538936K->393102K(952832K), 0.0193110 secs]
58.025: [GC 552612K->361789K(965120K), 0.0043820 secs]
58.307: [GC 532324K->382960K(963584K), 0.0087720 secs]
58.518: [GC 558195K->383150K(973312K), 0.0331250 secs]
0	687914.0
0	597546.0
2	655949.0
10	568971.0
4	134353.0
8	69955.0
0	285544.0
4	1037947.0
7	1083987.0
3	1008794.0
58.867: [GC 573718K->373530K(970240K), 0.0085540 secs]
59.059: [GC 561804K->404680K(976384K), 0.0207930 secs]
59.594: [GC 599236K->404258K(974848K), 0.0194240 secs]
60.128: [GC 607010K->394192K(982016K), 0.0158150 secs]
60.646: [GC 605020K->373251K(977920K), 0.0068990 secs]
61.173: [GC 580821K->394286K(987136K), 0.0152330 secs]
61.501: [GC 612554K->384076K(983040K), 0.0327310 secs]
61.802: [GC 603745K->394342K(990720K), 0.0128370 secs]
4	134353.0
7	431601.0
7	1083987.0
4	1037947.0
8	1037369.0
3	1008794.0
7	861179.0
7	860826.0
1	979994.0
10	1097347.0
62.144: [GC 623124K->395523K(987648K), 0.0120080 secs]
62.664: [GC 616347K->431222K(979456K), 0.0491930 secs]
63.094: [GC 655990K->411716K(986624K), 0.0235060 secs]
63.558: [GC 627975K->415618K(988160K), 0.0168500 secs]
64.181: [GC 642946K->405608K(987648K), 0.0128650 secs]
64.770: [GC 627410K->404971K(993280K), 0.0228590 secs]
65.145: [GC 635035K->415910K(991744K), 0.0156230 secs]
65.654: [GC 652455K->516451K(928768K), 0.2559640 secs]
0	1083762.0
7	1083987.0
1	1085368.0
4	1037947.0
6	1038172.0
8	1037369.0
4	1037594.0
3	1008794.0
1	979994.0
10	979769.0
66.286: [GC 754541K->527044K(962560K), 0.0101080 secs]
66.617: [GC 703684K->557573K(967168K), 0.0388250 secs]
67.439: [GC 739333K->546638K(963072K), 0.0264890 secs]
67.679: [GC 728398K->576895K(971776K), 0.0334020 secs]
68.425: [GC 766230K->557004K(967680K), 0.0403040 secs]
68.705: [GC 747980K->590241K(973824K), 0.0785830 secs]
69.440: [GC 778202K->577676K(972288K), 0.0308880 secs]
69.750: [GC 775308K->604392K(976384K), 0.0995490 secs]
70.453: [GC 806232K->567574K(976384K), 0.0099840 secs]
70.830: [GC 771862K->607078K(973824K), 0.1107760 secs]
71.410: [GC 809318K->685324K(975360K), 0.2063110 secs]
72.081: [GC-- 887564K->975323K(975360K), 0.9308670 secs]
73.012: [Full GC 975323K->274865K(975360K), 1.9399910 secs]
848-318-569	1.9846154
126-909-376	1.9503918
333-295-713	3.6032045
413-309-229	1.8422606
273-367-546	1.183543
569-992-722	1.8844285
536-737-759	1.2855223
716-948-952	2.2753217
636-110-774	3.994139
534-439-883	3.1279693
75.206: [GC 475118K->297323K(926208K), 0.0090750 secs]
75.410: [GC 450313K->307418K(950784K), 0.0138280 secs]
75.692: [GC 453064K->324622K(959488K), 0.0556200 secs]
76.389: [GC 484337K->316686K(955904K), 0.0075160 secs]
76.587: [GC 483598K->336362K(967168K), 0.0307630 secs]
77.294: [GC 517610K->327293K(962560K), 0.0112010 secs]
77.515: [GC 508541K->355820K(972288K), 0.0275840 secs]
78.254: [GC 547820K->348004K(968192K), 0.0085680 secs]
78.505: [GC 540004K->380366K(974848K), 0.0381170 secs]
79.220: [GC 572509K->368608K(972800K), 0.0081570 secs]
79.504: [GC 567776K->395420K(976384K), 0.0504780 secs]
79.954: [GC 600732K->442194K(976896K), 0.1294010 secs]
80.589: [GC 647506K->592353K(888832K), 0.4542980 secs]
81.177: [GC 708233K->625197K(932864K), 0.2161760 secs]
848-318-569	1.9846154
126-909-376	1.9503918
333-295-713	3.6032045
413-309-229	1.8422606
273-367-546	1.183543
569-992-722	1.8844285
536-737-759	1.2855223
716-948-952	2.2753217
636-110-774	3.994139
534-439-883	3.1279693
81.633: [GC 740473K->626032K(932864K), 0.0805260 secs]
81.714: [Full GC 626032K->33142K(932864K), 0.1567010 secs]
82.000: [GC 142831K->54264K(932864K), 0.0071580 secs]
82.129: [GC 171512K->66842K(932864K), 0.0182620 secs]
82.542: [GC 184090K->64314K(932864K), 0.0074560 secs]
82.963: [GC 178532K->74470K(932864K), 0.0053940 secs]
83.045: [GC 181895K->85465K(932864K), 0.0078670 secs]
83.296: [GC 198047K->113437K(940032K), 0.0580410 secs]
83.856: [GC 237853K->85073K(932864K), 0.0029000 secs]
84.004: [GC 204520K->116451K(949248K), 0.0168120 secs]
84.365: [GC 259811K->124045K(942592K), 0.0547110 secs]
84.920: [GC 264863K->105737K(956416K), 0.0029790 secs]
85.140: [GC 268041K->137189K(954368K), 0.0518470 secs]
85.799: [GC 299493K->126577K(962560K), 0.0076580 secs]
86.023: [GC 301681K->151202K(961024K), 0.0195710 secs]
86.458: [GC 326306K->148199K(973824K), 0.0142050 secs]
86.906: [GC 341735K->290382K(968192K), 0.2912120 secs]
87.541: [GC 481210K->393136K(897536K), 0.3343160 secs]
848-318-569	1.9846154
126-909-376	1.9503918
333-295-713	3.6032045
413-309-229	1.8422606
273-367-546	1.183543
569-992-722	1.8844285
536-737-759	1.2855223
716-948-952	2.2753217
636-110-774	3.994139
534-439-883	3.1279693
88.041: [GC 503847K->394945K(932864K), 0.1194760 secs]
88.286: [GC 512193K->384327K(932864K), 0.0050500 secs]
88.407: [GC 498991K->415619K(932864K), 0.0118170 secs]
88.708: [GC 532867K->423026K(932864K), 0.0565220 secs]
89.263: [GC 540274K->404842K(932864K), 0.0045560 secs]
89.361: [GC 517243K->436319K(932864K), 0.0118090 secs]
89.624: [GC 550291K->443781K(932864K), 0.0565170 secs]
90.130: [GC 561029K->425697K(932864K), 0.0047520 secs]
90.318: [GC 541028K->457075K(932864K), 0.0204400 secs]
90.537: [GC 574323K->460369K(944128K), 0.0457540 secs]
91.087: [GC 594513K->446453K(938496K), 0.0048430 secs]
91.291: [GC 575011K->467614K(953856K), 0.0124880 secs]
91.639: [GC 619678K->485413K(946688K), 0.0577240 secs]
92.205: [GC 627558K->467105K(962048K), 0.0088500 secs]
92.449: [GC 640161K->500917K(959488K), 0.0436020 secs]
92.828: [GC 673973K->516847K(956928K), 0.0631030 secs]
93.265: [GC 689391K->643983K(960512K), 0.3097510 secs]
93.878: [GC 807107K->723443K(905216K), 0.5077760 secs]
94.386: [Full GC 723443K->276145K(905216K), 1.7566040 secs]
848-318-569	1.9846154
126-909-376	1.9503918
333-295-713	3.6032045
413-309-229	1.8422606
273-367-546	1.183543
569-992-722	1.8844285
536-737-759	1.2855223
716-948-952	2.2753217
636-110-774	3.994139
534-439-883	3.1279693
96.313: [GC 386791K->287689K(932864K), 0.0066780 secs]
96.407: [GC 396294K->297097K(932864K), 0.0080300 secs]
96.548: [GC 408390K->318845K(932864K), 0.0147650 secs]
96.813: [GC 432968K->325814K(932864K), 0.0555420 secs]
97.309: [GC 443062K->307706K(932864K), 0.0035920 secs]
97.499: [GC 422904K->339058K(938496K), 0.0107760 secs]
97.724: [GC 461938K->343602K(932864K), 0.0617490 secs]
98.241: [GC 466482K->328470K(945664K), 0.0053500 secs]
98.466: [GC 461582K->349607K(943616K), 0.0140790 secs]
98.795: [GC 484961K->377582K(958464K), 0.0621600 secs]
99.427: [GC 537242K->349126K(952320K), 0.0056660 secs]
99.641: [GC 511430K->380635K(964096K), 0.0436230 secs]
100.380: [GC 556763K->369978K(960512K), 0.0140670 secs]
100.607: [GC 546106K->397937K(969728K), 0.0306890 secs]
101.338: [GC 584817K->411280K(965632K), 0.0452200 secs]
101.795: [GC 598160K->548783K(897024K), 0.3168460 secs]
102.347: [GC 665852K->635744K(932864K), 0.3125470 secs]
848-318-569	1.9846154
126-909-376	1.9503918
333-295-713	3.6032045
413-309-229	1.8422606
273-367-546	1.183543
569-992-722	1.8844285
536-737-759	1.2855223
716-948-952	2.2753217
636-110-774	3.994139
534-439-883	3.1279693
102.790: [GC 752992K->627230K(932864K), 0.1273720 secs]
102.918: [Full GC 627230K->23159K(932864K), 0.1335350 secs]
103.212: [GC 136218K->24057K(932864K), 0.0032760 secs]
103.337: [GC 131410K->24078K(932864K), 0.0043070 secs]
103.419: [GC 131928K->55041K(932864K), 0.0127850 secs]
103.902: [GC 172289K->44262K(932864K), 0.0117300 secs]
104.023: [GC 159005K->75745K(932864K), 0.0161150 secs]
104.243: [GC 192993K->64998K(941056K), 0.0118430 secs]
104.578: [GC 192640K->75302K(937984K), 0.0057180 secs]
104.678: [GC 205862K->86274K(953344K), 0.0088850 secs]
105.162: [GC 232953K->85742K(946176K), 0.0167950 secs]
105.278: [GC 236782K->96747K(964096K), 0.0094350 secs]
105.766: [GC 263907K->85900K(957952K), 0.0077690 secs]
106.054: [GC 259468K->96929K(973824K), 0.0127960 secs]
106.223: [GC 288356K->76358K(968192K), 0.0046250 secs]
4.0000315	Bristol
4.0004053	Hampshire
4.000053	New York
4.0000796	Uttar Pradesh
4.0000153	Delhi
4.000081	Arizona
NULL	NULL
4.001206	Michigan
4.0004606	Kashmir
4.0000405	London
106.481: [GC 267603K->77050K(977920K), 0.0058610 secs]
106.777: [GC 281850K->97894K(975360K), 0.0096110 secs]
107.322: [GC 301758K->86402K(985088K), 0.0087160 secs]
107.731: [GC 304514K->97390K(981504K), 0.0169620 secs]
108.154: [GC 314039K->107652K(986112K), 0.0122350 secs]
108.798: [GC 333444K->96834K(987136K), 0.0085860 secs]
109.068: [GC 322626K->97454K(993792K), 0.0163930 secs]
109.641: [GC 333486K->97395K(990720K), 0.0107790 secs]
110.012: [GC 324519K->86514K(998400K), 0.0094250 secs]
4.0000315	Bristol
4.000008	New York
4.000103	Hampshire
4.0000796	Uttar Pradesh
4.000005	Delhi
4.000081	Arizona
NULL	NULL
4.000496	Michigan
4.0000114	Kashmir
4.0000405	London
110.307: [GC 333298K->77823K(996864K), 0.0078310 secs]
110.540: [GC 316992K->108422K(993792K), 0.0199280 secs]
111.148: [GC 349780K->107886K(975872K), 0.0115720 secs]
111.715: [GC 351362K->76482K(994816K), 0.0056620 secs]
112.221: [GC 317634K->97703K(994816K), 0.0092040 secs]
112.575: [GC 338855K->97700K(998912K), 0.0093120 secs]
113.027: [GC 344853K->97770K(996864K), 0.0092810 secs]
113.389: [GC 338960K->87555K(1002496K), 0.0114450 secs]
4.0000315	Bristol
4.0000157	New York
4.000167	Hampshire
4.0000796	Uttar Pradesh
4.0000153	Delhi
4.000081	Arizona
NULL	NULL
4.000675	Michigan
4.0004606	Kashmir
4.0000405	London
113.714: [GC 337736K->78184K(1000960K), 0.0080420 secs]
114.237: [GC 333160K->97994K(1003520K), 0.0143980 secs]
114.624: [GC 355530K->98042K(1002496K), 0.0147060 secs]
115.256: [GC 350109K->98058K(1005568K), 0.0140220 secs]
115.928: [GC 359690K->97598K(1004544K), 0.0138030 secs]
116.335: [GC 359230K->98074K(1008128K), 0.0151580 secs]
116.787: [GC 363191K->108368K(998912K), 0.0113160 secs]
117.206: [GC 371218K->98195K(1007104K), 0.0145210 secs]
4.0000315	Bristol
4.000008	New York
4.000103	Hampshire
4.0000796	Uttar Pradesh
4.000005	Delhi
4.000081	Arizona
NULL	NULL
4.000496	Michigan
4.0000114	Kashmir
4.0000405	London
117.561: [GC 359407K->78539K(1005568K), 0.0066100 secs]
118.529: [GC 342731K->98510K(1007104K), 0.0145030 secs]
119.160: [GC 363214K->106850K(994816K), 0.0412650 secs]
120.089: [GC 364656K->98416K(1007104K), 0.0102440 secs]
120.892: [GC 362096K->98002K(1005056K), 0.0092880 secs]
121.423: [GC 361682K->114354K(999424K), 0.0508320 secs]
122.251: [GC 366264K->98512K(1004032K), 0.0096770 secs]
122.813: [GC 358096K->107070K(1004032K), 0.0401700 secs]
123.538: [GC 368702K->252097K(1005056K), 0.3224470 secs]
1	1052381.0	36459
0	389143.0	36459
8	538223.0	36459
6	874869.0	36459
5	290692.0	36459
4	387713.0	36459
8	241426.0	33986
10	473486.0	33986
0	603805.0	90795
1	690918.0	90795
