/home/ec2-user/blinkdb
-i /home/ec2-user/eecs584/workloadGen/querySet/querySet0/frame_1/workload.queries
Starting the Shark Command Line Client
/home/ec2-user/blinkdb/target/scala-2.9.3/classes
/home/ec2-user/blinkdb/target/scala-2.9.3/shark_2.9.3-0.8.0-SNAPSHOT.jar
4.450: [GC 262656K->21052K(1005568K), 0.0536270 secs]
6.015: [GC 155661K->17495K(1005568K), 0.0346110 secs]
6.050: [Full GC 17495K->16725K(1005568K), 0.1889600 secs]
6.258: [GC 22327K->16796K(1005568K), 0.0023350 secs]
6.261: [Full GC 16796K->9180K(1005568K), 0.1122340 secs]
10.249: [GC 271836K->29539K(1005568K), 0.0268300 secs]
11.036: [GC 287852K->50548K(1005568K), 0.0368960 secs]
12.307: [GC 307396K->49427K(1005568K), 0.0358540 secs]
13.045: [GC 312083K->38984K(992256K), 0.0226600 secs]
13.650: [GC 294233K->27964K(999424K), 0.0189540 secs]
14.510: [GC 273079K->18202K(997376K), 0.0280660 secs]
14.976: [GC 256862K->18647K(997376K), 0.0108500 secs]
1.0000243	India
1.0000066	Malaysia
1.0000165	England
1.0000224	Italy
1.0000209	Afghanistan
1.0000087	Canada
1.0000134	Germany
1.000033	China
1.0000081	France
1.7685311	NULL
15.566: [GC 262938K->20007K(997888K), 0.0045580 secs]
16.196: [GC 267303K->40157K(999936K), 0.0094490 secs]
17.002: [GC 290013K->39733K(998400K), 0.0108050 secs]
17.538: [GC 279972K->39867K(1003520K), 0.0124330 secs]
18.100: [GC 292112K->40001K(1001472K), 0.0140220 secs]
18.661: [GC 293380K->40127K(1006592K), 0.0111340 secs]
19.063: [GC 301795K->40221K(1005056K), 0.0128900 secs]
1.0000243	India
1.0000066	Malaysia
1.0000165	England
1.0000224	Italy
1.0000209	Afghanistan
1.0000087	Canada
1.0000134	Germany
1.000033	China
1.0000081	France
1.7685311	NULL
19.520: [GC 301436K->31209K(1009152K), 0.0110110 secs]
20.102: [GC 291585K->40745K(1008128K), 0.0134750 secs]
20.688: [GC 306734K->30607K(1010688K), 0.0069970 secs]
21.275: [GC 294472K->51245K(1003520K), 0.0100340 secs]
21.860: [GC 316287K->41147K(1009152K), 0.0082370 secs]
22.213: [GC 306764K->30839K(1008128K), 0.0058450 secs]
1.0000243	India
1.0000066	Malaysia
1.0000165	England
1.0000224	Italy
1.0000209	Afghanistan
1.0000087	Canada
1.0000134	Germany
1.000033	China
1.0000081	France
1.7685311	NULL
22.589: [GC 289535K->32080K(1010688K), 0.0092170 secs]
23.146: [GC 303952K->42183K(1009664K), 0.0136760 secs]
23.708: [GC 314055K->41766K(1012224K), 0.0107120 secs]
24.275: [GC 316710K->41900K(1011200K), 0.0080080 secs]
24.854: [GC 316844K->42026K(1013760K), 0.0175990 secs]
25.374: [GC 311868K->31888K(1013248K), 0.0094230 secs]
1.0000243	India
1.0000066	Malaysia
1.0000165	England
1.0000224	Italy
1.0000209	Afghanistan
1.0000087	Canada
1.0000134	Germany
1.000033	China
1.0000081	France
1.7685311	NULL
25.791: [GC 309932K->22805K(1011200K), 0.0036430 secs]
26.314: [GC 299797K->43173K(1012736K), 0.0089760 secs]
26.886: [GC 320165K->42738K(1013248K), 0.0080810 secs]
27.462: [GC 320242K->42864K(1012736K), 0.0080660 secs]
28.027: [GC 320368K->42990K(1014272K), 0.0175080 secs]
28.487: [GC 316942K->43084K(1013760K), 0.0100890 secs]
1.0000243	India
1.0000066	Malaysia
1.0000165	England
1.0000224	Italy
1.0000209	Afghanistan
1.0000087	Canada
1.0000134	Germany
1.000033	China
1.0000081	France
1.7685311	NULL
28.855: [GC 320737K->34044K(1015296K), 0.0080070 secs]
29.432: [GC 315644K->44152K(1014784K), 0.0090640 secs]
30.018: [GC 325752K->43729K(1015808K), 0.0081680 secs]
30.609: [GC 326353K->43855K(1015296K), 0.0080810 secs]
31.215: [GC 326479K->43973K(1016832K), 0.0144330 secs]
31.591: [GC 322858K->23445K(985088K), 0.0040920 secs]
1.0000243	India
1.0000066	Malaysia
1.0000165	England
1.0000224	Italy
1.0000209	Afghanistan
1.0000087	Canada
1.0000134	Germany
1.000033	China
1.0000081	France
1.7685311	NULL
31.963: [GC 308117K->24636K(1012736K), 0.0035550 secs]
32.588: [GC 294594K->44969K(1013760K), 0.0088410 secs]
33.137: [GC 318589K->44567K(1013760K), 0.0125120 secs]
33.694: [GC 318428K->44685K(1013760K), 0.0080510 secs]
34.238: [GC 319335K->44812K(1014272K), 0.0080420 secs]
34.599: [GC 323318K->24280K(979968K), 0.0031480 secs]
1.0000243	India
1.0000066	Malaysia
1.0000165	England
1.0000224	Italy
1.0000209	Afghanistan
1.0000087	Canada
1.0000134	Germany
1.000033	China
1.0000081	France
1.7685311	NULL
34.974: [GC 297192K->35704K(1014272K), 0.0067680 secs]
35.579: [GC 314232K->45808K(1012736K), 0.0089230 secs]
36.132: [GC 322701K->45426K(1013760K), 0.0081780 secs]
36.688: [GC 319916K->45552K(1013760K), 0.0081110 secs]
37.231: [GC 319417K->45670K(1014272K), 0.0080220 secs]
37.570: [GC 324201K->25202K(979968K), 0.0032810 secs]
1.0000243	India
1.0000066	Malaysia
1.0000165	England
1.0000224	Italy
1.0000209	Afghanistan
1.0000087	Canada
1.0000134	Germany
1.000033	China
1.0000081	France
1.7685311	NULL
37.956: [GC 303518K->36850K(1014272K), 0.0106620 secs]
38.778: [GC 315890K->58803K(1012224K), 0.0424440 secs]
39.721: [GC 330831K->68931K(991744K), 0.0477550 secs]
40.342: [GC 318881K->65777K(988672K), 0.0555480 secs]
40.945: [GC 321265K->65103K(997376K), 0.0621280 secs]
41.391: [GC 305444K->69749K(985088K), 0.0415650 secs]
41.989: [GC 314811K->137889K(941056K), 0.1899940 secs]
4	134353.0
3	491185.0
3	417201.0
10	445712.0
7	431601.0
0	431312.0
8	544707.0
0	1083762.0
7	1083987.0
4	1037947.0
42.434: [GC 323086K->95766K(968192K), 0.0071890 secs]
42.641: [GC 277272K->116681K(973824K), 0.0109160 secs]
43.137: [GC 311647K->116255K(969728K), 0.0102920 secs]
43.607: [GC 301282K->106141K(980480K), 0.0111290 secs]
44.067: [GC 316061K->106108K(977920K), 0.0083560 secs]
44.533: [GC 308517K->95734K(983552K), 0.0059430 secs]
44.864: [GC 313846K->113473K(983040K), 0.0191910 secs]
0	597546.0
10	568971.0
4	134353.0
8	69955.0
0	285544.0
4	1037947.0
3	1008794.0
1	979994.0
5	784080.0
8	664109.0
45.189: [GC 331585K->86968K(985600K), 0.0038630 secs]
45.435: [GC 308828K->117596K(986112K), 0.0125330 secs]
45.994: [GC 341340K->106548K(990208K), 0.0086430 secs]
46.563: [GC 326171K->86163K(987136K), 0.0046940 secs]
47.052: [GC 305337K->130271K(979968K), 0.0604830 secs]
47.505: [GC 350943K->114053K(984576K), 0.0405470 secs]
47.936: [GC 330701K->117571K(988672K), 0.0106790 secs]
48.455: [GC 345411K->176414K(987648K), 0.1589450 secs]
4	134353.0
3	491185.0
3	417201.0
10	445712.0
7	431601.0
0	431312.0
8	544707.0
1	544129.0
0	1083762.0
7	1083987.0
48.984: [GC 403181K->117840K(947712K), 0.0057310 secs]
49.199: [GC 301885K->138247K(967680K), 0.0092590 secs]
49.685: [GC 325127K->137289K(971776K), 0.0325600 secs]
50.126: [GC 326134K->158425K(971776K), 0.0085000 secs]
50.698: [GC 353497K->158025K(976896K), 0.0186320 secs]
51.024: [GC 362825K->180010K(976384K), 0.0106550 secs]
51.856: [GC 380375K->178655K(984064K), 0.0165630 secs]
52.179: [GC 395743K->203259K(981504K), 0.0538990 secs]
52.768: [GC 413927K->199969K(984576K), 0.0179010 secs]
53.173: [GC 418197K->178961K(983552K), 0.0089670 secs]
53.835: [GC 398609K->328009K(892928K), 0.3363290 secs]
54.613: [GC 458569K->388542K(894976K), 0.4147820 secs]
8	1096447.0
5	1096672.0
6	1095966.0
3	1095741.0
10	1097347.0
10	1097122.0
5	1096897.0
0	1095516.0
7	1095291.0
0	1043246.0
55.236: [GC 519015K->400560K(939008K), 0.1338120 secs]
55.483: [GC 522795K->399426K(936448K), 0.0118860 secs]
55.646: [GC 522128K->410965K(947200K), 0.0104720 secs]
56.070: [GC 549213K->399593K(942080K), 0.0086830 secs]
56.279: [GC 540393K->412390K(955904K), 0.0250110 secs]
56.650: [GC 569724K->420939K(950784K), 0.0123350 secs]
57.080: [GC 570458K->399909K(964096K), 0.0148690 secs]
57.523: [GC 574710K->426761K(961536K), 0.0245260 secs]
57.685: [GC 603913K->411047K(970240K), 0.0105900 secs]
58.012: [GC 593837K->455205K(952832K), 0.0752810 secs]
0	687914.0
0	597546.0
2	655949.0
10	568971.0
4	134353.0
8	69955.0
0	285544.0
4	1037947.0
7	1083987.0
3	1008794.0
58.359: [GC 637626K->391671K(962048K), 0.0060640 secs]
58.564: [GC 564434K->422259K(961536K), 0.0127960 secs]
59.052: [GC 587787K->410949K(968704K), 0.0181290 secs]
59.439: [GC 597829K->428513K(966656K), 0.0248390 secs]
59.702: [GC 608529K->422047K(977408K), 0.0104780 secs]
60.211: [GC 617333K->422173K(973824K), 0.0103990 secs]
60.682: [GC 617173K->411347K(982528K), 0.0079970 secs]
61.000: [GC 619838K->411912K(980992K), 0.0106580 secs]
4	134353.0
7	431601.0
7	1083987.0
4	1037947.0
8	1037369.0
3	1008794.0
7	861179.0
7	860826.0
1	979994.0
10	1097347.0
61.366: [GC 626952K->402549K(985088K), 0.0057860 secs]
61.626: [GC 616161K->402449K(984576K), 0.0126900 secs]
62.130: [GC 623633K->438805K(981504K), 0.0473850 secs]
62.570: [GC 657429K->440840K(983552K), 0.0440790 secs]
63.017: [GC 650447K->443601K(985600K), 0.0165070 secs]
63.613: [GC 665809K->433488K(985088K), 0.0177610 secs]
64.213: [GC 649710K->422981K(989184K), 0.0184140 secs]
64.602: [GC 652869K->451869K(989184K), 0.0513150 secs]
65.143: [GC 674605K->543919K(923136K), 0.2403720 secs]
0	1083762.0
7	1083987.0
1	1085368.0
4	1037947.0
6	1038172.0
8	1037369.0
4	1037594.0
3	1008794.0
1	979994.0
10	979769.0
65.631: [GC 708271K->486369K(956416K), 0.0075310 secs]
65.842: [GC 650721K->506765K(963072K), 0.0129830 secs]
66.273: [GC 679309K->524116K(957952K), 0.0810980 secs]
66.946: [GC 689637K->505774K(968192K), 0.0060630 secs]
67.266: [GC 682911K->545247K(967168K), 0.0740720 secs]
67.923: [GC 724913K->526461K(971264K), 0.0374770 secs]
68.283: [GC 715125K->555673K(968192K), 0.0583040 secs]
68.927: [GC 745822K->516367K(971776K), 0.0120580 secs]
69.256: [GC 704310K->566043K(943616K), 0.0831970 secs]
69.922: [GC 756622K->537017K(970240K), 0.0357600 secs]
70.301: [GC 725945K->566319K(967168K), 0.0893650 secs]
70.790: [GC 755247K->633033K(930816K), 0.1696270 secs]
71.355: [GC 789193K->754768K(952320K), 0.3923030 secs]
71.747: [Full GC 754768K->229445K(952320K), 1.5105250 secs]
73.455: [GC 377570K->285969K(913408K), 0.1274330 secs]
848-318-569	1.9846154
126-909-376	1.9503918
333-295-713	3.6032045
413-309-229	1.8422606
273-367-546	1.183543
569-992-722	1.8844285
536-737-759	1.2855223
716-948-952	2.2753217
636-110-774	3.994139
534-439-883	3.1279693
73.759: [GC 401064K->286925K(932864K), 0.0891490 secs]
73.977: [GC 396385K->286599K(932864K), 0.0266680 secs]
74.124: [GC 403847K->299195K(932864K), 0.0373740 secs]
74.629: [GC 416443K->296667K(932864K), 0.0260860 secs]
75.086: [GC 410620K->306791K(932864K), 0.0178850 secs]
75.180: [GC 414491K->317819K(932864K), 0.0162410 secs]
75.441: [GC 430113K->345759K(932864K), 0.0637640 secs]
75.992: [GC 463007K->317395K(942080K), 0.0157960 secs]
76.163: [GC 444334K->348836K(940032K), 0.0188560 secs]
76.440: [GC 472956K->366547K(955904K), 0.0672940 secs]
77.083: [GC 516117K->348339K(948736K), 0.0213440 secs]
77.263: [GC 504499K->365774K(965120K), 0.0320520 secs]
77.945: [GC 541390K->358942K(958976K), 0.0291300 secs]
78.198: [GC 534558K->382704K(971776K), 0.0337500 secs]
78.672: [GC 572144K->388277K(966144K), 0.0306550 secs]
79.113: [GC 577717K->527740K(890368K), 0.3137390 secs]
79.684: [GC 644988K->613556K(932864K), 0.3228760 secs]
80.090: [GC 722270K->626151K(932864K), 0.1719790 secs]
80.262: [Full GC 626151K->32114K(932864K), 0.1442380 secs]
848-318-569	1.9846154
126-909-376	1.9503918
333-295-713	3.6032045
413-309-229	1.8422606
273-367-546	1.183543
569-992-722	1.8844285
536-737-759	1.2855223
716-948-952	2.2753217
636-110-774	3.994139
534-439-883	3.1279693
80.600: [GC 139377K->33355K(932864K), 0.0031680 secs]
80.726: [GC 140688K->33013K(932864K), 0.0041870 secs]
80.859: [GC 150261K->58414K(932864K), 0.0309650 secs]
81.299: [GC 175662K->53324K(935424K), 0.0146420 secs]
81.696: [GC 166421K->53208K(932864K), 0.0036730 secs]
81.789: [GC 173016K->75030K(946176K), 0.0147540 secs]
82.281: [GC 211734K->74071K(939008K), 0.0072840 secs]
82.676: [GC 205832K->73955K(953344K), 0.0034860 secs]
82.916: [GC 228579K->108308K(949760K), 0.0801850 secs]
83.589: [GC 262932K->94830K(958976K), 0.0120870 secs]
83.787: [GC 261230K->118654K(955904K), 0.0143650 secs]
84.410: [GC 285054K->115598K(967680K), 0.0078290 secs]
84.722: [GC 293397K->146950K(964608K), 0.0102030 secs]
85.192: [GC 327114K->115676K(971776K), 0.0032720 secs]
85.591: [GC 308188K->262523K(969216K), 0.2592460 secs]
86.207: [GC 455035K->370914K(896512K), 0.3396500 secs]
848-318-569	1.9846154
126-909-376	1.9503918
333-295-713	3.6032045
413-309-229	1.8422606
273-367-546	1.183543
569-992-722	1.8844285
536-737-759	1.2855223
716-948-952	2.2753217
636-110-774	3.994139
534-439-883	3.1279693
86.732: [GC 478405K->383603K(932864K), 0.1439330 secs]
86.984: [GC 495553K->372120K(932864K), 0.0094760 secs]
87.131: [GC 483383K->393867K(932864K), 0.0097090 secs]
87.364: [GC 511115K->409423K(932864K), 0.0675680 secs]
87.880: [GC 526671K->392907K(932864K), 0.0042670 secs]
88.099: [GC 504109K->414068K(932864K), 0.0092390 secs]
88.284: [GC 531316K->425335K(932864K), 0.0391550 secs]
88.753: [GC 542583K->413659K(932864K), 0.0043730 secs]
89.014: [GC 524988K->423847K(932864K), 0.0121030 secs]
89.182: [GC 541095K->441648K(946688K), 0.0266390 secs]
89.709: [GC 579376K->434443K(939520K), 0.0074640 secs]
90.050: [GC 569769K->455546K(958464K), 0.0094910 secs]
90.333: [GC 612134K->483545K(950784K), 0.0587880 secs]
90.972: [GC 643027K->455137K(965120K), 0.0045720 secs]
91.230: [GC 634337K->490361K(962560K), 0.0458470 secs]
91.618: [GC 669561K->514099K(949760K), 0.0797190 secs]
92.054: [GC 681523K->637386K(957952K), 0.3545910 secs]
92.686: [GC 803280K->721626K(907776K), 0.3395770 secs]
93.026: [Full GC 721626K->286064K(907776K), 1.5886640 secs]
848-318-569	1.9846154
126-909-376	1.9503918
333-295-713	3.6032045
413-309-229	1.8422606
273-367-546	1.183543
569-992-722	1.8844285
536-737-759	1.2855223
716-948-952	2.2753217
636-110-774	3.994139
534-439-883	3.1279693
94.790: [GC 396884K->297641K(932864K), 0.0075010 secs]
94.918: [GC 414889K->286959K(932864K), 0.0042000 secs]
95.040: [GC 401580K->318283K(932864K), 0.0109710 secs]
95.350: [GC 435531K->325692K(932864K), 0.0558220 secs]
95.917: [GC 442940K->307467K(932864K), 0.0049580 secs]
96.017: [GC 419887K->338969K(934912K), 0.0120310 secs]
96.285: [GC 453041K->346467K(932864K), 0.0609080 secs]
96.800: [GC 465763K->328359K(943616K), 0.0036490 secs]
96.994: [GC 464064K->359711K(941056K), 0.0108510 secs]
97.282: [GC 495903K->367333K(955392K), 0.0702290 secs]
97.914: [GC 514771K->349025K(949760K), 0.0037970 secs]
98.109: [GC 505697K->379503K(961536K), 0.0321560 secs]
98.799: [GC 549999K->369865K(957440K), 0.0139110 secs]
99.017: [GC 540361K->393946K(969216K), 0.0171260 secs]
99.847: [GC 578042K->396087K(963584K), 0.0174680 secs]
100.281: [GC 580407K->531599K(891904K), 0.2917010 secs]
100.838: [GC 648847K->617423K(932864K), 0.3941960 secs]
101.336: [GC 724931K->626794K(932864K), 0.1694660 secs]
101.505: [Full GC 626794K->22466K(932864K), 0.1578150 secs]
848-318-569	1.9846154
126-909-376	1.9503918
333-295-713	3.6032045
413-309-229	1.8422606
273-367-546	1.183543
569-992-722	1.8844285
536-737-759	1.2855223
716-948-952	2.2753217
636-110-774	3.994139
534-439-883	3.1279693
101.854: [GC 139714K->33946K(932864K), 0.0086720 secs]
101.995: [GC 144790K->33647K(932864K), 0.0081730 secs]
102.092: [GC 141897K->64576K(932864K), 0.0103410 secs]
102.498: [GC 181824K->53814K(938496K), 0.0118890 secs]
102.703: [GC 179766K->75081K(935936K), 0.0078530 secs]
102.910: [GC 201033K->74586K(948224K), 0.0076050 secs]
103.247: [GC 215241K->74650K(945152K), 0.0028530 secs]
103.446: [GC 219546K->95821K(958464K), 0.0125040 secs]
103.837: [GC 248361K->85036K(951296K), 0.0059740 secs]
104.103: [GC 246316K->106257K(967680K), 0.0175480 secs]
104.483: [GC 284476K->126862K(961024K), 0.0173030 secs]
104.776: [GC 300337K->105866K(971776K), 0.0097880 secs]
4.0000315	Bristol
4.0004053	Hampshire
4.000053	New York
4.0000796	Uttar Pradesh
4.0000153	Delhi
4.000081	Arizona
NULL	NULL
4.001206	Michigan
4.0004606	Kashmir
4.0000405	London
105.035: [GC 289976K->107564K(969728K), 0.0078430 secs]
105.230: [GC 290561K->106718K(977408K), 0.0034980 secs]
105.573: [GC 309982K->127400K(974336K), 0.0110370 secs]
106.016: [GC 330664K->127083K(984576K), 0.0080080 secs]
106.501: [GC 344171K->127257K(980992K), 0.0083010 secs]
106.798: [GC 344345K->137736K(985600K), 0.0175210 secs]
107.469: [GC 360862K->116636K(986624K), 0.0090040 secs]
107.803: [GC 341404K->127496K(992256K), 0.0088370 secs]
108.296: [GC 359125K->127528K(989696K), 0.0085270 secs]
108.644: [GC 351118K->116572K(997376K), 0.0100200 secs]
4.0000315	Bristol
4.000008	New York
4.000103	Hampshire
4.0000796	Uttar Pradesh
4.000005	Delhi
4.000081	Arizona
NULL	NULL
4.000496	Michigan
4.0000114	Kashmir
4.0000405	London
108.942: [GC 353794K->118265K(995328K), 0.0071780 secs]
109.200: [GC 362489K->128352K(1000960K), 0.0109640 secs]
109.761: [GC 374796K->138088K(983552K), 0.0109780 secs]
110.307: [GC 380556K->106652K(998912K), 0.0054530 secs]
110.885: [GC 350286K->127880K(998912K), 0.0111510 secs]
111.268: [GC 377224K->127880K(1001984K), 0.0105950 secs]
111.694: [GC 381832K->127950K(1000448K), 0.0098060 secs]
112.029: [GC 381902K->107603K(1002496K), 0.0062610 secs]
4.0000315	Bristol
4.0000157	New York
4.000167	Hampshire
4.0000796	Uttar Pradesh
4.0000153	Delhi
4.000081	Arizona
NULL	NULL
4.000675	Michigan
4.0004606	Kashmir
4.0000405	London
112.383: [GC 359932K->129224K(1003008K), 0.0149730 secs]
113.022: [GC 386760K->127596K(1005056K), 0.0145190 secs]
113.422: [GC 387692K->128168K(1003520K), 0.0223230 secs]
113.873: [GC 386952K->128238K(1007104K), 0.0146900 secs]
114.499: [GC 387695K->106972K(1006080K), 0.0059960 secs]
115.087: [GC 371676K->128216K(1007104K), 0.0162450 secs]
115.499: [GC 393432K->128270K(1006592K), 0.0096860 secs]
4.0000315	Bristol
4.000008	New York
4.000103	Hampshire
4.0000796	Uttar Pradesh
4.000005	Delhi
4.000081	Arizona
NULL	NULL
4.000496	Michigan
4.0000114	Kashmir
4.0000405	London
115.846: [GC 390805K->118914K(1009152K), 0.0080070 secs]
116.124: [GC 378973K->139290K(1000960K), 0.0135180 secs]
117.250: [GC 407578K->128140K(1007104K), 0.0144790 secs]
117.675: [GC 386105K->159546K(1005568K), 0.0708590 secs]
118.441: [GC 423572K->139734K(994304K), 0.0226590 secs]
119.409: [GC 390381K->139130K(999936K), 0.0132830 secs]
119.799: [GC 382593K->170620K(984576K), 0.0782990 secs]
120.531: [GC 402544K->155665K(993280K), 0.0254400 secs]
121.090: [GC 393745K->145632K(995840K), 0.0169830 secs]
121.792: [GC 384324K->308936K(993792K), 0.3258270 secs]
1	1052381.0	36459
0	389143.0	36459
8	538223.0	36459
6	874869.0	36459
5	290692.0	36459
4	387713.0	36459
8	241426.0	33986
10	473486.0	33986
0	603805.0	90795
1	690918.0	90795
