/home/ec2-user/blinkdb
-i /home/ec2-user/eecs584/workloadGen/querySet/querySet0/frame_1/workload_stats_dqcs.queries
Starting the Shark Command Line Client
/home/ec2-user/blinkdb/target/scala-2.9.3/classes
/home/ec2-user/blinkdb/target/scala-2.9.3/shark_2.9.3-0.8.0-SNAPSHOT.jar
4.644: [GC 262656K->21520K(1005568K), 0.0578790 secs]
6.031: [GC 149651K->16995K(1005568K), 0.0326130 secs]
6.064: [Full GC 16995K->16205K(1005568K), 0.1864940 secs]
6.265: [GC 24956K->16276K(1005568K), 0.0022610 secs]
6.267: [Full GC 16276K->9144K(1005568K), 0.1282870 secs]
10.368: [GC 271800K->29441K(1005568K), 0.0281260 secs]
10.906: [GC 292097K->17075K(1005568K), 0.0136610 secs]
13.149: [GC 279731K->40108K(1005568K), 0.0437900 secs]
14.262: [GC 302052K->28859K(1005568K), 0.0293600 secs]
15.138: [GC 282377K->28596K(1014784K), 0.0189010 secs]
16.013: [GC 303064K->18227K(1013760K), 0.0189030 secs]
16.892: [GC 298291K->46829K(1007616K), 0.0504500 secs]
17.736: [GC 319725K->240908K(1010688K), 0.5245790 secs]
19.305: [GC 513804K->256250K(875520K), 0.2058550 secs]
19.651: [GC 384962K->287218K(943104K), 0.0857650 secs]
1107687
20.166: [GC 424130K->258277K(949248K), 0.0064470 secs]
20.335: [GC 401094K->256849K(948736K), 0.0075220 secs]
20.560: [GC 401335K->267707K(953856K), 0.0150610 secs]
21.430: [GC 415754K->293263K(950272K), 0.0576400 secs]
22.117: [GC 445046K->267345K(962048K), 0.0085690 secs]
22.466: [GC 436340K->313919K(920576K), 0.0550450 secs]
23.111: [GC 487511K->298945K(965120K), 0.0320980 secs]
23.612: [GC 475585K->298556K(960000K), 0.0216360 secs]
24.057: [GC 465129K->329926K(969216K), 0.0206160 secs]
24.786: [GC 517318K->319280K(966656K), 0.0383340 secs]
25.147: [GC 506672K->348272K(973824K), 0.0315740 secs]
25.656: [GC 544368K->383142K(959488K), 0.1791140 secs]
26.322: [GC 579238K->521460K(902144K), 0.4288470 secs]
26.867: [GC 633741K->558364K(932864K), 0.3626750 secs]
27.802: [GC 675612K->548228K(932864K), 0.1049730 secs]
28.136: [GC 658278K->548308K(932864K), 0.0286280 secs]
28.268: [GC 656787K->579802K(932864K), 0.0201430 secs]
1107756
28.542: [GC 692975K->559916K(932864K), 0.0171510 secs]
28.692: [GC 668282K->548849K(934400K), 0.0206190 secs]
28.824: [GC 667633K->548865K(932864K), 0.0161330 secs]
29.049: [GC 661389K->570685K(945664K), 0.0166410 secs]
29.727: [GC 705853K->569713K(937984K), 0.0334050 secs]
29.961: [GC 697190K->590896K(956416K), 0.0163050 secs]
30.728: [GC 747353K->590328K(948736K), 0.0363870 secs]
30.993: [GC 747000K->616188K(962048K), 0.0491780 secs]
31.685: [GC 784924K->601434K(961024K), 0.0304550 secs]
32.373: [GC 776026K->601020K(970240K), 0.0334520 secs]
32.807: [GC 790972K->641278K(968192K), 0.0592540 secs]
33.296: [GC 831230K->680959K(937984K), 0.1340270 secs]
33.856: [GC 839167K->793158K(953344K), 0.3905230 secs]
34.247: [Full GC 793158K->209834K(953344K), 1.3077030 secs]
35.777: [GC 368042K->254794K(912384K), 0.1276930 secs]
36.369: [GC 372042K->254946K(932864K), 0.0780590 secs]
36.671: [GC 362962K->255050K(932864K), 0.0143870 secs]
36.803: [GC 362415K->276263K(932864K), 0.0148930 secs]
1107336
37.048: [GC 391794K->276874K(932864K), 0.0206750 secs]
37.177: [GC 385327K->265818K(932864K), 0.0148110 secs]
37.336: [GC 375179K->266357K(934400K), 0.0149270 secs]
37.471: [GC 385141K->297293K(932864K), 0.0163080 secs]
38.015: [GC 416077K->286638K(944640K), 0.0148030 secs]
38.464: [GC 424366K->307495K(941568K), 0.0150060 secs]
38.759: [GC 444794K->324446K(958464K), 0.0593050 secs]
39.439: [GC 478403K->317564K(952320K), 0.0150250 secs]
39.746: [GC 479868K->342688K(964096K), 0.0520400 secs]
40.475: [GC 517651K->307482K(963072K), 0.0147510 secs]
40.826: [GC 483178K->356645K(957440K), 0.0629850 secs]
41.529: [GC 532261K->338767K(962048K), 0.0162620 secs]
42.024: [GC 514383K->339069K(969728K), 0.0151090 secs]
42.433: [GC 528509K->443180K(968192K), 0.1799310 secs]
43.027: [GC 630631K->578755K(897536K), 0.3786460 secs]
43.699: [GC 696003K->568819K(932864K), 0.1215270 secs]
44.243: [GC 686067K->568811K(932864K), 0.0160280 secs]
44.369: [GC 676872K->599675K(932864K), 0.0173130 secs]
1106117
44.526: [GC 716923K->569804K(932864K), 0.0202190 secs]
44.793: [GC 683192K->569781K(932864K), 0.0318150 secs]
44.918: [GC 687029K->569313K(932864K), 0.0164060 secs]
45.140: [GC 684249K->591029K(932864K), 0.0245140 secs]
45.431: [GC 699296K->609741K(934400K), 0.0667180 secs]
46.073: [GC 724573K->600301K(932864K), 0.0264160 secs]
46.242: [GC 719085K->616770K(948224K), 0.0291860 secs]
46.979: [GC 751874K->600497K(940544K), 0.0161530 secs]
47.191: [GC 740785K->632390K(955392K), 0.0427140 secs]
47.876: [GC 788143K->610887K(951296K), 0.0191180 secs]
48.272: [GC 769095K->641692K(963584K), 0.0670920 secs]
48.939: [GC 812805K->632238K(960000K), 0.0298230 secs]
49.420: [GC 807342K->637345K(973824K), 0.0462550 secs]
49.882: [GC-- 832417K->920735K(973824K), 0.4186200 secs]
50.301: [Full GC 920735K->183454K(973824K), 0.9342770 secs]
51.613: [GC 378526K->250430K(961536K), 0.1809860 secs]
52.518: [GC 440562K->250670K(964096K), 0.1100370 secs]
1058728
52.824: [GC 429358K->251574K(963072K), 0.0108600 secs]
