/home/ec2-user/blinkdb
-i /home/ec2-user/eecs584/workloadGen/querySet/querySet0/frame_3/workload.queries
Starting the Shark Command Line Client
/home/ec2-user/blinkdb/target/scala-2.9.3/classes
/home/ec2-user/blinkdb/target/scala-2.9.3/shark_2.9.3-0.8.0-SNAPSHOT.jar
4.405: [GC 262656K->21014K(1005568K), 0.0464230 secs]
5.931: [GC 155628K->17502K(1005568K), 0.0344560 secs]
5.966: [Full GC 17502K->16696K(1005568K), 0.1878250 secs]
6.173: [GC 24076K->16767K(1005568K), 0.0024010 secs]
6.176: [Full GC 16767K->9161K(1005568K), 0.1153390 secs]
10.285: [GC 271817K->29862K(1005568K), 0.0269760 secs]
11.089: [GC 285238K->50804K(1005568K), 0.0340450 secs]
12.920: [GC 312122K->38627K(1005568K), 0.0351720 secs]
13.688: [GC 301283K->39272K(992256K), 0.0186050 secs]
14.354: [GC 301928K->50968K(991232K), 0.0994010 secs]
15.196: [GC 285776K->39030K(996352K), 0.0185260 secs]
15.955: [GC 283254K->38633K(1000960K), 0.0123340 secs]
16.469: [GC 285008K->57359K(990720K), 0.0537570 secs]
17.388: [GC 308751K->142411K(929792K), 0.2484130 secs]
18.060: [GC 321099K->269402K(963584K), 0.3997080 secs]
848-318-569	1.9846154
126-909-376	1.9503918
333-295-713	3.6032045
413-309-229	1.8422606
273-367-546	1.183543
569-992-722	1.8844285
536-737-759	1.2855223
716-948-952	2.2753217
636-110-774	3.994139
534-439-883	3.1279693
18.840: [GC 446689K->276548K(902144K), 0.2020100 secs]
19.201: [GC 385241K->285372K(932864K), 0.0240080 secs]
19.563: [GC 398699K->307160K(932864K), 0.0279190 secs]
20.073: [GC 424124K->324321K(932864K), 0.0979670 secs]
20.778: [GC 441569K->295997K(932864K), 0.0151040 secs]
20.919: [GC 409434K->327349K(932864K), 0.0185490 secs]
21.194: [GC 434619K->334841K(944640K), 0.0731880 secs]
21.811: [GC 469179K->316665K(940032K), 0.0151950 secs]
21.936: [GC 444192K->348149K(952832K), 0.0205690 secs]
22.496: [GC 498677K->337503K(946176K), 0.0323350 secs]
22.925: [GC 479510K->358615K(960000K), 0.0191080 secs]
23.294: [GC 524503K->376467K(954368K), 0.0791080 secs]
23.878: [GC 536236K->368407K(967680K), 0.0204280 secs]
24.285: [GC 552215K->397740K(964608K), 0.0674640 secs]
24.782: [GC 581548K->462347K(930816K), 0.1640180 secs]
25.342: [GC 616459K->574290K(951296K), 0.3896130 secs]
25.969: [GC 727032K->635226K(914432K), 0.4486040 secs]
848-318-569	1.9846154
126-909-376	1.9503918
333-295-713	3.6032045
413-309-229	1.8422606
273-367-546	1.183543
569-992-722	1.8844285
536-737-759	1.2855223
716-948-952	2.2753217
636-110-774	3.994139
534-439-883	3.1279693
26.678: [GC 751295K->636196K(932864K), 0.1337220 secs]
26.811: [Full GC 636196K->29221K(932864K), 0.2963460 secs]
27.454: [GC 139388K->50343K(932864K), 0.0067510 secs]
27.609: [GC 167591K->63008K(932864K), 0.0145180 secs]
28.047: [GC 180256K->60420K(932864K), 0.0118220 secs]
28.430: [GC 173183K->70576K(932864K), 0.0111270 secs]
28.586: [GC 187824K->84108K(933376K), 0.0152710 secs]
29.038: [GC 201868K->81188K(932864K), 0.0073980 secs]
29.412: [GC 192106K->91352K(941056K), 0.0060310 secs]
29.580: [GC 219864K->107691K(935936K), 0.0394240 secs]
30.106: [GC 236203K->101956K(951296K), 0.0076500 secs]
30.438: [GC 243968K->133381K(948736K), 0.0100030 secs]
30.736: [GC 284933K->140915K(961536K), 0.0539740 secs]
31.330: [GC 304642K->132879K(955904K), 0.0077340 secs]
31.660: [GC 293729K->162138K(969216K), 0.0824350 secs]
32.091: [GC 347994K->210713K(963072K), 0.1160910 secs]
32.690: [GC 396569K->354776K(902656K), 0.6515040 secs]
33.576: [GC 466576K->389404K(932864K), 0.2467660 secs]
848-318-569	1.9846154
126-909-376	1.9503918
333-295-713	3.6032045
413-309-229	1.8422606
273-367-546	1.183543
569-992-722	1.8844285
536-737-759	1.2855223
716-948-952	2.2753217
636-110-774	3.994139
534-439-883	3.1279693
34.045: [GC 500389K->390455K(932864K), 0.0937440 secs]
34.269: [GC 499376K->399887K(932864K), 0.0158000 secs]
34.478: [GC 510839K->421634K(932864K), 0.0199750 secs]
34.776: [GC 538538K->438822K(932864K), 0.0767110 secs]
35.378: [GC 556070K->410434K(932864K), 0.0151320 secs]
35.519: [GC 524016K->441876K(932864K), 0.0179080 secs]
35.798: [GC 559048K->459578K(941056K), 0.0633920 secs]
36.407: [GC 583457K->431122K(933888K), 0.0153200 secs]
36.529: [GC 548690K->452366K(948736K), 0.0156780 secs]
36.985: [GC 595726K->451930K(943104K), 0.0155830 secs]
37.395: [GC 589506K->462094K(955392K), 0.0185890 secs]
37.747: [GC 620302K->491064K(951296K), 0.1176440 secs]
38.436: [GC 648200K->462338K(962560K), 0.0217660 secs]
38.746: [GC 636930K->497727K(960512K), 0.0515320 secs]
39.149: [GC 672319K->520860K(950272K), 0.1192220 secs]
39.652: [GC 687260K->643355K(957440K), 0.3241120 secs]
40.277: [GC 801054K->718612K(908288K), 0.3413720 secs]
40.618: [Full GC 718612K->272669K(908288K), 1.5965300 secs]
848-318-569	1.9846154
126-909-376	1.9503918
333-295-713	3.6032045
413-309-229	1.8422606
273-367-546	1.183543
569-992-722	1.8844285
536-737-759	1.2855223
716-948-952	2.2753217
636-110-774	3.994139
534-439-883	3.1279693
42.416: [GC 383901K->284245K(932864K), 0.0126350 secs]
42.537: [GC 392930K->293657K(932864K), 0.0134080 secs]
42.729: [GC 404962K->315405K(932864K), 0.0109170 secs]
42.995: [GC 422529K->322346K(932864K), 0.0801600 secs]
43.563: [GC 439594K->304198K(932864K), 0.0050350 secs]
43.730: [GC 416825K->325334K(934912K), 0.0138710 secs]
44.003: [GC 442316K->343066K(932864K), 0.1052360 secs]
44.602: [GC 462362K->324990K(943616K), 0.0064420 secs]
44.773: [GC 457145K->346154K(941056K), 0.0141030 secs]
45.195: [GC 482346K->345722K(952832K), 0.0141200 secs]
45.641: [GC 500346K->366468K(950272K), 0.0108270 secs]
45.967: [GC 515703K->385204K(965120K), 0.0547450 secs]
46.573: [GC 551369K->376752K(959488K), 0.0110240 secs]
46.884: [GC 552880K->404755K(968704K), 0.0840350 secs]
47.343: [GC 593683K->443950K(966144K), 0.1347290 secs]
47.962: [GC 632878K->582077K(899584K), 0.3984000 secs]
48.545: [GC 690342K->623045K(932864K), 0.2168190 secs]
848-318-569	1.9846154
126-909-376	1.9503918
333-295-713	3.6032045
413-309-229	1.8422606
273-367-546	1.183543
569-992-722	1.8844285
536-737-759	1.2855223
716-948-952	2.2753217
636-110-774	3.994139
534-439-883	3.1279693
48.956: [GC 733901K->624043K(932864K), 0.0804680 secs]
49.037: [Full GC 624043K->19866K(932864K), 0.1283970 secs]
49.279: [GC 128953K->50682K(932864K), 0.0098160 secs]
49.450: [GC 161604K->72478K(932864K), 0.0157030 secs]
49.713: [GC 189556K->89675K(932864K), 0.1081770 secs]
50.336: [GC 206923K->61287K(932864K), 0.0033890 secs]
50.451: [GC 173527K->92663K(932864K), 0.0163240 secs]
50.732: [GC 209377K->110423K(943104K), 0.0555130 secs]
51.340: [GC 235189K->81967K(936448K), 0.0036210 secs]
51.433: [GC 210319K->113451K(951808K), 0.0164730 secs]
51.955: [GC 261419K->102807K(944640K), 0.0091730 secs]
52.347: [GC 246873K->123927K(958464K), 0.0085990 secs]
52.660: [GC 286743K->141753K(952832K), 0.0537590 secs]
53.244: [GC 303839K->133725K(966656K), 0.0087200 secs]
53.586: [GC 315485K->163059K(963584K), 0.0900300 secs]
54.045: [GC 344819K->225445K(931840K), 0.1433950 secs]
54.587: [GC 379557K->337396K(951296K), 0.3381620 secs]
55.153: [GC 484187K->390232K(914432K), 0.2677530 secs]
848-318-569	1.9846154
126-909-376	1.9503918
333-295-713	3.6032045
413-309-229	1.8422606
273-367-546	1.183543
569-992-722	1.8844285
536-737-759	1.2855223
716-948-952	2.2753217
636-110-774	3.994139
534-439-883	3.1279693
55.625: [GC 505627K->391268K(932864K), 0.1090150 secs]
55.875: [GC 501133K->390912K(932864K), 0.0159840 secs]
55.992: [GC 498339K->421848K(932864K), 0.0319340 secs]
56.379: [GC 539096K->429432K(932864K), 0.1193980 secs]
56.962: [GC 542158K->421356K(932864K), 0.0219070 secs]
57.071: [GC 538505K->442657K(937984K), 0.0319610 secs]
57.506: [GC 565025K->431986K(932864K), 0.0275390 secs]
57.966: [GC 549363K->431870K(942592K), 0.0163050 secs]
58.127: [GC 566014K->457306K(940032K), 0.0256960 secs]
58.670: [GC 591450K->452746K(952832K), 0.0158740 secs]
59.038: [GC 604118K->473882K(950272K), 0.0160260 secs]
59.469: [GC 628506K->473476K(962048K), 0.0277550 secs]
59.988: [GC 642918K->494628K(959488K), 0.0192950 secs]
60.418: [GC 667684K->512420K(973824K), 0.0616760 secs]
60.855: [GC 706468K->603312K(968704K), 0.1906960 secs]
61.490: [GC 797360K->746207K(897024K), 0.4303380 secs]
61.921: [Full GC 746207K->269884K(897024K), 1.5681620 secs]
63.595: [GC 382537K->284071K(932864K), 0.0193530 secs]
848-318-569	1.9846154
126-909-376	1.9503918
333-295-713	3.6032045
413-309-229	1.8422606
273-367-546	1.183543
569-992-722	1.8844285
536-737-759	1.2855223
716-948-952	2.2753217
636-110-774	3.994139
534-439-883	3.1279693
63.860: [GC 391350K->274532K(932864K), 0.0157320 secs]
64.012: [GC 382270K->274220K(932864K), 0.0210160 secs]
64.172: [GC 391468K->299762K(932864K), 0.0297080 secs]
64.636: [GC 417010K->294515K(932864K), 0.0148520 secs]
64.983: [GC 407512K->294399K(932864K), 0.0146590 secs]
65.144: [GC 411647K->320784K(932864K), 0.0268280 secs]
65.608: [GC 438032K->315282K(932864K), 0.0147320 secs]
65.945: [GC 426752K->315166K(932864K), 0.0146590 secs]
66.098: [GC 432414K->341584K(944128K), 0.0271620 secs]
66.619: [GC 473680K->336050K(936448K), 0.0188200 secs]
66.939: [GC 463181K->357186K(955904K), 0.0150170 secs]
67.215: [GC 506152K->385150K(948224K), 0.0638670 secs]
67.826: [GC 530642K->356702K(963584K), 0.0237940 secs]
68.108: [GC 532318K->392378K(960512K), 0.0514110 secs]
68.502: [GC 567994K->414892K(949760K), 0.1096500 secs]
68.976: [GC 580268K->536620K(956928K), 0.3185110 secs]
69.591: [GC 696300K->613064K(908800K), 0.3355480 secs]
848-318-569	1.9846154
126-909-376	1.9503918
333-295-713	3.6032045
413-309-229	1.8422606
273-367-546	1.183543
569-992-722	1.8844285
536-737-759	1.2855223
716-948-952	2.2753217
636-110-774	3.994139
534-439-883	3.1279693
70.109: [GC 724009K->614378K(932864K), 0.1542550 secs]
70.263: [Full GC 614378K->20979K(932864K), 0.1285600 secs]
70.489: [GC 129971K->51795K(932864K), 0.0094680 secs]
70.646: [GC 163289K->73591K(932864K), 0.0153390 secs]
70.911: [GC 190449K->90772K(932864K), 0.0772440 secs]
71.504: [GC 208020K->62424K(932864K), 0.0026930 secs]
71.627: [GC 174847K->93808K(939008K), 0.0099770 secs]
71.893: [GC 210430K->111504K(932864K), 0.0593490 secs]
72.494: [GC 234896K->83188K(947200K), 0.0028740 secs]
72.611: [GC 227572K->105932K(945664K), 0.0108630 secs]
73.162: [GC 250316K->103936K(954880K), 0.0076940 secs]
73.488: [GC 256582K->125105K(953344K), 0.0080830 secs]
73.956: [GC 284849K->124664K(962560K), 0.0122760 secs]
74.441: [GC 289912K->145792K(961024K), 0.0080090 secs]
74.862: [GC 320896K->145402K(970752K), 0.0105210 secs]
75.238: [GC 336378K->253222K(968704K), 0.1774140 secs]
75.856: [GC 444198K->393846K(897024K), 0.4020500 secs]
76.366: [GC 509892K->412169K(932864K), 0.1534540 secs]
848-318-569	1.9846154
126-909-376	1.9503918
333-295-713	3.6032045
413-309-229	1.8422606
273-367-546	1.183543
569-992-722	1.8844285
536-737-759	1.2855223
716-948-952	2.2753217
636-110-774	3.994139
534-439-883	3.1279693
76.733: [GC 519633K->402658K(932864K), 0.0259690 secs]
76.905: [GC 510424K->402338K(932864K), 0.0273620 secs]
77.074: [GC 519586K->428179K(932864K), 0.0537310 secs]
77.562: [GC 545427K->422612K(932864K), 0.0363260 secs]
77.921: [GC 533842K->422496K(932864K), 0.0154390 secs]
78.077: [GC 539744K->448905K(932864K), 0.0280360 secs]
78.540: [GC 566153K->443372K(932864K), 0.0156430 secs]
78.872: [GC 554921K->443295K(932864K), 0.0156640 secs]
79.026: [GC 560543K->469681K(943616K), 0.0284050 secs]
79.540: [GC 600241K->464147K(935424K), 0.0156530 secs]
79.871: [GC 594707K->485308K(955392K), 0.0283100 secs]
80.161: [GC 635009K->513247K(947712K), 0.0636490 secs]
80.771: [GC 667605K->495039K(964608K), 0.0272420 secs]
81.087: [GC 671167K->523068K(960000K), 0.0722890 secs]
81.505: [GC 699196K->552565K(943104K), 0.1071280 secs]
81.952: [GC 711797K->670229K(953856K), 0.3233180 secs]
82.544: [GC 822340K->741097K(911872K), 0.3279340 secs]
82.872: [Full GC 741097K->274631K(911872K), 1.6111680 secs]
848-318-569	1.9846154
126-909-376	1.9503918
333-295-713	3.6032045
413-309-229	1.8422606
273-367-546	1.183543
569-992-722	1.8844285
536-737-759	1.2855223
716-948-952	2.2753217
636-110-774	3.994139
534-439-883	3.1279693
84.731: [GC 391879K->286367K(932864K), 0.0193610 secs]
84.860: [GC 396690K->295679K(932864K), 0.0193970 secs]
85.037: [GC 408350K->317427K(932864K), 0.0179110 secs]
85.643: [GC 434675K->315825K(932864K), 0.0337390 secs]
86.039: [GC 433073K->327182K(932864K), 0.0140610 secs]
86.297: [GC 444430K->333107K(933376K), 0.0448340 secs]
86.714: [GC 450504K->337282K(932864K), 0.0079480 secs]
86.878: [GC 455042K->350492K(943616K), 0.0175160 secs]
87.378: [GC 482679K->347674K(937984K), 0.0118640 secs]
87.657: [GC 480794K->364742K(954368K), 0.0436240 secs]
88.115: [GC 513547K->379282K(948224K), 0.0166580 secs]
88.440: [GC 531408K->347968K(961024K), 0.0059670 secs]
88.681: [GC 519488K->427685K(950784K), 0.2197890 secs]
0	415564.0	82899
2	1027318.0	38147
6	874869.0	36459
3	345249.0	61678
4	261606.0	61678
4	387713.0	36459
5	138690.0	61678
6	714143.0	38147
1	1025185.0	61678
2	172050.0	97221
89.249: [GC 595202K->349569K(947712K), 0.2541410 secs]
89.672: [GC 491333K->359262K(949248K), 0.0108200 secs]
89.980: [GC 509278K->381080K(960512K), 0.0387890 secs]
90.686: [GC 545659K->369149K(953856K), 0.0114200 secs]
90.939: [GC 535037K->390105K(967680K), 0.0350070 secs]
91.641: [GC 568974K->359059K(964608K), 0.0041070 secs]
91.993: [GC 542867K->397765K(968192K), 0.0638140 secs]
92.652: [GC 580970K->390627K(968704K), 0.0113040 secs]
93.074: [GC 579555K->410956K(978944K), 0.1261390 secs]
93.748: [GC 613835K->421667K(973824K), 0.0112660 secs]
94.234: [GC 625955K->418774K(983040K), 0.0206300 secs]
94.780: [GC 623583K->542478K(980480K), 0.2711260 secs]
0	518763.0	36459
8	804430.0	36459
6	874869.0	36459
5	290692.0	36459
4	387713.0	36459
8	241426.0	33986
10	473486.0	33986
0	603805.0	90795
1	690918.0	90795
6	990979.0	93568
95.374: [GC 748671K->554881K(904704K), 0.1001160 secs]
95.631: [GC 687005K->554058K(942592K), 0.0081990 secs]
95.984: [GC 690762K->570917K(950784K), 0.0274030 secs]
96.324: [GC 718603K->585086K(946176K), 0.0120040 secs]
96.937: [GC 731920K->553785K(957952K), 0.0049450 secs]
97.295: [GC 720185K->581150K(956928K), 0.0255000 secs]
97.632: [GC 742012K->575146K(968704K), 0.0101130 secs]
98.190: [GC 759466K->575304K(964096K), 0.0166100 secs]
98.513: [GC 751507K->554157K(973824K), 0.0048840 secs]
98.734: [GC 752813K->554941K(973312K), 0.0070830 secs]
4	531325.0	36461
2	467368.0	50214
8	338124.0	36461
4	6330.0	95366
9	557022.0	78275
3	361038.0	14005
6	175326.0	91471
2	1027318.0	38147
8	732264.0	91471
6	874869.0	36459
99.076: [GC 753597K->555718K(976896K), 0.0068490 secs]
99.630: [GC 751043K->565384K(974848K), 0.0088310 secs]
100.106: [GC 762204K->590754K(977408K), 0.0454390 secs]
100.641: [GC 792287K->580584K(978944K), 0.0224540 secs]
101.129: [GC 789992K->580328K(984064K), 0.0218370 secs]
101.482: [GC 789592K->588265K(981504K), 0.0176410 secs]
101.678: [GC 799348K->575778K(987648K), 0.0106270 secs]
3	551634.0	68849
4	531325.0	36461
1	165707.0	68849
7	13029.0	97775
2	467368.0	50214
8	338124.0	36461
6	1032720.0	58185
9	51409.0	12627
1	419250.0	60920
9	557022.0	78275
102.030: [GC 793679K->556154K(984064K), 0.0101640 secs]
102.623: [GC 777190K->575903K(991744K), 0.0105780 secs]
103.198: [GC 806596K->575938K(988160K), 0.0105800 secs]
103.822: [GC 807315K->575970K(997888K), 0.0179590 secs]
104.419: [GC 817726K->555362K(994816K), 0.0104760 secs]
104.769: [GC 791906K->565632K(999424K), 0.0081810 secs]
4	531325.0	36461
2	467368.0	50214
8	338124.0	36461
4	6330.0	95366
9	557022.0	78275
3	361038.0	14005
6	175326.0	91471
2	1027318.0	38147
8	732264.0	91471
6	874869.0	36459
105.197: [GC 809756K->566711K(997376K), 0.0153210 secs]
105.542: [GC 812888K->576892K(1002496K), 0.0151770 secs]
106.341: [GC 832380K->576333K(1001472K), 0.0130580 secs]
107.127: [GC 829071K->555211K(1003008K), 0.0081050 secs]
107.802: [GC 813771K->576508K(1003520K), 0.0186880 secs]
108.424: [GC 835068K->596245K(992256K), 0.1240410 secs]
109.068: [GC 844565K->582430K(998400K), 0.0372920 secs]
109.638: [GC 828996K->663691K(937984K), 0.1838470 secs]
0	518763.0	36459
6	874869.0	36459
5	290692.0	36459
4	387713.0	36459
10	473486.0	33986
0	603805.0	90795
1	690918.0	90795
6	990979.0	93568
0	405588.0	50580
4	759648.0	83635
110.125: [GC 844476K->626549K(968192K), 0.0304050 secs]
110.363: [GC 807017K->625749K(973312K), 0.0184580 secs]
110.968: [GC 821156K->636200K(970752K), 0.0211050 secs]
111.245: [GC 831784K->636167K(981504K), 0.0226470 secs]
111.700: [GC 846599K->636279K(977408K), 0.0351770 secs]
112.239: [GC 839753K->625275K(986624K), 0.0200370 secs]
112.811: [GC 843238K->625983K(985088K), 0.0314590 secs]
113.165: [GC 846606K->636248K(992256K), 0.0347910 secs]
1.0000243	India
1.0000066	Malaysia
1.0000165	England
1.0000224	Italy
1.0000209	Afghanistan
1.0000087	Canada
1.0000134	Germany
1.000033	China
1.0000081	France
1.7685311	NULL
113.502: [GC 863676K->626984K(988160K), 0.0313790 secs]
113.791: [GC 849232K->637139K(996864K), 0.0188250 secs]
114.382: [GC 871869K->646806K(993792K), 0.0225240 secs]
114.949: [GC 884006K->625658K(996864K), 0.0093000 secs]
115.529: [GC 862447K->626368K(996352K), 0.0090880 secs]
116.095: [GC 863097K->646912K(996352K), 0.0150310 secs]
116.439: [GC 889490K->615996K(947200K), 0.0060850 secs]
1.0000243	India
1.0000066	Malaysia
1.0000165	England
1.0000224	Italy
1.0000209	Afghanistan
1.0000087	Canada
1.0000134	Germany
1.000033	China
1.0000081	France
1.7685311	NULL
116.734: [GC 858724K->627317K(998400K), 0.0097370 secs]
117.108: [GC 874101K->637406K(996864K), 0.0155230 secs]
117.600: [GC 884190K->636870K(1002496K), 0.0157770 secs]
118.143: [GC 885744K->647164K(1000448K), 0.0157060 secs]
118.714: [GC 893662K->647174K(997376K), 0.0230400 secs]
119.304: [GC 893081K->647196K(980992K), 0.0230720 secs]
119.683: [GC 892158K->636948K(1000448K), 0.0201240 secs]
1.0000243	India
1.0000066	Malaysia
1.0000165	England
1.0000224	Italy
1.0000209	Afghanistan
1.0000087	Canada
1.0000134	Germany
1.000033	China
1.0000081	France
1.7685311	NULL
120.030: [GC 882537K->617381K(997888K), 0.0069180 secs]
120.629: [GC 866307K->626926K(1000960K), 0.0094510 secs]
121.207: [GC 873727K->637227K(999424K), 0.0157310 secs]
121.724: [GC 889131K->637219K(1005056K), 0.0133900 secs]
122.274: [GC 896803K->637307K(1003008K), 0.0156020 secs]
122.734: [GC 894197K->627027K(1007104K), 0.0151330 secs]
1.0000243	India
1.0000066	Malaysia
1.0000165	England
1.0000224	Italy
1.0000209	Afghanistan
1.0000087	Canada
1.0000134	Germany
1.000033	China
1.0000081	France
1.7685311	NULL
123.028: [GC 891493K->627929K(1006592K), 0.0160740 secs]
123.480: [GC 893145K->638051K(1009152K), 0.0123370 secs]
124.075: [GC 906851K->637550K(1008128K), 0.0204070 secs]
124.672: [GC 906350K->637619K(1011200K), 0.0119480 secs]
125.298: [GC 910515K->637611K(1010176K), 0.0119170 secs]
125.872: [GC 903627K->637657K(1012736K), 0.0197660 secs]
1.0000243	India
1.0000066	Malaysia
1.0000165	England
1.0000224	Italy
1.0000209	Afghanistan
1.0000087	Canada
1.0000134	Germany
1.000033	China
1.0000081	France
1.7685311	NULL
126.186: [GC 912001K->618058K(978432K), 0.0085060 secs]
126.633: [GC 894538K->638411K(1011712K), 0.0152370 secs]
127.239: [GC 913355K->637883K(1011712K), 0.0203990 secs]
127.858: [GC 912827K->637943K(1013248K), 0.0213060 secs]
128.484: [GC 914935K->637965K(1012224K), 0.0194010 secs]
128.986: [GC 906278K->627655K(1013760K), 0.0153760 secs]
1.0000243	India
1.0000066	Malaysia
1.0000165	England
1.0000224	Italy
1.0000209	Afghanistan
1.0000087	Canada
1.0000134	Germany
1.000033	China
1.0000081	France
1.7685311	NULL
129.294: [GC 904864K->618381K(980992K), 0.0070550 secs]
129.832: [GC 897421K->638748K(1012736K), 0.0200900 secs]
130.473: [GC 915740K->638231K(1012736K), 0.0121610 secs]
131.115: [GC 915223K->638258K(1013248K), 0.0121000 secs]
131.750: [GC 915762K->638258K(1012736K), 0.0122270 secs]
132.126: [GC 913924K->617610K(1010688K), 0.0093790 secs]
1.0000243	India
1.0000066	Malaysia
1.0000165	England
1.0000224	Italy
1.0000209	Afghanistan
1.0000087	Canada
1.0000134	Germany
1.000033	China
1.0000081	France
1.7685311	NULL
132.453: [GC 890358K->628945K(1012224K), 0.0156870 secs]
133.122: [GC 904913K->639066K(1013248K), 0.0122570 secs]
133.708: [GC 906976K->638586K(1013248K), 0.0167390 secs]
134.294: [GC 907613K->638582K(1013248K), 0.0209820 secs]
134.889: [GC 906820K->638604K(1013248K), 0.0125590 secs]
135.278: [GC 912835K->617956K(1010688K), 0.0142360 secs]
1.0000243	India
1.0000066	Malaysia
1.0000165	England
1.0000224	Italy
1.0000209	Afghanistan
1.0000087	Canada
1.0000134	Germany
1.000033	China
1.0000081	France
1.7685311	NULL
135.596: [GC 889978K->629269K(1012224K), 0.0153700 secs]
136.266: [GC 905237K->639382K(1012736K), 0.0198920 secs]
136.859: [GC 907901K->638868K(1013248K), 0.0196680 secs]
137.451: [GC 907393K->638946K(1013248K), 0.0195830 secs]
138.043: [GC 906779K->638936K(1013248K), 0.0137200 secs]
138.399: [GC 913027K->618291K(1010688K), 0.0065080 secs]
1.0000243	India
1.0000066	Malaysia
1.0000165	England
1.0000224	Italy
1.0000209	Afghanistan
1.0000087	Canada
1.0000134	Germany
1.000033	China
1.0000081	France
1.7685311	NULL
138.712: [GC 889554K->629600K(1012224K), 0.0128550 secs]
139.150: [GC 905568K->654362K(1001472K), 0.0713380 secs]
140.131: [GC 911400K->620110K(967168K), 0.0118750 secs]
140.660: [GC 886862K->641405K(1007616K), 0.0231400 secs]
141.258: [GC 907645K->641369K(1007104K), 0.0123400 secs]
142.069: [GC 907609K->640906K(1009152K), 0.0203570 secs]
142.536: [GC 909706K->660116K(1008128K), 0.0752960 secs]
143.311: [GC 928916K->642479K(1000960K), 0.0216290 secs]
143.810: [GC 900115K->621027K(961024K), 0.0115630 secs]
144.652: [GC-- 881635K->960760K(961024K), 0.7860980 secs]
145.438: [Full GC 960760K->205321K(961024K), 1.1933670 secs]
1043824.0	01785
1043471.0	72910
1014671.0	98173
1014446.0	65354
1015249.0	68639
1015024.0	90025
1096447.0	00180
1096672.0	15274
1095966.0	77628
1095741.0	00549
147.262: [GC 457785K->273067K(972800K), 0.1581160 secs]
147.655: [GC 498416K->284658K(984576K), 0.0485820 secs]
148.328: [GC 512498K->283695K(961024K), 0.0478690 secs]
148.629: [GC 480815K->288631K(957952K), 0.0606960 secs]
149.298: [GC 480673K->273195K(966144K), 0.0715690 secs]
149.676: [GC 456491K->296727K(952320K), 0.0798960 secs]
150.197: [GC 473958K->273227K(960512K), 0.0564800 secs]
150.586: [GC 443211K->298455K(940544K), 0.0943090 secs]
151.090: [GC 468186K->273480K(953344K), 0.0530540 secs]
151.432: [GC 431688K->296028K(953344K), 0.0429100 secs]
151.695: [GC 454236K->319657K(954880K), 0.0861250 secs]
152.305: [GC 484009K->406603K(956416K), 0.2764310 secs]
1083762.0	46680
1037947.0	21992
1037369.0	75922
1008794.0	13614
980572.0	10147
980347.0	93684
979994.0	15101
979769.0	47417
831801.0	06355
832604.0	89810
152.919: [GC 564140K->325928K(909312K), 0.0152900 secs]
153.124: [GC 443176K->314837K(932864K), 0.0081110 secs]
153.274: [GC 429301K->346139K(932864K), 0.0127180 secs]
153.641: [GC 463387K->354777K(932864K), 0.0767910 secs]
154.079: [GC 463333K->335273K(935936K), 0.0056270 secs]
154.159: [GC 451865K->356550K(934912K), 0.0135590 secs]
154.500: [GC 478918K->374353K(946176K), 0.0650450 secs]
154.936: [GC 506477K->356065K(941568K), 0.0096810 secs]
155.036: [GC 495329K->377334K(953856K), 0.0145990 secs]
155.576: [GC 530934K->376881K(948224K), 0.0202530 secs]
155.851: [GC 530459K->398049K(962048K), 0.0186430 secs]
156.308: [GC 567521K->418961K(955904K), 0.1090410 secs]
156.753: [GC 579641K->418802K(972800K), 0.0190750 secs]
157.186: [GC 610063K->397707K(967680K), 0.0105410 secs]
157.767: [GC 589707K->528515K(904192K), 0.2271850 secs]
158.192: [GC 648078K->474607K(939008K), 0.0114480 secs]
1083762.0	46680
1037947.0	21992
1038172.0	10232
1037369.0	75922
1037594.0	81440
1008794.0	13614
980572.0	10147
980347.0	93684
979994.0	15101
979769.0	47417
158.407: [GC 604143K->465072K(945152K), 0.0073650 secs]
158.564: [GC 598479K->464727K(942592K), 0.0065610 secs]
158.857: [GC 603991K->489525K(955904K), 0.0354060 secs]
159.271: [GC 636983K->495787K(948224K), 0.0235310 secs]
159.812: [GC 644940K->495276K(965632K), 0.0191860 secs]
160.190: [GC 674476K->512289K(962048K), 0.0489500 secs]
160.536: [GC 682849K->516614K(972800K), 0.0202760 secs]
161.124: [GC 706502K->516740K(970240K), 0.0264830 secs]
161.459: [GC 711300K->513246K(978944K), 0.0426250 secs]
0	Seattle	2.179834
6	Chennai	2.2993937
4	Palo Alto	2.0326664
3	Ahmedabad	3.7188373
4	Shanghai	3.6374974
7	Surat	2.4277096
3	Houston	2.374447
2	Pune	1.1247699
6	Edinburgh	1.084941
6	San Jose	3.8433464
161.836: [GC 717310K->497376K(975360K), 0.0165750 secs]
162.065: [GC 693517K->486358K(981504K), 0.0122750 secs]
162.520: [GC 697890K->537432K(965632K), 0.1237240 secs]
163.349: [GC 745179K->517390K(979456K), 0.0234430 secs]
164.039: [GC 723214K->516992K(974848K), 0.0155380 secs]
164.511: [GC 720641K->538177K(984576K), 0.0137360 secs]
165.473: [GC 754241K->537765K(979968K), 0.0119160 secs]
165.819: [GC 753829K->570124K(984064K), 0.0534370 secs]
166.685: [GC 782497K->548087K(984576K), 0.0132320 secs]
167.214: [GC 768759K->577822K(987648K), 0.0589900 secs]
167.690: [GC 804126K->686539K(987136K), 0.2499410 secs]
168.289: [GC 912843K->635375K(915456K), 0.0982780 secs]
7	Ann Arbor	1.1085017
0	Seattle	2.179834
2	Chennai	2.6487627
4	Palo Alto	2.0326664
2	San Jose	2.5336056
7	Beijing	2.5441551
6	Edinburgh	1.084941
6	San Jose	3.8433464
8	Banagalore	3.4273994
10	New Delhi	3.2819276
