/home/ec2-user/blinkdb
-i /home/ec2-user/eecs584/workloadGen/querySet/querySet0/frame_3/workload.queries
Starting the Shark Command Line Client
/home/ec2-user/blinkdb/target/scala-2.9.3/classes
/home/ec2-user/blinkdb/target/scala-2.9.3/shark_2.9.3-0.8.0-SNAPSHOT.jar
4.495: [GC 262656K->22046K(1005568K), 0.0552800 secs]
5.853: [GC 159184K->16479K(1005568K), 0.0330320 secs]
5.886: [Full GC 16479K->15742K(1005568K), 0.2248790 secs]
6.126: [GC 23171K->15813K(1005568K), 0.0022720 secs]
6.128: [Full GC 15813K->9118K(1005568K), 0.1059760 secs]
10.053: [GC 271774K->29469K(1005568K), 0.0319970 secs]
10.917: [GC 287928K->50500K(1005568K), 0.0373470 secs]
12.845: [GC 311769K->38340K(1005568K), 0.0273240 secs]
13.544: [GC 300996K->38964K(992256K), 0.0172290 secs]
14.218: [GC 301620K->50786K(991232K), 0.0685480 secs]
15.023: [GC 293745K->48995K(976896K), 0.0231620 secs]
15.801: [GC 293219K->38336K(997888K), 0.0136330 secs]
16.287: [GC 273734K->57072K(984576K), 0.0542630 secs]
17.210: [GC 302320K->131263K(935936K), 0.2231080 secs]
17.861: [GC 314047K->265478K(965632K), 0.4073730 secs]
848-318-569	1.9846154
126-909-376	1.9503918
333-295-713	3.6032045
413-309-229	1.8422606
273-367-546	1.183543
569-992-722	1.8844285
536-737-759	1.2855223
716-948-952	2.2753217
636-110-774	3.994139
534-439-883	3.1279693
18.667: [GC 448163K->276288K(900096K), 0.2045550 secs]
19.045: [GC 385728K->285152K(932864K), 0.0479430 secs]
19.358: [GC 398328K->306939K(932864K), 0.0315280 secs]
19.845: [GC 414354K->313860K(932864K), 0.0916420 secs]
20.577: [GC 431108K->295752K(932864K), 0.0151670 secs]
20.764: [GC 407778K->316927K(932864K), 0.0271660 secs]
21.045: [GC 433698K->334655K(941568K), 0.0713500 secs]
21.665: [GC 464191K->316507K(936448K), 0.0152660 secs]
21.820: [GC 437590K->337675K(949760K), 0.0281270 secs]
22.315: [GC 482059K->337279K(943104K), 0.0485330 secs]
22.766: [GC 473089K->347435K(956416K), 0.0250140 secs]
23.114: [GC 507179K->376662K(951808K), 0.0658610 secs]
23.770: [GC 532504K->347603K(963584K), 0.0157290 secs]
24.067: [GC 523731K->383343K(961024K), 0.0577460 secs]
24.597: [GC 559471K->408137K(949248K), 0.0883630 secs]
25.039: [GC 573513K->529896K(956928K), 0.3700440 secs]
25.713: [GC 695230K->614145K(908800K), 0.4092810 secs]
848-318-569	1.9846154
126-909-376	1.9503918
333-295-713	3.6032045
413-309-229	1.8422606
273-367-546	1.183543
569-992-722	1.8844285
536-737-759	1.2855223
716-948-952	2.2753217
636-110-774	3.994139
534-439-883	3.1279693
26.391: [GC 725679K->615439K(932864K), 0.1845190 secs]
26.576: [Full GC 615439K->29016K(932864K), 0.3025740 secs]
27.055: [GC 146264K->39759K(932864K), 0.0055390 secs]
27.251: [GC 154645K->71147K(932864K), 0.0129190 secs]
27.648: [GC 188395K->78525K(932864K), 0.0525120 secs]
28.184: [GC 191059K->70473K(932864K), 0.0054400 secs]
28.296: [GC 187687K->91717K(934912K), 0.0133020 secs]
28.693: [GC 211013K->81069K(932864K), 0.0073020 secs]
29.154: [GC 191402K->91241K(941568K), 0.0054730 secs]
29.284: [GC 221289K->102670K(936960K), 0.0174240 secs]
29.781: [GC 232718K->101849K(950784K), 0.0087170 secs]
30.210: [GC 251515K->122994K(948224K), 0.0079660 secs]
30.487: [GC 272630K->150975K(962560K), 0.0548020 secs]
31.133: [GC 316491K->122591K(957440K), 0.0031520 secs]
31.466: [GC 293538K->162000K(964608K), 0.0531310 secs]
31.869: [GC 342736K->206627K(954368K), 0.1127530 secs]
32.461: [GC 387363K->338474K(911360K), 0.4107020 secs]
33.076: [GC 455722K->389085K(932864K), 0.2715920 secs]
848-318-569	1.9846154
126-909-376	1.9503918
333-295-713	3.6032045
413-309-229	1.8422606
273-367-546	1.183543
569-992-722	1.8844285
536-737-759	1.2855223
716-948-952	2.2753217
636-110-774	3.994139
534-439-883	3.1279693
33.611: [GC 503186K->390447K(932864K), 0.1001760 secs]
33.822: [GC 499435K->399706K(932864K), 0.0177960 secs]
34.020: [GC 511351K->421494K(932864K), 0.0317900 secs]
34.305: [GC 529265K->428447K(932864K), 0.0792520 secs]
34.887: [GC 545695K->410331K(932864K), 0.0276200 secs]
35.091: [GC 522848K->431475K(932864K), 0.0272730 secs]
35.364: [GC 548723K->449201K(940032K), 0.0607190 secs]
35.994: [GC 574641K->431045K(933888K), 0.0151210 secs]
36.153: [GC 556170K->452221K(949248K), 0.0156170 secs]
36.622: [GC 595581K->451821K(942592K), 0.0154960 secs]
37.040: [GC 588606K->461953K(956928K), 0.0154250 secs]
37.372: [GC 622721K->491268K(952320K), 0.0611870 secs]
38.011: [GC 646293K->462181K(964096K), 0.0169280 secs]
38.302: [GC 639333K->498226K(961536K), 0.0528040 secs]
38.704: [GC 675378K->524371K(948224K), 0.0948640 secs]
39.151: [GC 688723K->645346K(956416K), 0.3236550 secs]
39.764: [GC 799913K->718406K(909312K), 0.3516130 secs]
40.116: [Full GC 718406K->272571K(909312K), 1.5582970 secs]
848-318-569	1.9846154
126-909-376	1.9503918
333-295-713	3.6032045
413-309-229	1.8422606
273-367-546	1.183543
569-992-722	1.8844285
536-737-759	1.2855223
716-948-952	2.2753217
636-110-774	3.994139
534-439-883	3.1279693
41.918: [GC 383803K->284148K(932864K), 0.0122390 secs]
42.041: [GC 392980K->293523K(932864K), 0.0095180 secs]
42.228: [GC 404842K->315303K(932864K), 0.0148470 secs]
42.492: [GC 422392K->322211K(932864K), 0.1036600 secs]
43.096: [GC 439459K->304135K(932864K), 0.0035360 secs]
43.265: [GC 416751K->325296K(934912K), 0.0118770 secs]
43.541: [GC 442257K->343003K(932864K), 0.0574270 secs]
44.099: [GC 462299K->324887K(943616K), 0.0035890 secs]
44.288: [GC 457044K->346030K(941056K), 0.0088220 secs]
44.713: [GC 482222K->345630K(952832K), 0.0108190 secs]
45.168: [GC 500254K->366329K(950272K), 0.0123900 secs]
45.501: [GC 515586K->385111K(965632K), 0.0730660 secs]
46.158: [GC 551601K->376651K(959488K), 0.0095900 secs]
46.472: [GC 553291K->404800K(968192K), 0.0540330 secs]
46.900: [GC 593728K->444065K(966144K), 0.1274140 secs]
47.499: [GC 632993K->582160K(899584K), 0.3852190 secs]
48.060: [GC 690433K->622908K(932864K), 0.2290650 secs]
848-318-569	1.9846154
126-909-376	1.9503918
333-295-713	3.6032045
413-309-229	1.8422606
273-367-546	1.183543
569-992-722	1.8844285
536-737-759	1.2855223
716-948-952	2.2753217
636-110-774	3.994139
534-439-883	3.1279693
48.500: [GC 733748K->623926K(932864K), 0.0976730 secs]
48.597: [Full GC 623926K->19867K(932864K), 0.1711350 secs]
48.874: [GC 128935K->50715K(932864K), 0.0153660 secs]
49.053: [GC 161587K->72504K(932864K), 0.0244890 secs]
49.325: [GC 189601K->89684K(932864K), 0.0655070 secs]
49.929: [GC 206932K->61336K(932864K), 0.0026750 secs]
50.056: [GC 173508K->92737K(932864K), 0.0098560 secs]
50.315: [GC 209466K->110442K(943104K), 0.0544830 secs]
50.945: [GC 235237K->81986K(936448K), 0.0035570 secs]
51.038: [GC 210304K->113495K(951808K), 0.0147800 secs]
51.562: [GC 261463K->102820K(944640K), 0.0074870 secs]
51.955: [GC 246790K->123939K(958976K), 0.0126240 secs]
52.268: [GC 287267K->141764K(952832K), 0.0531390 secs]
52.878: [GC 304237K->133736K(966656K), 0.0102110 secs]
53.196: [GC 305296K->173262K(963584K), 0.0551720 secs]
53.612: [GC 355022K->216564K(936448K), 0.1237750 secs]
54.139: [GC 371700K->337587K(951808K), 0.3400930 secs]
54.703: [GC 484004K->400342K(913920K), 0.2779940 secs]
848-318-569	1.9846154
126-909-376	1.9503918
333-295-713	3.6032045
413-309-229	1.8422606
273-367-546	1.183543
569-992-722	1.8844285
536-737-759	1.2855223
716-948-952	2.2753217
636-110-774	3.994139
534-439-883	3.1279693
55.199: [GC 511321K->401441K(932864K), 0.1164850 secs]
55.446: [GC 518689K->390759K(932864K), 0.0214790 secs]
55.605: [GC 505083K->422140K(932864K), 0.0195290 secs]
55.985: [GC 539388K->429472K(932864K), 0.0604700 secs]
56.522: [GC 542791K->421396K(932864K), 0.0285780 secs]
56.637: [GC 538588K->442664K(932864K), 0.0191510 secs]
57.013: [GC 559912K->450232K(932864K), 0.0780140 secs]
57.573: [GC 563315K->442156K(939008K), 0.0154660 secs]
57.674: [GC 559972K->463460K(935424K), 0.0276040 secs]
58.112: [GC 589412K->452787K(948736K), 0.0158230 secs]
58.562: [GC 597654K->462951K(946688K), 0.0157320 secs]
58.833: [GC 609895K->488913K(959488K), 0.0529220 secs]
59.510: [GC 647249K->473403K(952832K), 0.0297890 secs]
59.737: [GC 637243K->493623K(967168K), 0.0507620 secs]
60.188: [GC 675383K->511021K(963072K), 0.0652620 secs]
60.644: [GC 692781K->645020K(901120K), 0.3274480 secs]
61.192: [GC 757236K->728972K(932864K), 0.3202420 secs]
61.512: [Full GC 728972K->282826K(932864K), 1.6951380 secs]
848-318-569	1.9846154
126-909-376	1.9503918
333-295-713	3.6032045
413-309-229	1.8422606
273-367-546	1.183543
569-992-722	1.8844285
536-737-759	1.2855223
716-948-952	2.2753217
636-110-774	3.994139
534-439-883	3.1279693
63.393: [GC 400074K->284002K(932864K), 0.0067620 secs]
63.629: [GC 397734K->283932K(932864K), 0.0040150 secs]
63.789: [GC 395991K->305184K(932864K), 0.0090950 secs]
63.982: [GC 422432K->316840K(932864K), 0.0399400 secs]
64.503: [GC 434088K->304228K(932864K), 0.0051390 secs]
64.766: [GC 416478K->325371K(932864K), 0.0084270 secs]
64.961: [GC 442619K->337746K(939008K), 0.0401170 secs]
65.508: [GC 461650K->324982K(933376K), 0.0035640 secs]
65.732: [GC 441354K->356366K(948224K), 0.0179510 secs]
66.015: [GC 495534K->374126K(942592K), 0.0599510 secs]
66.690: [GC 508683K->355950K(958976K), 0.0079350 secs]
66.914: [GC 521326K->376361K(954880K), 0.0606390 secs]
67.670: [GC 541737K->366525K(965120K), 0.0114560 secs]
67.936: [GC 546237K->397181K(963072K), 0.0610200 secs]
68.383: [GC 576893K->414480K(961024K), 0.0585730 secs]
68.826: [GC 595216K->547687K(964608K), 0.3201270 secs]
69.446: [GC 726935K->622786K(901120K), 0.3159490 secs]
848-318-569	1.9846154
126-909-376	1.9503918
333-295-713	3.6032045
413-309-229	1.8422606
273-367-546	1.183543
569-992-722	1.8844285
536-737-759	1.2855223
716-948-952	2.2753217
636-110-774	3.994139
534-439-883	3.1279693
69.973: [GC 738374K->624039K(932864K), 0.1495260 secs]
70.123: [Full GC 624039K->20399K(932864K), 0.1283170 secs]
70.395: [GC 129951K->41489K(932864K), 0.0071960 secs]
70.506: [GC 148902K->72435K(932864K), 0.0203830 secs]
70.887: [GC 189683K->80051K(932864K), 0.0540600 secs]
71.417: [GC 192319K->71975K(932864K), 0.0053940 secs]
71.505: [GC 189087K->93237K(942080K), 0.0132930 secs]
71.939: [GC 221237K->82563K(934400K), 0.0096750 secs]
72.381: [GC 204201K->92727K(947712K), 0.0084500 secs]
72.572: [GC 235575K->112460K(943616K), 0.0390750 secs]
73.190: [GC 255308K->103327K(956416K), 0.0076900 secs]
73.420: [GC 259851K->134736K(954368K), 0.0168410 secs]
74.019: [GC 297040K->124061K(962560K), 0.0078060 secs]
74.372: [GC 298047K->145238K(960512K), 0.0129120 secs]
74.825: [GC 316694K->144669K(971776K), 0.0072010 secs]
75.216: [GC 336157K->272645K(968192K), 0.2437780 secs]
75.835: [GC 454989K->389572K(897536K), 0.3628530 secs]
848-318-569	1.9846154
126-909-376	1.9503918
333-295-713	3.6032045
413-309-229	1.8422606
273-367-546	1.183543
569-992-722	1.8844285
536-737-759	1.2855223
716-948-952	2.2753217
636-110-774	3.994139
534-439-883	3.1279693
76.578: [GC 506820K->392174K(932864K), 0.1456640 secs]
76.839: [GC 503621K->401048K(932864K), 0.0083150 secs]
76.992: [GC 513363K->422859K(932864K), 0.0203380 secs]
77.224: [GC 540107K->426930K(932864K), 0.0925080 secs]
77.800: [GC 544178K->411670K(932864K), 0.0071900 secs]
77.995: [GC 523460K->443047K(932864K), 0.0202670 secs]
78.224: [GC 560295K->447690K(932864K), 0.0926430 secs]
78.799: [GC 564938K->432430K(932864K), 0.0090050 secs]
78.994: [GC 543802K->463811K(932864K), 0.0202080 secs]
79.221: [GC 581059K->468446K(945152K), 0.0945050 secs]
79.909: [GC 604638K->453154K(939520K), 0.0077620 secs]
80.043: [GC 589027K->484590K(953344K), 0.0120070 secs]
80.583: [GC 637678K->473918K(948224K), 0.0152270 secs]
80.960: [GC 623548K->505269K(960000K), 0.0120650 secs]
81.405: [GC 672693K->494638K(955904K), 0.0162700 secs]
81.673: [GC 662062K->588162K(922112K), 0.1474010 secs]
82.173: [GC 723842K->686377K(935424K), 0.3929280 secs]
82.776: [GC 822057K->750676K(930304K), 0.3283520 secs]
83.105: [Full GC 750676K->274019K(930304K), 1.5469830 secs]
848-318-569	1.9846154
126-909-376	1.9503918
333-295-713	3.6032045
413-309-229	1.8422606
273-367-546	1.183543
569-992-722	1.8844285
536-737-759	1.2855223
716-948-952	2.2753217
636-110-774	3.994139
534-439-883	3.1279693
84.887: [GC 391267K->275656K(932864K), 0.0047670 secs]
85.013: [GC 389591K->284885K(932864K), 0.0073560 secs]
85.192: [GC 397596K->306647K(932864K), 0.0181510 secs]
85.793: [GC 423895K->304977K(942080K), 0.0337010 secs]
86.208: [GC 428098K->316644K(937984K), 0.0087500 secs]
86.596: [GC 448014K->326797K(952320K), 0.0392940 secs]
86.921: [GC 478166K->347673K(948224K), 0.0154640 secs]
87.537: [GC 493029K->326653K(958976K), 0.0118120 secs]
87.705: [GC 494589K->349585K(957440K), 0.0206800 secs]
88.291: [GC 515804K->358199K(968704K), 0.0162730 secs]
88.643: [GC 542855K->337253K(965120K), 0.0068340 secs]
88.912: [GC 516621K->348267K(976384K), 0.0085480 secs]
0	415564.0	82899
2	1027318.0	38147
6	874869.0	36459
3	345249.0	61678
4	261606.0	61678
4	387713.0	36459
5	138690.0	61678
6	714143.0	38147
1	1025185.0	61678
2	172050.0	97221
89.196: [GC 540211K->338430K(971776K), 0.0081780 secs]
89.473: [GC 538110K->352009K(983040K), 0.0182010 secs]
90.350: [GC 558034K->327333K(979456K), 0.0066000 secs]
90.788: [GC 534338K->379537K(968192K), 0.1106860 secs]
91.455: [GC 582801K->348575K(975872K), 0.0096670 secs]
92.280: [GC 551839K->348164K(984576K), 0.0093510 secs]
92.680: [GC 564740K->360011K(980480K), 0.0403230 secs]
93.518: [GC 566656K->348627K(988672K), 0.0101500 secs]
94.012: [GC 566432K->337672K(985088K), 0.0114540 secs]
94.573: [GC 562755K->479656K(901120K), 0.3064220 secs]
0	518763.0	36459
8	804430.0	36459
6	874869.0	36459
5	290692.0	36459
4	387713.0	36459
8	241426.0	33986
10	473486.0	33986
0	603805.0	90795
1	690918.0	90795
6	990979.0	93568
95.121: [GC 621676K->422690K(945664K), 0.0080460 secs]
95.257: [GC 557235K->431592K(949760K), 0.0097890 secs]
95.480: [GC 578281K->443107K(946688K), 0.0162590 secs]
96.059: [GC 587827K->431624K(958976K), 0.0127890 secs]
96.517: [GC 597512K->450899K(955392K), 0.0463340 secs]
96.773: [GC 612341K->452911K(968192K), 0.0193740 secs]
97.367: [GC 629448K->442637K(964096K), 0.0150190 secs]
97.930: [GC 621866K->431876K(974336K), 0.0107510 secs]
98.275: [GC 626816K->442671K(972288K), 0.0087960 secs]
98.493: [GC 637049K->442735K(982528K), 0.0094050 secs]
4	531325.0	36461
2	467368.0	50214
8	338124.0	36461
4	6330.0	95366
9	557022.0	78275
3	361038.0	14005
6	175326.0	91471
2	1027318.0	38147
8	732264.0	91471
6	874869.0	36459
98.791: [GC 646332K->422719K(978432K), 0.0080520 secs]
99.353: [GC 625969K->448408K(985088K), 0.0245390 secs]
99.897: [GC 659854K->447913K(982528K), 0.0218360 secs]
100.432: [GC 659874K->447951K(990720K), 0.0216520 secs]
100.975: [GC 670142K->458255K(988160K), 0.0367600 secs]
101.358: [GC 678550K->443081K(992256K), 0.0113290 secs]
3	551634.0	68849
4	531325.0	36461
1	165707.0	68849
7	13029.0	97775
2	467368.0	50214
8	338124.0	36461
6	1032720.0	58185
9	51409.0	12627
1	419250.0	60920
9	557022.0	78275
101.684: [GC 666314K->423531K(989184K), 0.0087920 secs]
101.951: [GC 656491K->443781K(994816K), 0.0121150 secs]
102.564: [GC 677853K->443480K(991232K), 0.0101970 secs]
103.160: [GC 673911K->443365K(1000960K), 0.0101830 secs]
103.762: [GC 685061K->453679K(997888K), 0.0122010 secs]
104.375: [GC 696765K->443453K(1001984K), 0.0103560 secs]
104.804: [GC 694358K->483084K(999936K), 0.0822560 secs]
4	531325.0	36461
2	467368.0	50214
8	338124.0	36461
4	6330.0	95366
9	557022.0	78275
3	361038.0	14005
6	175326.0	91471
2	1027318.0	38147
8	732264.0	91471
6	874869.0	36459
105.242: [GC 729213K->438526K(978432K), 0.0099430 secs]
105.586: [GC 668414K->467079K(989184K), 0.0346740 secs]
106.317: [GC 695452K->458343K(993280K), 0.0178070 secs]
107.103: [GC 685095K->437156K(990208K), 0.0053110 secs]
107.783: [GC 672164K->458501K(995328K), 0.0201130 secs]
108.325: [GC 697605K->472350K(992256K), 0.0460930 secs]
108.914: [GC 710803K->468743K(993280K), 0.0120240 secs]
109.496: [GC 706823K->518028K(993280K), 0.1463910 secs]
0	518763.0	36459
6	874869.0	36459
5	290692.0	36459
4	387713.0	36459
10	473486.0	33986
0	603805.0	90795
1	690918.0	90795
6	990979.0	93568
0	405588.0	50580
4	759648.0	83635
110.080: [GC 751823K->468318K(958464K), 0.0345590 secs]
110.336: [GC 666764K->498949K(975872K), 0.0232580 secs]
110.897: [GC 695096K->487620K(980480K), 0.0205940 secs]
111.356: [GC 696516K->488216K(976896K), 0.0231200 secs]
111.708: [GC 697112K->488238K(987136K), 0.0378220 secs]
112.247: [GC 703325K->498504K(984064K), 0.0228540 secs]
112.790: [GC 713838K->477332K(988672K), 0.0177680 secs]
113.154: [GC 699404K->488160K(987648K), 0.0205630 secs]
1.0000243	India
1.0000066	Malaysia
1.0000165	England
1.0000224	Italy
1.0000209	Afghanistan
1.0000087	Canada
1.0000134	Germany
1.000033	China
1.0000081	France
1.7685311	NULL
113.451: [GC 712889K->478930K(992768K), 0.0349360 secs]
113.914: [GC 714962K->489096K(991744K), 0.0210130 secs]
114.427: [GC 725128K->488600K(998400K), 0.0254770 secs]
114.966: [GC 724315K->488600K(995840K), 0.0214420 secs]
115.541: [GC 734360K->488600K(1003008K), 0.0375470 secs]
116.133: [GC 735586K->488624K(1000960K), 0.0223780 secs]
116.499: [GC 744112K->488616K(1006592K), 0.0376260 secs]
1.0000243	India
1.0000066	Malaysia
1.0000165	England
1.0000224	Italy
1.0000209	Afghanistan
1.0000087	Canada
1.0000134	Germany
1.000033	China
1.0000081	France
1.7685311	NULL
116.856: [GC 744730K->479299K(1005056K), 0.0340340 secs]
117.472: [GC 738570K->468145K(1001984K), 0.0056770 secs]
118.043: [GC 726312K->488841K(1004032K), 0.0130110 secs]
118.621: [GC 746561K->478625K(1006592K), 0.0136440 secs]
119.194: [GC 736266K->499161K(995840K), 0.0217320 secs]
119.558: [GC 761915K->468291K(1001472K), 0.0102900 secs]
1.0000243	India
1.0000066	Malaysia
1.0000165	England
1.0000224	Italy
1.0000209	Afghanistan
1.0000087	Canada
1.0000134	Germany
1.000033	China
1.0000081	France
1.7685311	NULL
119.863: [GC 725827K->469398K(959488K), 0.0060310 secs]
120.407: [GC 726934K->489737K(1004032K), 0.0112090 secs]
120.943: [GC 747785K->489189K(1002496K), 0.0111230 secs]
121.478: [GC 747237K->489248K(1006592K), 0.0110040 secs]
122.035: [GC 752416K->489272K(1005056K), 0.0109490 secs]
122.592: [GC 752440K->489338K(1009152K), 0.0110000 secs]
1.0000243	India
1.0000066	Malaysia
1.0000165	England
1.0000224	Italy
1.0000209	Afghanistan
1.0000087	Canada
1.0000134	Germany
1.000033	China
1.0000081	France
1.7685311	NULL
122.896: [GC 753139K->479936K(1008128K), 0.0150740 secs]
123.276: [GC 748736K->490082K(1010688K), 0.0114890 secs]
123.898: [GC 762466K->489553K(1010176K), 0.0137310 secs]
124.608: [GC 761937K->489573K(1012224K), 0.0113180 secs]
125.249: [GC 765029K->489627K(1011712K), 0.0178410 secs]
125.880: [GC 764306K->489619K(1014272K), 0.0111750 secs]
1.0000243	India
1.0000066	Malaysia
1.0000165	England
1.0000224	Italy
1.0000209	Afghanistan
1.0000087	Canada
1.0000134	Germany
1.000033	China
1.0000081	France
1.7685311	NULL
126.185: [GC 764363K->470052K(980992K), 0.0061810 secs]
126.637: [GC 749092K->490405K(1012736K), 0.0181380 secs]
127.267: [GC 767397K->489909K(1012736K), 0.0147040 secs]
127.890: [GC 766901K->489923K(1013760K), 0.0112420 secs]
128.527: [GC 768451K->489965K(1013248K), 0.0110380 secs]
128.990: [GC 762433K->489915K(1015296K), 0.0105210 secs]
1.0000243	India
1.0000066	Malaysia
1.0000165	England
1.0000224	Italy
1.0000209	Afghanistan
1.0000087	Canada
1.0000134	Germany
1.000033	China
1.0000081	France
1.7685311	NULL
129.296: [GC 767132K->480622K(1014784K), 0.0142610 secs]
129.897: [GC 762222K->490746K(1015296K), 0.0117460 secs]
130.580: [GC 772858K->490213K(1015296K), 0.0182740 secs]
131.187: [GC 763645K->490262K(1016320K), 0.0113130 secs]
131.768: [GC 770118K->500520K(1015808K), 0.0122630 secs]
132.127: [GC 784168K->490138K(1012736K), 0.0105340 secs]
1.0000243	India
1.0000066	Malaysia
1.0000165	England
1.0000224	Italy
1.0000209	Afghanistan
1.0000087	Canada
1.0000134	Germany
1.000033	China
1.0000081	France
1.7685311	NULL
132.453: [GC 764968K->480941K(1014272K), 0.0101580 secs]
133.102: [GC 755275K->480751K(1014272K), 0.0131310 secs]
133.687: [GC 758777K->490498K(1014272K), 0.0125670 secs]
134.270: [GC 770279K->469899K(1011712K), 0.0072400 secs]
134.840: [GC 739226K->469930K(978944K), 0.0093430 secs]
135.197: [GC 745522K->490490K(1012224K), 0.0175620 secs]
1.0000243	India
1.0000066	Malaysia
1.0000165	England
1.0000224	Italy
1.0000209	Afghanistan
1.0000087	Canada
1.0000134	Germany
1.000033	China
1.0000081	France
1.7685311	NULL
135.555: [GC 766458K->471625K(978432K), 0.0110200 secs]
136.161: [GC 742417K->470161K(1010688K), 0.0103150 secs]
136.735: [GC 738805K->470193K(1011200K), 0.0097070 secs]
137.319: [GC 739111K->470229K(1012224K), 0.0110890 secs]
137.893: [GC 739295K->470219K(1011712K), 0.0093840 secs]
138.255: [GC 745675K->490787K(1009664K), 0.0173590 secs]
1.0000243	India
1.0000066	Malaysia
1.0000165	England
1.0000224	Italy
1.0000209	Afghanistan
1.0000087	Canada
1.0000134	Germany
1.000033	China
1.0000081	France
1.7685311	NULL
138.589: [GC 757927K->471386K(1011200K), 0.0086260 secs]
139.069: [GC 737329K->513050K(992768K), 0.0703560 secs]
140.012: [GC 769562K->498361K(1002496K), 0.0136120 secs]
140.616: [GC 754873K->498146K(1003520K), 0.0134320 secs]
141.159: [GC 748233K->498538K(1003008K), 0.0135020 secs]
141.981: [GC 756586K->498078K(1005056K), 0.0131690 secs]
142.443: [GC 758686K->513374K(996864K), 0.0678870 secs]
143.293: [GC 768800K->477322K(999424K), 0.0118350 secs]
143.784: [GC 728714K->520026K(994304K), 0.0620030 secs]
144.495: [GC 771418K->625262K(904192K), 0.2657490 secs]
145.374: [GC 765600K->710942K(949248K), 0.2537160 secs]
1043824.0	01785
1043471.0	72910
1014671.0	98173
1014446.0	65354
1015249.0	68639
1015024.0	90025
1096447.0	00180
1096672.0	15274
1095966.0	77628
1095741.0	00549
145.841: [GC 858019K->628800K(916480K), 0.0327330 secs]
145.964: [GC 738108K->637698K(932864K), 0.0318250 secs]
146.133: [GC 750199K->659454K(932864K), 0.0419540 secs]
146.387: [GC 776702K->657522K(932864K), 0.0600540 secs]
146.864: [GC 774770K->648278K(944128K), 0.0347020 secs]
147.071: [GC 775460K->658974K(937472K), 0.0423080 secs]
147.472: [GC 792094K->666386K(953344K), 0.0747780 secs]
147.907: [GC 818961K->637912K(947712K), 0.0119720 secs]
148.190: [GC 790488K->659083K(958464K), 0.0335810 secs]
148.725: [GC 815759K->627728K(953856K), 0.0133970 secs]
148.930: [GC 791568K->654704K(962048K), 0.0434210 secs]
149.558: [GC 820045K->648424K(957440K), 0.0180490 secs]
149.755: [GC 819432K->653873K(969728K), 0.0394630 secs]
150.145: [GC 840753K->683120K(965632K), 0.1419710 secs]
150.838: [GC 869900K->781978K(900096K), 0.2472110 secs]
151.085: [Full GC 781978K->177297K(900096K), 0.8457980 secs]
1083762.0	46680
1037947.0	21992
1037369.0	75922
1008794.0	13614
980572.0	10147
980347.0	93684
979994.0	15101
979769.0	47417
831801.0	06355
832604.0	89810
152.098: [GC 290558K->188841K(932864K), 0.0071890 secs]
152.205: [GC 300513K->177773K(932864K), 0.0036290 secs]
152.342: [GC 289768K->199560K(932864K), 0.0133670 secs]
152.595: [GC 316808K->210729K(937984K), 0.0371370 secs]
153.066: [GC 334121K->198637K(933888K), 0.0032580 secs]
153.212: [GC 320225K->230013K(947200K), 0.0104140 secs]
153.610: [GC 368765K->238689K(940032K), 0.0568140 secs]
154.106: [GC 376718K->229561K(955904K), 0.0065130 secs]
154.333: [GC 389305K->247726K(952320K), 0.0230280 secs]
154.959: [GC 407470K->240137K(963072K), 0.0081700 secs]
155.129: [GC 416777K->264794K(962048K), 0.0149550 secs]
155.812: [GC 441434K->260897K(970752K), 0.0081270 secs]
156.045: [GC 452385K->289395K(969216K), 0.0233340 secs]
156.412: [GC 480883K->322996K(955392K), 0.0832690 secs]
157.035: [GC 503732K->415373K(964608K), 0.2453130 secs]
1083762.0	46680
1037947.0	21992
1038172.0	10232
1037369.0	75922
1037594.0	81440
1008794.0	13614
980572.0	10147
980347.0	93684
979994.0	15101
979769.0	47417
157.509: [GC 589166K->427580K(901120K), 0.1632000 secs]
157.800: [GC 537409K->427275K(932864K), 0.0114040 secs]
157.908: [GC 536426K->437763K(936960K), 0.0149510 secs]
158.494: [GC 553340K->426977K(932864K), 0.0075590 secs]
158.584: [GC 545251K->448223K(946176K), 0.0142610 secs]
159.128: [GC 584460K->427127K(939520K), 0.0094790 secs]
159.396: [GC 564343K->452041K(955904K), 0.0174550 secs]
159.810: [GC 602185K->458727K(948736K), 0.0114000 secs]
160.367: [GC 608066K->458212K(965120K), 0.0084800 secs]
160.664: [GC 629531K->473336K(961536K), 0.0186610 secs]
160.889: [GC 642886K->511858K(952320K), 0.0889130 secs]
0	Seattle	2.179834
6	Chennai	2.2993937
4	Palo Alto	2.0326664
3	Ahmedabad	3.7188373
4	Shanghai	3.6374974
7	Surat	2.4277096
3	Houston	2.374447
2	Pune	1.1247699
6	Edinburgh	1.084941
6	San Jose	3.8433464
161.212: [GC 682197K->449868K(961536K), 0.0051170 secs]
161.391: [GC 617200K->459276K(966656K), 0.0140880 secs]
161.792: [GC 640524K->487362K(963072K), 0.0521820 secs]
162.583: [GC 661649K->458841K(971776K), 0.0068870 secs]
163.001: [GC 652889K->498379K(970752K), 0.0990490 secs]
163.841: [GC 692427K->490043K(975872K), 0.0124770 secs]
164.285: [GC 678717K->520815K(970752K), 0.0914880 secs]
165.125: [GC 717319K->521511K(979968K), 0.0117240 secs]
165.801: [GC 730919K->510891K(977920K), 0.0159920 secs]
166.340: [GC 711345K->542296K(981504K), 0.0169660 secs]
166.909: [GC 755288K->534286K(979968K), 0.0158220 secs]
167.384: [GC 747278K->690982K(880128K), 0.3516860 secs]
167.736: [Full GC 690982K->204165K(880128K), 1.3460830 secs]
169.266: [GC 319223K->254221K(932864K), 0.1307440 secs]
7	Ann Arbor	1.1085017
0	Seattle	2.179834
2	Chennai	2.6487627
4	Palo Alto	2.0326664
2	San Jose	2.5336056
7	Beijing	2.5441551
6	Edinburgh	1.084941
6	San Jose	3.8433464
8	Banagalore	3.4273994
10	New Delhi	3.2819276
