/home/ec2-user/blinkdb
-i /home/ec2-user/eecs584/workloadGen/candidateSet/frame_2/candidate_stats_dqcs.queries
Starting the Shark Command Line Client
/home/ec2-user/blinkdb/target/scala-2.9.3/classes
/home/ec2-user/blinkdb/target/scala-2.9.3/shark_2.9.3-0.8.0-SNAPSHOT.jar
4.353: [GC 262656K->21593K(1005568K), 0.0396730 secs]
5.810: [GC 149750K->17011K(1005568K), 0.0340010 secs]
5.844: [Full GC 17011K->16237K(1005568K), 0.1865490 secs]
6.048: [GC 24987K->16308K(1005568K), 0.0017430 secs]
6.050: [Full GC 16308K->9176K(1005568K), 0.0948060 secs]
9.923: [GC 271832K->29442K(1005568K), 0.0291620 secs]
10.410: [GC 292098K->17012K(1005568K), 0.0147740 secs]
11.286: [GC 270497K->40942K(1005568K), 0.0535990 secs]
11.595: [GC 295260K->49133K(1002496K), 0.0418310 secs]
9
12.106: [GC 301578K->19889K(1004544K), 0.0164860 secs]
12.464: [GC 271404K->18920K(1003008K), 0.0150510 secs]
12.956: [GC 277992K->50461K(997376K), 0.0177410 secs]
13.279: [GC 296113K->28784K(1000960K), 0.0075270 secs]
39
13.867: [GC 277340K->20269K(1003008K), 0.0039070 secs]
14.238: [GC 277805K->41121K(1003008K), 0.0096160 secs]
14.626: [GC 290538K->29926K(1005568K), 0.0075660 secs]
14.803: [GC 284685K->39730K(1003520K), 0.0076110 secs]
20
15.243: [GC 292449K->31187K(1008128K), 0.0114630 secs]
15.652: [GC 296671K->41294K(1006592K), 0.0090530 secs]
15.934: [GC 300857K->50983K(1002496K), 0.0286520 secs]
16.155: [GC 307395K->20313K(963072K), 0.0040650 secs]
60
