/home/ec2-user/blinkdb
-i /home/ec2-user/eecs584/workloadGen/querySet/querySet1/frame_0/workload_stats_dqcs.queries
Starting the Shark Command Line Client
/home/ec2-user/blinkdb/target/scala-2.9.3/classes
/home/ec2-user/blinkdb/target/scala-2.9.3/shark_2.9.3-0.8.0-SNAPSHOT.jar
4.518: [GC 262656K->21536K(1005568K), 0.0416430 secs]
5.940: [GC 149732K->16967K(1005568K), 0.0327620 secs]
5.972: [Full GC 16967K->16159K(1005568K), 0.1872430 secs]
6.178: [GC 24910K->16230K(1005568K), 0.0023810 secs]
6.180: [Full GC 16230K->9112K(1005568K), 0.1078750 secs]
10.260: [GC 271768K->29393K(1005568K), 0.0280480 secs]
10.813: [GC 292049K->17008K(1005568K), 0.0216940 secs]
12.873: [GC 279664K->40122K(1005568K), 0.0329240 secs]
13.759: [GC 302778K->46623K(999936K), 0.0521720 secs]
14.671: [GC 304595K->38894K(1001472K), 0.0335800 secs]
15.592: [GC 296430K->17632K(958976K), 0.0142750 secs]
16.271: [GC 275168K->38933K(1004032K), 0.0117780 secs]
16.884: [GC 296981K->54585K(994816K), 0.0512470 secs]
17.808: [GC 312633K->137303K(932352K), 0.2515240 secs]
18.416: [GC 316650K->246694K(966144K), 0.3407950 secs]
19.594: [GC 430502K->247094K(899584K), 0.1799460 secs]
20.022: [GC 355788K->257350K(932864K), 0.0102730 secs]
20.196: [GC 367623K->258304K(932864K), 0.0155810 secs]
1107700
20.577: [GC 374852K->248606K(932864K), 0.0087730 secs]
20.725: [GC 365854K->247777K(938496K), 0.0076330 secs]
20.925: [GC 369193K->258563K(935424K), 0.0132850 secs]
22.039: [GC 376726K->269293K(951296K), 0.0135070 secs]
22.184: [GC 407613K->269192K(944128K), 0.0112510 secs]
22.720: [GC 413632K->269310K(963584K), 0.0241550 secs]
23.265: [GC 435958K->269428K(957952K), 0.0108050 secs]
23.804: [GC 435847K->269554K(974336K), 0.0094130 secs]
24.153: [GC 455724K->279524K(969216K), 0.0192760 secs]
24.378: [GC 470891K->259544K(978944K), 0.0080010 secs]
1387
24.711: [GC 466904K->249939K(976896K), 0.0098930 secs]
25.036: [GC 447971K->281045K(980480K), 0.0156610 secs]
26.058: [GC 483505K->249199K(979968K), 0.0098480 secs]
26.682: [GC 461167K->270519K(985600K), 0.0149960 secs]
27.291: [GC 483946K->290354K(981504K), 0.0597100 secs]
27.970: [GC 500939K->280919K(983040K), 0.0122450 secs]
28.829: [GC 491098K->270797K(982528K), 0.0149430 secs]
29.347: [GC 487885K->275463K(990208K), 0.0160830 secs]
29.994: [GC 504327K->437462K(987136K), 0.4060540 secs]
31.107: [GC 666326K->482158K(889856K), 0.2191270 secs]
31.716: [GC 603202K->492582K(938496K), 0.1118650 secs]
31.949: [GC 621068K->493346K(943104K), 0.0245640 secs]
1081535
32.209: [GC 618622K->493964K(940544K), 0.0188240 secs]
32.362: [GC 626604K->482897K(947712K), 0.0329790 secs]
32.619: [GC 620913K->504660K(946176K), 0.0163300 secs]
33.014: [GC 650068K->531190K(960512K), 0.0822900 secs]
33.685: [GC 691507K->524919K(953856K), 0.0292650 secs]
34.390: [GC 690807K->524481K(966144K), 0.0416470 secs]
34.797: [GC 707265K->557251K(965120K), 0.0488000 secs]
35.629: [GC 734102K->534819K(971776K), 0.0163410 secs]
36.300: [GC 727331K->545875K(969216K), 0.0231030 secs]
36.786: [GC 738387K->564741K(977408K), 0.0514700 secs]
37.440: [GC 768517K->603396K(971776K), 0.1043140 secs]
38.108: [GC 807172K->751234K(893952K), 0.4613100 secs]
38.570: [Full GC 751234K->234003K(893952K), 1.3711600 secs]
40.093: [GC 345896K->268307K(932864K), 0.0932240 secs]
40.735: [GC 385555K->268403K(932864K), 0.0647360 secs]
41.243: [GC 377367K->278715K(932864K), 0.0208000 secs]
41.368: [GC 385795K->289648K(932864K), 0.0161250 secs]
1107724
41.589: [GC 400850K->269794K(932864K), 0.0167370 secs]
41.707: [GC 387042K->268944K(932864K), 0.0274270 secs]
41.838: [GC 377768K->279208K(932864K), 0.0146780 secs]
42.024: [GC 390382K->300979K(941568K), 0.0167100 secs]
42.406: [GC 428467K->304051K(934400K), 0.0556810 secs]
42.934: [GC 421411K->299919K(951808K), 0.0204320 secs]
43.189: [GC 450447K->320523K(947200K), 0.0420230 secs]
43.880: [GC 468552K->310417K(961024K), 0.0175650 secs]
44.149: [GC 479889K->330605K(956928K), 0.0426440 secs]
44.793: [GC 490351K->300327K(966656K), 0.0161000 secs]
45.123: [GC 483623K->335828K(965120K), 0.0975260 secs]
45.772: [GC 519124K->321402K(973312K), 0.0271140 secs]
46.248: [GC 511186K->321322K(967680K), 0.0262800 secs]
46.623: [GC 513834K->430857K(913920K), 0.2548570 secs]
47.224: [GC 572681K->530215K(945152K), 0.3295040 secs]
47.873: [GC 672039K->538263K(920576K), 0.1875560 secs]
48.416: [GC 655511K->538303K(932864K), 0.0325580 secs]
48.536: [GC 653456K->558919K(937472K), 0.0247260 secs]
1100343
48.875: [GC 680775K->539496K(932864K), 0.0250110 secs]
