/home/ec2-user/blinkdb
-i /home/ec2-user/eecs584/workloadGen/querySet/querySet1/frame_0/workload_stats_sparsity.queries
Starting the Shark Command Line Client
/home/ec2-user/blinkdb/target/scala-2.9.3/classes
/home/ec2-user/blinkdb/target/scala-2.9.3/shark_2.9.3-0.8.0-SNAPSHOT.jar
4.221: [GC 262656K->21112K(1005568K), 0.0407970 secs]
5.794: [GC 155726K->17553K(1005568K), 0.0347190 secs]
5.829: [Full GC 17553K->16734K(1005568K), 0.1874430 secs]
6.035: [GC 22336K->16837K(1005568K), 0.0023060 secs]
6.038: [Full GC 16837K->9182K(1005568K), 0.1126300 secs]
10.221: [GC 271838K->29687K(1005568K), 0.0284020 secs]
10.663: [GC 285752K->16419K(1005568K), 0.0154190 secs]
12.277: [GC 279075K->58017K(1005568K), 0.0799900 secs]
13.694: [GC 317638K->44690K(992256K), 0.0481960 secs]
14.809: [GC 307346K->44012K(999424K), 0.0259530 secs]
15.321: [GC 290640K->74409K(999936K), 0.0843410 secs]
16.187: [GC 322429K->58668K(977408K), 0.0304860 secs]
16.995: [GC 287532K->47997K(988672K), 0.0107710 secs]
17.466: [GC 276861K->61550K(991232K), 0.0450030 secs]
18.379: [GC 295534K->111115K(991232K), 0.1417520 secs]
19.052: [GC 345099K->281131K(874496K), 0.5157410 secs]
19.881: [GC 398379K->284219K(932864K), 0.1349320 secs]
20.554: [GC 401467K->284299K(932864K), 0.0167870 secs]
21.030: [GC 401547K->284243K(932864K), 0.0035910 secs]
21.360: [GC 399752K->284347K(932864K), 0.0036790 secs]
21.509: [GC 401595K->305499K(932864K), 0.0147000 secs]
1107700
21.918: [GC 422747K->285783K(932864K), 0.0071890 secs]
22.072: [GC 397706K->295084K(932864K), 0.0075930 secs]
22.329: [GC 405495K->284916K(935936K), 0.0055600 secs]
22.676: [GC 398180K->306680K(932864K), 0.0145390 secs]
23.443: [GC 417832K->305598K(949760K), 0.0351550 secs]
23.911: [GC 451006K->316833K(944128K), 0.0157610 secs]
24.325: [GC 462196K->326939K(960512K), 0.0109350 secs]
24.880: [GC 490889K->316817K(956928K), 0.0123360 secs]
25.409: [GC 480772K->295788K(968704K), 0.0061530 secs]
25.778: [GC 474599K->296321K(966656K), 0.0039820 secs]
25.941: [GC 480183K->306092K(975360K), 0.0066920 secs]
1387
26.257: [GC 493942K->307790K(970752K), 0.0081300 secs]
26.482: [GC 502291K->306479K(983552K), 0.0135950 secs]
26.795: [GC 514928K->328267K(979456K), 0.0153470 secs]
27.957: [GC 537106K->306641K(986112K), 0.0070540 secs]
28.657: [GC 526801K->317738K(982528K), 0.0144950 secs]
29.282: [GC 537693K->328783K(987136K), 0.0351340 secs]
30.197: [GC 550022K->328109K(958976K), 0.0109540 secs]
31.186: [GC 548948K->307113K(988160K), 0.0218030 secs]
31.682: [GC 534441K->351330K(971264K), 0.0772030 secs]
32.252: [GC 578658K->436695K(911360K), 0.3120980 secs]
32.917: [GC 582615K->543327K(947200K), 0.3597390 secs]
33.576: [GC 689247K->566143K(918528K), 0.3275920 secs]
34.353: [GC 683391K->566279K(932864K), 0.0662210 secs]
34.871: [GC 683527K->566287K(932864K), 0.0178180 secs]
35.159: [GC 676413K->566327K(932864K), 0.0166490 secs]
35.291: [GC 683575K->587667K(932864K), 0.0173560 secs]
1081535
35.564: [GC 704915K->567759K(932864K), 0.0170930 secs]
35.704: [GC 676675K->577139K(935936K), 0.0173690 secs]
35.832: [GC 697027K->577187K(932864K), 0.0166830 secs]
36.020: [GC 688888K->598911K(947712K), 0.0244610 secs]
36.552: [GC 740223K->587744K(942080K), 0.0323830 secs]
37.126: [GC 729056K->608515K(957952K), 0.0169420 secs]
37.460: [GC 768771K->649637K(950784K), 0.0901180 secs]
38.268: [GC 809893K->629257K(964096K), 0.0170130 secs]
38.777: [GC 802825K->660456K(957952K), 0.0904930 secs]
39.570: [GC 830778K->660794K(970752K), 0.0191460 secs]
40.300: [GC 850234K->650107K(967168K), 0.0337950 secs]
40.334: [Full GC 650107K->39349K(967168K), 0.2655220 secs]
41.048: [GC 228789K->61691K(976896K), 0.0097680 secs]
41.642: [GC 261371K->80988K(971264K), 0.0462480 secs]
42.161: [GC 280668K->231068K(890880K), 0.3288280 secs]
42.771: [GC 346725K->316252K(932864K), 0.3015340 secs]
43.182: [GC 433500K->316556K(932864K), 0.1350550 secs]
43.860: [GC 433804K->316596K(932864K), 0.0043090 secs]
44.432: [GC 433844K->316572K(932864K), 0.0049300 secs]
44.775: [GC 426371K->316644K(932864K), 0.0043410 secs]
44.886: [GC 433892K->337943K(932864K), 0.0185130 secs]
1107724
45.123: [GC 455191K->318033K(932864K), 0.0051570 secs]
45.248: [GC 427243K->327411K(939520K), 0.0079030 secs]
45.355: [GC 447398K->327427K(933376K), 0.0077580 secs]
45.529: [GC 450661K->338967K(953344K), 0.0098080 secs]
46.019: [GC 489495K->338012K(945664K), 0.0154580 secs]
46.497: [GC 480270K->348176K(961536K), 0.0146780 secs]
46.832: [GC 514770K->376602K(956416K), 0.1031410 secs]
47.552: [GC 536839K->348372K(968192K), 0.0098000 secs]
47.837: [GC 533204K->384297K(965120K), 0.0895790 secs]
48.591: [GC 567893K->358762K(972288K), 0.0123990 secs]
48.927: [GC 546622K->387202K(967680K), 0.1015880 secs]
49.647: [GC 569005K->348672K(972800K), 0.0091390 secs]
49.981: [GC 535844K->397573K(943616K), 0.1031420 secs]
50.456: [GC 592645K->448918K(921600K), 0.1436300 secs]
50.972: [GC 589718K->550750K(944128K), 0.3519550 secs]
51.534: [GC 688896K->623542K(921600K), 0.3063470 secs]
52.165: [GC 740790K->613718K(932864K), 0.1151990 secs]
52.280: [Full GC 613718K->271171K(932864K), 1.5433450 secs]
54.198: [GC 388419K->271203K(932864K), 0.0034320 secs]
54.571: [GC 388451K->271243K(932864K), 0.0037370 secs]
54.662: [GC 379850K->302059K(936960K), 0.0155950 secs]
1100343
54.817: [GC 423403K->272171K(932864K), 0.0060460 secs]
