/home/ec2-user/blinkdb
-i /home/ec2-user/eecs584/workloadGen/querySet/querySet1/frame_3/workload.queries
Starting the Shark Command Line Client
/home/ec2-user/blinkdb/target/scala-2.9.3/classes
/home/ec2-user/blinkdb/target/scala-2.9.3/shark_2.9.3-0.8.0-SNAPSHOT.jar
4.089: [GC 262656K->21559K(1005568K), 0.0562050 secs]
5.552: [GC 149683K->16968K(1005568K), 0.0385650 secs]
5.591: [Full GC 16968K->16176K(1005568K), 0.1873290 secs]
5.796: [GC 24926K->16247K(1005568K), 0.0023320 secs]
5.799: [Full GC 16247K->9126K(1005568K), 0.0892320 secs]
9.862: [GC 262200K->39520K(1005568K), 0.0383360 secs]
10.689: [GC 302176K->39984K(1005568K), 0.0308230 secs]
11.965: [GC 296345K->39768K(1005568K), 0.0187550 secs]
12.689: [GC 302424K->38959K(992256K), 0.0226520 secs]
13.317: [GC 301615K->39007K(1001472K), 0.0240660 secs]
13.886: [GC 291032K->49176K(988672K), 0.0349390 secs]
14.424: [GC 301059K->19148K(996864K), 0.0084860 secs]
Aaron	7
Aaron	6
Aaron	5
Aaron	4
Aaron	3
Aaron	2
Aaron	1
Aaron	0
Aaron	15
Aaron	14
15.139: [GC 260995K->30129K(998912K), 0.0144060 secs]
16.782: [GC 272694K->39674K(1003008K), 0.0167550 secs]
17.405: [GC 291160K->39779K(999936K), 0.0123130 secs]
18.007: [GC 291448K->39891K(1007616K), 0.0084860 secs]
18.589: [GC 302402K->19409K(1005056K), 0.0038740 secs]
18.975: [GC 273994K->29847K(1006592K), 0.0078530 secs]
Aaron	7
Aaron	6
Aaron	5
Aaron	4
Aaron	3
Aaron	2
Aaron	1
Aaron	0
Aaron	15
Aaron	14
19.444: [GC 284811K->20788K(1006080K), 0.0035830 secs]
19.996: [GC 284980K->41228K(1007104K), 0.0090280 secs]
20.687: [GC 302219K->40821K(1006592K), 0.0123930 secs]
21.269: [GC 302242K->30676K(1009152K), 0.0088930 secs]
21.812: [GC 291855K->20425K(1008128K), 0.0041040 secs]
22.186: [GC 282877K->51202K(1001472K), 0.0234650 secs]
Aaron	7
Aaron	6
Aaron	5
Aaron	4
Aaron	3
Aaron	2
Aaron	1
Aaron	0
Aaron	15
Aaron	14
22.667: [GC 308589K->21655K(1005056K), 0.0050580 secs]
23.269: [GC 283287K->42031K(1005568K), 0.0155740 secs]
23.887: [GC 302810K->41630K(1005056K), 0.0082310 secs]
24.466: [GC 303027K->52036K(1000448K), 0.0127940 secs]
25.064: [GC 304124K->52106K(989696K), 0.0103590 secs]
25.445: [GC 308927K->42000K(1003520K), 0.0072360 secs]
Aaron	7
Aaron	6
Aaron	5
Aaron	4
Aaron	3
Aaron	2
Aaron	1
Aaron	0
Aaron	15
Aaron	14
25.807: [GC 293394K->22624K(1001472K), 0.0047920 secs]
26.129: [GC 279136K->43029K(1004544K), 0.0138710 secs]
26.730: [GC 302101K->42604K(1003008K), 0.0106550 secs]
27.328: [GC 301676K->42730K(1007104K), 0.0082140 secs]
27.954: [GC 306922K->42864K(1005568K), 0.0082010 secs]
28.506: [GC 305438K->53262K(1003520K), 0.0104870 secs]
Aaron	7
Aaron	6
Aaron	5
Aaron	4
Aaron	3
Aaron	2
Aaron	1
Aaron	0
Aaron	15
Aaron	14
28.882: [GC 307717K->33904K(1006080K), 0.0070160 secs]
29.190: [GC 291110K->54318K(1001984K), 0.0122320 secs]
30.564: [GC 314926K->43152K(960512K), 0.0181590 secs]
31.026: [GC 303760K->75349K(998400K), 0.0343920 secs]
31.787: [GC 328789K->64542K(1000960K), 0.0130150 secs]
32.454: [GC 317982K->64017K(1001472K), 0.0197630 secs]
32.950: [GC 320529K->86216K(1002496K), 0.0133800 secs]
33.829: [GC 334212K->74393K(1002496K), 0.0300710 secs]
34.284: [GC 331929K->110385K(993280K), 0.0567950 secs]
35.057: [GC 367921K->208325K(920064K), 0.3267520 secs]
35.693: [GC 373765K->289289K(955392K), 0.2807060 secs]
56.4781	6.450776	5
155.70833	5.256869	0
193.19551	5.4218936	2
66.75327	6.3846054	3
101.10771	4.7416306	7
133.1919	6.4723134	1
120.531075	6.4435697	7
90.697266	4.0908895	8
86.800606	4.059397	6
181.68132	5.081027	5
36.229: [GC 452800K->290672K(936960K), 0.1895360 secs]
36.594: [GC 433447K->300639K(946176K), 0.0124100 secs]
36.952: [GC 444511K->315792K(953856K), 0.0249970 secs]
37.263: [GC 470249K->331730K(949248K), 0.0231590 secs]
37.768: [GC 482669K->320954K(962048K), 0.0177030 secs]
38.049: [GC 494010K->335022K(959488K), 0.0158280 secs]
38.422: [GC 502426K->342284K(971264K), 0.0409510 secs]
38.951: [GC 523451K->311006K(967680K), 0.0102700 secs]
39.273: [GC 491655K->332178K(976384K), 0.0119960 secs]
39.542: [GC 531858K->342614K(971776K), 0.0193310 secs]
125.80169	4.970333	1
94.76107	5.3024535	0
96.74623	5.6528635	1
152.92853	4.7228036	1
155.70833	5.256869	0
55.299133	4.2150083	0
133.1919	6.4723134	1
191.59561	5.256853	0
59.573963	6.051628	0
83.739235	5.200716	0
39.874: [GC 534654K->332962K(983040K), 0.0130330 secs]
40.252: [GC 548514K->346953K(980992K), 0.0328860 secs]
40.654: [GC 555848K->353472K(987136K), 0.0204960 secs]
41.213: [GC 576859K->353598K(986624K), 0.0206510 secs]
41.772: [GC 577010K->353748K(989184K), 0.0200910 secs]
42.339: [GC 577521K->353842K(988160K), 0.0201090 secs]
42.725: [GC 582706K->371469K(979968K), 0.0644970 secs]
125.80169	4.970333	1
94.76107	5.3024535	0
96.74623	5.6528635	1
152.92853	4.7228036	1
155.70833	5.256869	0
55.299133	4.2150083	0
133.1919	6.4723134	1
191.59561	5.256853	0
59.573963	6.051628	0
83.739235	5.200716	0
43.140: [GC 585620K->324295K(923136K), 0.0069380 secs]
43.389: [GC 545360K->354906K(985600K), 0.0125910 secs]
44.048: [GC 576090K->343747K(984064K), 0.0230020 secs]
44.414: [GC 564931K->367603K(988672K), 0.0151350 secs]
45.143: [GC 590264K->354069K(985088K), 0.0131330 secs]
45.569: [GC 579349K->379465K(987136K), 0.0651270 secs]
46.132: [GC 608329K->375391K(988672K), 0.0138970 secs]
46.847: [GC 604255K->364745K(987648K), 0.0200200 secs]
47.214: [GC 593609K->392625K(988672K), 0.0248130 secs]
47.655: [GC 621489K->457124K(945664K), 0.1747010 secs]
48.112: [GC 639996K->411352K(968192K), 0.0324700 secs]
197.89305	4.679725	5
94.76107	5.3024535	0
148.08556	5.800877	5
56.4781	6.450776	5
154.98323	4.4255867	2
122.815056	6.129468	5
155.70833	5.256869	0
193.19551	5.4218936	2
66.75327	6.3846054	3
116.47222	6.111045	5
48.408: [GC 599256K->412016K(969728K), 0.0157760 secs]
48.629: [GC 595546K->432978K(968704K), 0.0184980 secs]
49.221: [GC 622930K->432016K(975872K), 0.0371250 secs]
49.644: [GC 625153K->463437K(974848K), 0.0266460 secs]
50.355: [GC 665677K->452765K(978432K), 0.0397390 secs]
50.739: [GC 654883K->473953K(976896K), 0.0176550 secs]
51.400: [GC 680801K->473533K(984064K), 0.0219580 secs]
51.742: [GC 692157K->496410K(983040K), 0.0135680 secs]
52.526: [GC 715034K->494302K(988160K), 0.0220130 secs]
52.863: [GC 721118K->525426K(987136K), 0.0395540 secs]
53.319: [GC 752242K->591000K(937984K), 0.1739660 secs]
53.834: [GC 759060K->698104K(962560K), 0.4461040 secs]
56.4781	6.450776	5
155.70833	5.256869	0
66.75327	6.3846054	3
193.19551	5.4218936	2
101.10771	4.7416306	7
133.1919	6.4723134	1
120.531075	6.4435697	7
86.800606	4.059397	6
181.68132	5.081027	5
132.51135	4.838054	4
54.530: [GC 868929K->700626K(903168K), 0.1759890 secs]
54.706: [Full GC 700626K->31594K(903168K), 0.3247620 secs]
55.157: [GC 148842K->42369K(932864K), 0.0064250 secs]
55.285: [GC 157365K->73695K(932864K), 0.0113720 secs]
55.754: [GC 190943K->70129K(932864K), 0.0460650 secs]
55.887: [GC 187210K->84053K(942592K), 0.0079260 secs]
56.358: [GC 212302K->73245K(936448K), 0.0064550 secs]
56.446: [GC 200084K->104738K(951296K), 0.0166090 secs]
56.931: [GC 244069K->83719K(945152K), 0.0117430 secs]
57.090: [GC 231687K->106043K(960000K), 0.0175480 secs]
57.552: [GC 266128K->115257K(953344K), 0.0168950 secs]
57.829: [GC 275084K->94251K(967168K), 0.0067750 secs]
58.054: [GC 272227K->105231K(964096K), 0.0080680 secs]
125.80169	4.970333	1
94.76107	5.3024535	0
96.74623	5.6528635	1
152.92853	4.7228036	1
155.70833	5.256869	0
55.299133	4.2150083	0
133.1919	6.4723134	1
191.59561	5.256853	0
59.573963	6.051628	0
83.739235	5.200716	0
58.339: [GC 286821K->85370K(973824K), 0.0074570 secs]
58.538: [GC 274478K->116498K(972288K), 0.0179120 secs]
59.027: [GC 312490K->116097K(976896K), 0.0144380 secs]
59.504: [GC 312485K->116223K(975360K), 0.0185490 secs]
59.986: [GC 312730K->116317K(980992K), 0.0170130 secs]
60.477: [GC 324349K->106203K(978944K), 0.0125810 secs]
60.797: [GC 317659K->122877K(982528K), 0.0612560 secs]
184.53485	4.895614	0
94.76107	5.3024535	0
94.9035	4.62859	0
96.85104	4.869428	0
125.955	4.472567	0
106.309715	5.213777	0
155.70833	5.256869	0
55.299133	4.2150083	0
117.091255	5.1306677	0
191.59561	5.256853	0
61.135: [GC 332850K->97120K(983552K), 0.0071750 secs]
61.399: [GC 308985K->117531K(986112K), 0.0179280 secs]
61.991: [GC 340251K->106312K(985088K), 0.0107550 secs]
62.411: [GC 321863K->137769K(986624K), 0.0171420 secs]
63.079: [GC 361513K->127076K(985600K), 0.0129900 secs]
63.428: [GC 350820K->148361K(990208K), 0.0135930 secs]
64.227: [GC 376201K->147849K(986112K), 0.0132060 secs]
64.555: [GC 375689K->175177K(991232K), 0.0440480 secs]
65.341: [GC 401445K->168473K(990720K), 0.0095290 secs]
65.681: [GC 401945K->192221K(990208K), 0.0453390 secs]
66.183: [GC 427229K->265319K(991744K), 0.1935860 secs]
66.774: [GC 500036K->237624K(942592K), 0.0539090 secs]
56.4781	6.450776	5
155.70833	5.256869	0
193.19551	5.4218936	2
66.75327	6.3846054	3
101.10771	4.7416306	7
133.1919	6.4723134	1
120.531075	6.4435697	7
90.697266	4.0908895	8
86.800606	4.059397	6
181.68132	5.081027	5
67.127: [GC 420356K->228120K(967168K), 0.0257330 secs]
67.387: [GC 407511K->249050K(972800K), 0.0103180 secs]
68.052: [GC 441050K->248052K(967680K), 0.0135110 secs]
68.323: [GC 440052K->271636K(978432K), 0.0306670 secs]
69.048: [GC 473855K->258382K(973824K), 0.0110410 secs]
69.412: [GC 462158K->280551K(981504K), 0.0350350 secs]
69.939: [GC 489005K->269472K(980992K), 0.0116310 secs]
70.520: [GC 483488K->269069K(986112K), 0.0155370 secs]
70.886: [GC 492813K->294169K(986112K), 0.0223650 secs]
71.331: [GC 517913K->353043K(949760K), 0.1361240 secs]
71.742: [GC 538923K->295152K(969216K), 0.0159340 secs]
197.89305	4.679725	5
94.76107	5.3024535	0
148.08556	5.800877	5
56.4781	6.450776	5
154.98323	4.4255867	2
122.815056	6.129468	5
155.70833	5.256869	0
193.19551	5.4218936	2
66.75327	6.3846054	3
116.47222	6.111045	5
72.021: [GC 475499K->306075K(973312K), 0.0198440 secs]
72.257: [GC 501147K->317363K(970240K), 0.0135570 secs]
72.750: [GC 502788K->326532K(979968K), 0.0122140 secs]
73.284: [GC 536452K->316394K(978432K), 0.0099730 secs]
73.802: [GC 523177K->315957K(986112K), 0.0092820 secs]
74.346: [GC 531419K->316599K(984064K), 0.0125730 secs]
74.675: [GC 528757K->316710K(990208K), 0.0085330 secs]
74.912: [GC 546461K->316675K(988160K), 0.0080280 secs]
125.80169	4.970333	1
94.76107	5.3024535	0
96.74623	5.6528635	1
152.92853	4.7228036	1
155.70833	5.256869	0
55.299133	4.2150083	0
133.1919	6.4723134	1
191.59561	5.256853	0
59.573963	6.051628	0
83.739235	5.200716	0
75.268: [GC 546171K->317945K(994816K), 0.0092580 secs]
75.722: [GC 556409K->343385K(975360K), 0.0917660 secs]
76.282: [GC 573883K->337859K(990720K), 0.0213530 secs]
77.052: [GC 571843K->327220K(991232K), 0.0178880 secs]
77.412: [GC 561204K->358509K(990208K), 0.0359460 secs]
78.038: [GC 584749K->358733K(964096K), 0.0165830 secs]
78.652: [GC 591693K->348114K(990208K), 0.0099130 secs]
79.045: [GC 580050K->372191K(990208K), 0.0164570 secs]
79.549: [GC 604127K->423188K(959488K), 0.1213480 secs]
79.990: [GC 626452K->517711K(975872K), 0.2804790 secs]
197.89305	4.679725	5
94.76107	5.3024535	0
148.08556	5.800877	5
56.4781	6.450776	5
154.98323	4.4255867	2
122.815056	6.129468	5
155.70833	5.256869	0
193.19551	5.4218936	2
66.75327	6.3846054	3
116.47222	6.111045	5
80.532: [GC 710888K->519450K(894976K), 0.1214590 secs]
80.801: [GC 631962K->540343K(935424K), 0.0192440 secs]
81.102: [GC 662711K->539363K(943104K), 0.0119740 secs]
81.421: [GC 672038K->560559K(941056K), 0.0110210 secs]
81.785: [GC 696239K->560119K(951296K), 0.0108220 secs]
82.030: [GC 711851K->591587K(949248K), 0.0132350 secs]
82.552: [GC 742138K->570532K(958464K), 0.0091420 secs]
82.701: [GC 736932K->591860K(956416K), 0.0115830 secs]
83.195: [GC 752860K->591893K(970240K), 0.0196880 secs]
83.517: [GC 776829K->570848K(964608K), 0.0117540 secs]
7	Afghanistan	10
8	Afghanistan	10
5	Afghanistan	10
6	Afghanistan	10
3	Afghanistan	10
4	Afghanistan	10
1	Afghanistan	10
2	Afghanistan	10
0	Afghanistan	10
6	Afghanistan	7
83.820: [GC 757216K->572514K(973824K), 0.0120370 secs]
84.042: [GC 767078K->581958K(971776K), 0.0153740 secs]
84.569: [GC 779078K->604034K(982016K), 0.0797460 secs]
85.348: [GC 811939K->591836K(978432K), 0.0143160 secs]
85.683: [GC 803804K->613464K(984064K), 0.0755600 secs]
86.411: [GC 827477K->591986K(984576K), 0.0094510 secs]
86.771: [GC 812658K->614958K(984576K), 0.0826750 secs]
87.475: [GC 831715K->581896K(986112K), 0.0082330 secs]
87.863: [GC 805640K->616779K(983040K), 0.0623630 secs]
88.502: [GC 830535K->602548K(985088K), 0.0183850 secs]
88.923: [GC 821980K->627622K(989696K), 0.0947150 secs]
89.490: [GC 856998K->724357K(988160K), 0.2022320 secs]
89.692: [Full GC 724357K->143076K(988160K), 0.7347810 secs]
2.981954	USA	749853.0
3.3043814	China	988352.0
1.2919766	Malaysia	684367.0
3.9456863	England	361052.0
2.6711395	India	280907.0
3.252765	India	705189.0
3.0168366	China	937410.0
1.5466174	Malaysia	874651.0
2.4069738	India	70596.0
2.3248372	Italy	206872.0
90.754: [GC 368544K->188524K(924672K), 0.0828960 secs]
91.054: [GC 347186K->187812K(956416K), 0.0670760 secs]
91.355: [GC 352164K->200444K(964096K), 0.0312840 secs]
91.831: [GC 373291K->187440K(958976K), 0.0144360 secs]
92.177: [GC 362032K->202938K(970240K), 0.0340880 secs]
92.571: [GC 384692K->208792K(966656K), 0.0141780 secs]
93.079: [GC 397208K->216773K(976896K), 0.0340030 secs]
93.327: [GC 420037K->230441K(974848K), 0.0242660 secs]
93.881: [GC 433705K->229103K(985600K), 0.0105990 secs]
94.244: [GC 442795K->219411K(981504K), 0.0160680 secs]
1.8219477	Italy	855312.0
3.1739044	USA	378370.0
1.4727958	China	491045.0
2.5729673	China	865015.0
2.9850943	Malaysia	14026.0
2.117138	Afghanistan	1011972.0
1.6188372	Malaysia	943231.0
2.4836984	Italy	733949.0
3.2524686	Canada	368837.0
2.4872243	China	994292.0
94.536: [GC 438035K->209876K(987648K), 0.0136560 secs]
94.798: [GC 428146K->210250K(987648K), 0.0167100 secs]
95.246: [GC 437066K->242168K(986624K), 0.0496430 secs]
95.734: [GC 463644K->240765K(987648K), 0.0238370 secs]
96.342: [GC 464285K->259593K(994816K), 0.0722310 secs]
96.763: [GC 496649K->266253K(990720K), 0.0233810 secs]
97.402: [GC 503309K->261521K(998912K), 0.0165170 secs]
97.968: [GC 507795K->278068K(995840K), 0.0553980 secs]
98.408: [GC 524340K->285502K(1002496K), 0.0215390 secs]
98.923: [GC 540478K->363357K(1000960K), 0.1665700 secs]
2.981954	USA	749853.0
3.3043814	China	988352.0
1.2919766	Malaysia	684367.0
2.4069738	India	70596.0
2.3248372	Italy	206872.0
1.074461	Canada	672868.0
3.332791	Germany	422561.0
3.4441068	USA	1035878.0
3.512403	Canada	245627.0
1.7014902	France	355680.0
99.427: [GC 617939K->319765K(948736K), 0.0276590 secs]
99.648: [GC 513018K->350330K(974848K), 0.0200880 secs]
100.062: [GC 542125K->371529K(979968K), 0.0727340 secs]
100.837: [GC 579393K->339137K(977408K), 0.0179280 secs]
101.123: [GC 548033K->370617K(980992K), 0.0625290 secs]
101.902: [GC 582585K->359965K(979456K), 0.0124640 secs]
102.228: [GC 571832K->391378K(982528K), 0.0264140 secs]
102.891: [GC 606418K->380720K(980992K), 0.0136230 secs]
103.444: [GC 594162K->401871K(987136K), 0.0114340 secs]
103.824: [GC 623055K->421192K(982528K), 0.0668510 secs]
104.628: [GC 641002K->411632K(992768K), 0.0094080 secs]
104.944: [GC 647152K->435344K(991232K), 0.0458160 secs]
105.508: [GC 670864K->478068K(957440K), 0.1166550 secs]
106.159: [GC 678260K->625276K(974336K), 0.3631520 secs]
3.3043814	China	988352.0
1.2919766	Malaysia	684367.0
1.4037458	Canada	156132.0
1.4600301	France	931668.0
3.252765	India	705189.0
1.504963	Malaysia	619374.0
2.4069738	India	70596.0
1.5466174	Malaysia	874651.0
2.2815855	Italy	319525.0
2.3248372	Italy	206872.0
106.792: [GC 825468K->634079K(891392K), 0.1713880 secs]
106.963: [Full GC 634079K->23940K(891392K), 0.1386040 secs]
107.197: [GC 133502K->34276K(932864K), 0.0054490 secs]
107.337: [GC 146741K->56070K(932864K), 0.0101070 secs]
107.571: [GC 173318K->51905K(932864K), 0.0256690 secs]
107.957: [GC 169153K->65241K(935936K), 0.0523060 secs]
108.252: [GC 185561K->88324K(932864K), 0.0558800 secs]
108.449: [GC 208644K->91475K(945152K), 0.0386540 secs]
108.910: [GC 230739K->107361K(942592K), 0.0553510 secs]
109.412: [GC 237718K->131309K(957440K), 0.0469470 secs]
109.720: [GC 291053K->139125K(950784K), 0.0622670 secs]
110.323: [GC 294248K->130837K(962560K), 0.0042450 secs]
110.468: [GC 305429K->153817K(960512K), 0.0117060 secs]
111.029: [GC 328409K->173542K(974336K), 0.0652010 secs]
111.333: [GC 360935K->205329K(968704K), 0.0481930 secs]
111.785: [GC 399889K->197644K(980992K), 0.0122030 secs]
112.182: [GC 406028K->294334K(975872K), 0.1906880 secs]
2.981954	USA	749853.0
3.3043814	China	988352.0
1.2919766	Malaysia	684367.0
3.9456863	England	361052.0
2.6711395	India	280907.0
2.4069738	India	70596.0
2.3248372	Italy	206872.0
1.074461	Canada	672868.0
3.332791	Germany	422561.0
3.4441068	USA	1035878.0
112.652: [GC 498536K->306061K(928768K), 0.1148280 secs]
112.928: [GC 452225K->316712K(952320K), 0.0113970 secs]
113.230: [GC 472872K->332582K(961024K), 0.0547210 secs]
113.871: [GC 502566K->315738K(957440K), 0.0054040 secs]
114.183: [GC 480414K->336914K(967680K), 0.0140290 secs]
114.506: [GC 518162K->353755K(962048K), 0.0667040 secs]
115.196: [GC 535003K->336543K(972800K), 0.0071650 secs]
115.477: [GC 531079K->357686K(971776K), 0.0144780 secs]
115.947: [GC 553782K->379471K(983040K), 0.0918250 secs]
116.705: [GC 589083K->367463K(977920K), 0.0123640 secs]
117.009: [GC 579943K->391100K(984064K), 0.0613430 secs]
117.812: [GC 611772K->378083K(984576K), 0.0087440 secs]
118.116: [GC 598755K->401243K(988160K), 0.0254980 secs]
118.690: [GC 617791K->378173K(985088K), 0.0071690 secs]
119.173: [GC 602941K->550134K(883200K), 0.3054940 secs]
119.725: [GC 673463K->625942K(903168K), 0.2393940 secs]
3.3043814	China	988352.0
1.2919766	Malaysia	684367.0
1.4037458	Canada	156132.0
1.4600301	France	931668.0
3.252765	India	705189.0
1.504963	Malaysia	619374.0
2.4069738	India	70596.0
1.5466174	Malaysia	874651.0
1.9165825	Germany	447638.0
2.2815855	Italy	319525.0
120.158: [GC 747914K->628032K(932864K), 0.1395630 secs]
120.298: [Full GC 628032K->34732K(932864K), 0.1577030 secs]
120.572: [GC 148621K->45100K(932864K), 0.0110760 secs]
120.725: [GC 158240K->66872K(941056K), 0.0122040 secs]
120.882: [GC 194360K->71494K(934912K), 0.0336700 secs]
121.235: [GC 189957K->88030K(949248K), 0.0585180 secs]
121.805: [GC 228290K->88126K(944128K), 0.0367860 secs]
121.928: [GC 226830K->109370K(958464K), 0.0125380 secs]
122.318: [GC 271162K->128203K(951808K), 0.0791840 secs]
122.965: [GC 285312K->108859K(965632K), 0.0030000 secs]
123.118: [GC 290107K->133115K(964096K), 0.0150260 secs]
123.712: [GC 314363K->129719K(972800K), 0.0083530 secs]
124.126: [GC 319852K->150892K(971264K), 0.0129470 secs]
124.506: [GC 346476K->168179K(982528K), 0.0550560 secs]
125.174: [GC 378224K->150411K(977920K), 0.0046260 secs]
125.521: [GC 362379K->184700K(980992K), 0.0422420 secs]
125.993: [GC 401276K->249626K(982528K), 0.1452580 secs]
126.497: [GC 465505K->206474K(940544K), 0.0182570 secs]
2.981954	USA	749853.0
2.3403409	USA	658618.0
3.3043814	China	988352.0
1.2919766	Malaysia	684367.0
3.9456863	England	361052.0
3.5775578	Germany	63520.0
1.7812116	France	438594.0
3.252765	India	705189.0
2.6711395	India	280907.0
3.1815965	Canada	992281.0
126.738: [GC 373430K->207129K(961536K), 0.0134580 secs]
126.949: [GC 379955K->217837K(970752K), 0.0150610 secs]
127.341: [GC 405229K->238950K(965120K), 0.0673930 secs]
128.064: [GC 426342K->216834K(976384K), 0.0053220 secs]
128.310: [GC 420610K->238991K(975872K), 0.0123670 secs]
128.959: [GC 442767K->237619K(982016K), 0.0168140 secs]
129.548: [GC 449203K->247783K(981504K), 0.0065260 secs]
129.889: [GC 462823K->275119K(986624K), 0.0519850 secs]
130.702: [GC 498863K->258393K(985600K), 0.0066210 secs]
130.998: [GC 482137K->283565K(989184K), 0.0186000 secs]
131.749: [GC 511917K->279153K(987648K), 0.0120390 secs]
132.221: [GC 499109K->310562K(987136K), 0.0132690 secs]
132.730: [GC 539426K->322097K(988672K), 0.1318740 secs]
133.335: [GC 550961K->428510K(917504K), 0.2543360 secs]
133.997: [GC 588766K->546702K(954368K), 0.5075720 secs]
3.3043814	China	988352.0
3.3179996	China	90081.0
1.2919766	Malaysia	684367.0
1.4037458	Canada	156132.0
1.4600301	France	931668.0
3.252765	India	705189.0
1.4910387	Malaysia	282547.0
1.504963	Malaysia	619374.0
1.5466174	Malaysia	874651.0
2.4069738	India	70596.0
134.731: [GC 699993K->555384K(911360K), 0.1697850 secs]
134.988: [GC 663829K->564286K(932864K), 0.0235430 secs]
135.133: [GC 672527K->564854K(932864K), 0.0174150 secs]
135.291: [GC 682102K->575312K(932864K), 0.0162430 secs]
135.707: [GC 687785K->574730K(932864K), 0.0159870 secs]
135.803: [GC 682814K->585759K(932864K), 0.0182250 secs]
136.279: [GC 697163K->574926K(941056K), 0.0312570 secs]
136.387: [GC 702028K->606411K(937984K), 0.0223900 secs]
136.901: [GC 729815K->585396K(950272K), 0.0254210 secs]
137.016: [GC 734531K->616832K(947712K), 0.0175970 secs]
137.500: [GC 759335K->585522K(957952K), 0.0324030 secs]
137.835: [GC 746907K->616996K(954880K), 0.0328970 secs]
137.976: [GC 778971K->617146K(967168K), 0.0407640 secs]
Adams	7
Adams	6
Adams	5
Adams	4
Adams	3
Adams	2
Adams	1
Adams	0
Adams	10
Adams	9
138.250: [GC 796858K->597258K(961024K), 0.0247640 secs]
138.450: [GC 776504K->618167K(974848K), 0.0157870 secs]
138.969: [GC 806599K->627970K(969216K), 0.0190930 secs]
139.478: [GC 819256K->606933K(979456K), 0.0150220 secs]
140.017: [GC 809140K->628128K(976384K), 0.0332040 secs]
140.404: [GC 835488K->618014K(985088K), 0.0290810 secs]
140.785: [GC 835102K->618148K(980480K), 0.0328210 secs]
141.073: [GC 830136K->607882K(990720K), 0.0315510 secs]
Adams	7
Adams	6
Adams	5
Adams	4
Adams	3
Adams	2
Adams	1
Adams	0
Adams	10
Adams	9
141.420: [GC 836528K->609064K(989184K), 0.0257960 secs]
141.937: [GC 836206K->608213K(995328K), 0.0249020 secs]
142.459: [GC 844384K->629435K(993280K), 0.0197950 secs]
142.952: [GC 867357K->618819K(996864K), 0.0153350 secs]
143.434: [GC 855475K->629193K(993792K), 0.0192820 secs]
Adams	7
Adams	6
Adams	5
Adams	4
Adams	3
Adams	2
Adams	1
Adams	0
Adams	10
Adams	9
143.787: [GC 871369K->598757K(994816K), 0.0190170 secs]
