/home/ec2-user/blinkdb
-i /home/ec2-user/eecs584/workloadGen/querySet/querySet1/frame_3/workload.queries
Starting the Shark Command Line Client
/home/ec2-user/blinkdb/target/scala-2.9.3/classes
/home/ec2-user/blinkdb/target/scala-2.9.3/shark_2.9.3-0.8.0-SNAPSHOT.jar
4.517: [GC 262656K->21034K(1005568K), 0.0449060 secs]
6.032: [GC 155651K->17570K(1005568K), 0.0337150 secs]
6.066: [Full GC 17570K->16735K(1005568K), 0.1888160 secs]
6.270: [GC 22337K->16838K(1005568K), 0.0017630 secs]
6.272: [Full GC 16838K->9192K(1005568K), 0.0918040 secs]
10.544: [GC 271848K->29866K(1005568K), 0.0282600 secs]
11.391: [GC 287238K->40647K(1005568K), 0.0289420 secs]
12.621: [GC 295623K->49808K(1005568K), 0.0327480 secs]
13.389: [GC 308769K->49492K(1002496K), 0.0294690 secs]
14.040: [GC 308249K->49530K(980992K), 0.0235290 secs]
14.636: [GC 275484K->39239K(991744K), 0.0190410 secs]
15.099: [GC 274247K->39988K(996864K), 0.0133330 secs]
Aaron	7
Aaron	6
Aaron	5
Aaron	4
Aaron	3
Aaron	2
Aaron	1
Aaron	0
Aaron	15
Aaron	14
15.744: [GC 283188K->19877K(994816K), 0.0082690 secs]
17.036: [GC 258407K->50602K(995328K), 0.0152860 secs]
17.629: [GC 288419K->40155K(995328K), 0.0091930 secs]
18.181: [GC 282331K->40289K(999936K), 0.0081140 secs]
18.779: [GC 289633K->40391K(997888K), 0.0106040 secs]
19.183: [GC 287563K->40486K(1004032K), 0.0108710 secs]
Aaron	7
Aaron	6
Aaron	5
Aaron	4
Aaron	3
Aaron	2
Aaron	1
Aaron	0
Aaron	15
Aaron	14
19.576: [GC 296694K->31457K(1001984K), 0.0080900 secs]
19.951: [GC 286389K->51837K(1001472K), 0.0108020 secs]
20.593: [GC 309373K->41171K(1003008K), 0.0081420 secs]
21.292: [GC 298707K->41337K(1006592K), 0.0085380 secs]
21.977: [GC 297933K->41479K(1005056K), 0.0082370 secs]
22.340: [GC 300887K->41590K(1010176K), 0.0077660 secs]
Aaron	7
Aaron	6
Aaron	5
Aaron	4
Aaron	3
Aaron	2
Aaron	1
Aaron	0
Aaron	15
Aaron	14
22.755: [GC 302240K->32496K(1008640K), 0.0116750 secs]
23.238: [GC 302832K->42613K(1011712K), 0.0105670 secs]
23.982: [GC 315509K->42207K(1009664K), 0.0152130 secs]
24.590: [GC 306819K->52581K(1008128K), 0.0101540 secs]
25.176: [GC 320241K->42436K(1010688K), 0.0079420 secs]
25.548: [GC 309805K->42465K(1013248K), 0.0176130 secs]
Aaron	7
Aaron	6
Aaron	5
Aaron	4
Aaron	3
Aaron	2
Aaron	1
Aaron	0
Aaron	15
Aaron	14
26.021: [GC 310242K->23166K(978432K), 0.0035620 secs]
26.673: [GC 291295K->43515K(1012224K), 0.0089990 secs]
27.243: [GC 311749K->32810K(1011200K), 0.0064270 secs]
27.795: [GC 300825K->32943K(1012736K), 0.0104450 secs]
28.340: [GC 300015K->22694K(976896K), 0.0032100 secs]
28.734: [GC 290139K->53485K(1005056K), 0.0098570 secs]
Aaron	7
Aaron	6
Aaron	5
Aaron	4
Aaron	3
Aaron	2
Aaron	1
Aaron	0
Aaron	15
Aaron	14
29.150: [GC 313137K->23939K(969216K), 0.0052390 secs]
29.922: [GC 291715K->58595K(997376K), 0.0434870 secs]
30.921: [GC 310314K->43942K(1002496K), 0.0138860 secs]
31.662: [GC 300454K->43515K(1003520K), 0.0321470 secs]
32.208: [GC 303099K->71967K(987648K), 0.0393380 secs]
33.000: [GC 324618K->53857K(1004032K), 0.0097480 secs]
33.612: [GC 311905K->64919K(1002496K), 0.0262600 secs]
34.212: [GC 313288K->85449K(999424K), 0.0105280 secs]
34.996: [GC 341961K->110240K(1002496K), 0.0854290 secs]
35.635: [GC 359864K->278896K(863232K), 0.5292690 secs]
56.4781	6.450776	5
155.70833	5.256869	0
193.19551	5.4218936	2
66.75327	6.3846054	3
101.10771	4.7416306	7
133.1919	6.4723134	1
120.531075	6.4435697	7
90.697266	4.0908895	8
86.800606	4.059397	6
181.68132	5.081027	5
36.401: [GC 390145K->270802K(932864K), 0.0830360 secs]
36.581: [GC 379432K->279698K(932864K), 0.0134850 secs]
36.734: [GC 387552K->280299K(932864K), 0.0118360 secs]
36.917: [GC 397547K->291908K(938496K), 0.0242510 secs]
37.342: [GC 407330K->279862K(933888K), 0.0060210 secs]
37.480: [GC 403766K->301893K(948736K), 0.0121630 secs]
37.935: [GC 443717K->311104K(941568K), 0.0202800 secs]
38.355: [GC 452928K->317718K(958464K), 0.0325320 secs]
38.596: [GC 482371K->342566K(954880K), 0.0215490 secs]
39.100: [GC 499933K->311269K(964096K), 0.0064390 secs]
39.437: [GC 480351K->322167K(962048K), 0.0105620 secs]
39.700: [GC 499029K->385749K(948224K), 0.1890740 secs]
125.80169	4.970333	1
94.76107	5.3024535	0
96.74623	5.6528635	1
152.92853	4.7228036	1
155.70833	5.256869	0
55.299133	4.2150083	0
133.1919	6.4723134	1
191.59561	5.256853	0
59.573963	6.051628	0
83.739235	5.200716	0
40.141: [GC 549723K->322936K(958464K), 0.0109140 secs]
40.364: [GC 486688K->343836K(967168K), 0.0120260 secs]
40.880: [GC 514078K->332543K(961024K), 0.0210030 secs]
41.142: [GC 512255K->356499K(973824K), 0.0279130 secs]
41.561: [GC 546277K->364113K(969216K), 0.0113220 secs]
42.103: [GC 552880K->353999K(980480K), 0.0092980 secs]
42.628: [GC 554973K->343209K(975360K), 0.0104310 secs]
42.987: [GC 543058K->333525K(984064K), 0.0064880 secs]
43.235: [GC 543289K->354221K(983040K), 0.0155770 secs]
125.80169	4.970333	1
94.76107	5.3024535	0
96.74623	5.6528635	1
152.92853	4.7228036	1
155.70833	5.256869	0
55.299133	4.2150083	0
133.1919	6.4723134	1
191.59561	5.256853	0
59.573963	6.051628	0
83.739235	5.200716	0
43.597: [GC 572845K->334933K(989184K), 0.0052260 secs]
44.010: [GC 563285K->368331K(963072K), 0.0410380 secs]
44.573: [GC 588800K->365115K(986624K), 0.0216130 secs]
45.279: [GC 589883K->354440K(986624K), 0.0192230 secs]
45.651: [GC 579208K->380841K(988672K), 0.0208960 secs]
46.332: [GC 601956K->364782K(987136K), 0.0069020 secs]
46.797: [GC 589322K->402677K(984064K), 0.0648860 secs]
47.327: [GC 628210K->386166K(987648K), 0.0095180 secs]
47.803: [GC 612982K->408752K(982016K), 0.0577250 secs]
48.256: [GC 633520K->534603K(986624K), 0.3544170 secs]
197.89305	4.679725	5
94.76107	5.3024535	0
148.08556	5.800877	5
56.4781	6.450776	5
154.98323	4.4255867	2
122.815056	6.129468	5
155.70833	5.256869	0
193.19551	5.4218936	2
66.75327	6.3846054	3
116.47222	6.111045	5
48.895: [GC 750621K->536401K(888320K), 0.1324770 secs]
49.177: [GC 659346K->567481K(937472K), 0.0130550 secs]
49.389: [GC 693945K->563987K(947712K), 0.0396520 secs]
49.962: [GC 708371K->556351K(945152K), 0.0082920 secs]
50.168: [GC 692511K->587763K(955392K), 0.0204830 secs]
50.543: [GC 743923K->592855K(949248K), 0.0584210 secs]
51.079: [GC 746265K->587287K(963072K), 0.0139480 secs]
51.328: [GC 761367K->605429K(959488K), 0.0501380 secs]
52.032: [GC 779509K->597872K(969216K), 0.0364390 secs]
52.265: [GC 786288K->622753K(967680K), 0.0178700 secs]
52.982: [GC 811169K->618632K(975360K), 0.0199570 secs]
53.243: [GC 819336K->644537K(973824K), 0.0385510 secs]
53.691: [GC 845241K->672734K(964096K), 0.0724290 secs]
54.247: [GC-- 865685K->946454K(964096K), 0.8867130 secs]
55.134: [Full GC 946454K->212416K(964096K), 1.4249340 secs]
56.4781	6.450776	5
155.70833	5.256869	0
66.75327	6.3846054	3
193.19551	5.4218936	2
101.10771	4.7416306	7
133.1919	6.4723134	1
120.531075	6.4435697	7
86.800606	4.059397	6
181.68132	5.081027	5
132.51135	4.838054	4
56.827: [GC 405526K->224634K(971264K), 0.0066590 secs]
57.066: [GC 414286K->245015K(979456K), 0.0146360 secs]
57.575: [GC 446849K->233658K(974336K), 0.0096350 secs]
58.079: [GC 438970K->252027K(984064K), 0.0247600 secs]
58.600: [GC 469627K->251700K(982016K), 0.0240300 secs]
58.984: [GC 469300K->248434K(989184K), 0.0160150 secs]
59.443: [GC 475250K->246424K(986112K), 0.0218280 secs]
59.819: [GC 463137K->288068K(969216K), 0.0902270 secs]
125.80169	4.970333	1
94.76107	5.3024535	0
96.74623	5.6528635	1
152.92853	4.7228036	1
155.70833	5.256869	0
55.299133	4.2150083	0
133.1919	6.4723134	1
191.59561	5.256853	0
59.573963	6.051628	0
83.739235	5.200716	0
60.230: [GC 501345K->233211K(914432K), 0.0042720 secs]
60.593: [GC 446715K->255648K(984576K), 0.0126090 secs]
61.083: [GC 472224K->255190K(980480K), 0.0113460 secs]
61.553: [GC 471766K->255220K(991744K), 0.0109120 secs]
62.191: [GC 486644K->257010K(988160K), 0.0193960 secs]
62.584: [GC 486261K->243761K(995328K), 0.0083290 secs]
184.53485	4.895614	0
94.76107	5.3024535	0
94.9035	4.62859	0
96.85104	4.869428	0
125.955	4.472567	0
106.309715	5.213777	0
155.70833	5.256869	0
55.299133	4.2150083	0
117.091255	5.1306677	0
191.59561	5.256853	0
62.906: [GC 479966K->234653K(994816K), 0.0071620 secs]
63.201: [GC 472504K->255068K(997888K), 0.0097210 secs]
63.787: [GC 499292K->254081K(994816K), 0.0101830 secs]
64.243: [GC 492134K->285529K(994304K), 0.0107650 secs]
65.093: [GC 528729K->274869K(995840K), 0.0081510 secs]
65.472: [GC 518069K->307389K(991744K), 0.0346350 secs]
66.182: [GC 546493K->295790K(993792K), 0.0087620 secs]
66.751: [GC 534894K->296151K(996864K), 0.0087350 secs]
67.254: [GC 537318K->316999K(996864K), 0.0093120 secs]
67.769: [GC 562247K->336674K(988672K), 0.0445360 secs]
68.396: [GC 575778K->510099K(993792K), 0.4024030 secs]
56.4781	6.450776	5
155.70833	5.256869	0
193.19551	5.4218936	2
66.75327	6.3846054	3
101.10771	4.7416306	7
133.1919	6.4723134	1
120.531075	6.4435697	7
90.697266	4.0908895	8
86.800606	4.059397	6
181.68132	5.081027	5
69.102: [GC 739802K->522712K(871936K), 0.0902230 secs]
69.325: [GC 632589K->521838K(932864K), 0.0118680 secs]
69.438: [GC 630925K->532326K(939008K), 0.0097530 secs]
69.828: [GC 655718K->547570K(932864K), 0.0458130 secs]
70.191: [GC 667212K->531874K(945664K), 0.0045050 secs]
70.362: [GC 672674K->556533K(943616K), 0.0167130 secs]
70.924: [GC 697333K->552695K(954368K), 0.0087890 secs]
71.101: [GC 708495K->573864K(952320K), 0.0101790 secs]
71.613: [GC 732072K->590091K(965632K), 0.0499430 secs]
71.966: [GC 761477K->604864K(961024K), 0.0118870 secs]
72.554: [GC 783040K->594200K(970240K), 0.0093740 secs]
72.823: [GC 778591K->625631K(968704K), 0.0120610 secs]
73.243: [GC 816095K->628534K(973824K), 0.0412180 secs]
73.627: [GC 817975K->752638K(972288K), 0.2637730 secs]
73.891: [Full GC 752638K->178674K(972288K), 0.8995590 secs]
197.89305	4.679725	5
94.76107	5.3024535	0
148.08556	5.800877	5
56.4781	6.450776	5
154.98323	4.4255867	2
122.815056	6.129468	5
155.70833	5.256869	0
193.19551	5.4218936	2
66.75327	6.3846054	3
116.47222	6.111045	5
75.073: [GC 374665K->190895K(893440K), 0.0074840 secs]
75.212: [GC 300734K->190010K(932864K), 0.0069800 secs]
75.318: [GC 298944K->200508K(943104K), 0.0086160 secs]
75.788: [GC 325182K->179392K(936960K), 0.0045650 secs]
75.881: [GC 308225K->210907K(951296K), 0.0133170 secs]
76.353: [GC 356508K->189810K(945152K), 0.0089840 secs]
76.725: [GC 337778K->206265K(960000K), 0.0205390 secs]
76.984: [GC 366974K->211179K(954880K), 0.0087170 secs]
77.466: [GC 369332K->200336K(968704K), 0.0085040 secs]
77.781: [GC 380121K->201044K(965632K), 0.0095040 secs]
78.000: [GC 377935K->254379K(951808K), 0.0882770 secs]
125.80169	4.970333	1
94.76107	5.3024535	0
96.74623	5.6528635	1
152.92853	4.7228036	1
155.70833	5.256869	0
55.299133	4.2150083	0
133.1919	6.4723134	1
191.59561	5.256853	0
59.573963	6.051628	0
83.739235	5.200716	0
78.333: [GC 427135K->201813K(962048K), 0.0073180 secs]
78.553: [GC 376689K->212462K(970752K), 0.0125890 secs]
78.964: [GC 393813K->238319K(965632K), 0.0517400 secs]
79.462: [GC 421979K->232667K(979456K), 0.0084620 secs]
79.998: [GC 439003K->248903K(975360K), 0.0869530 secs]
80.455: [GC 449500K->253480K(986624K), 0.0136240 secs]
81.230: [GC 474152K->253032K(982528K), 0.0099430 secs]
81.547: [GC 473704K->283071K(987136K), 0.0545760 secs]
82.221: [GC 503192K->274277K(986112K), 0.0138010 secs]
82.657: [GC 493398K->263546K(990720K), 0.0096430 secs]
83.087: [GC 496506K->424842K(990720K), 0.2954680 secs]
197.89305	4.679725	5
94.76107	5.3024535	0
148.08556	5.800877	5
56.4781	6.450776	5
154.98323	4.4255867	2
122.815056	6.129468	5
155.70833	5.256869	0
193.19551	5.4218936	2
66.75327	6.3846054	3
116.47222	6.111045	5
83.710: [GC 653259K->368348K(897536K), 0.0047500 secs]
83.861: [GC 500563K->367482K(944128K), 0.0071430 secs]
84.116: [GC 507258K->388245K(952832K), 0.0132350 secs]
84.503: [GC 530136K->398550K(946176K), 0.0186290 secs]
84.985: [GC 549078K->398107K(960512K), 0.0144260 secs]
85.139: [GC 563577K->419334K(958464K), 0.0125930 secs]
85.632: [GC 582898K->408485K(970240K), 0.0103380 secs]
86.190: [GC 595667K->429751K(966656K), 0.0114510 secs]
86.425: [GC 618167K->429901K(980480K), 0.0155290 secs]
86.659: [GC 627352K->409324K(975360K), 0.0068810 secs]
7	Afghanistan	10
8	Afghanistan	10
5	Afghanistan	10
6	Afghanistan	10
3	Afghanistan	10
4	Afghanistan	10
1	Afghanistan	10
2	Afghanistan	10
0	Afghanistan	10
6	Afghanistan	7
86.927: [GC 612655K->420267K(984576K), 0.0115640 secs]
87.333: [GC 637867K->437661K(981504K), 0.0269840 secs]
88.174: [GC 647003K->419562K(986624K), 0.0074390 secs]
88.464: [GC 643306K->449285K(985600K), 0.0324950 secs]
89.210: [GC 665480K->419716K(987648K), 0.0097320 secs]
89.566: [GC 645508K->452601K(958464K), 0.0392510 secs]
90.243: [GC 677874K->430102K(989184K), 0.0068970 secs]
90.682: [GC 656918K->456897K(986112K), 0.0526090 secs]
91.312: [GC 681207K->461694K(988160K), 0.0194610 secs]
91.807: [GC 685508K->450930K(989184K), 0.0147760 secs]
92.288: [GC 680818K->592922K(900608K), 0.2676080 secs]
2.981954	USA	749853.0
3.3043814	China	988352.0
1.2919766	Malaysia	684367.0
3.9456863	England	361052.0
2.6711395	India	280907.0
3.252765	India	705189.0
3.0168366	China	937410.0
1.5466174	Malaysia	874651.0
2.4069738	India	70596.0
2.3248372	Italy	206872.0
92.773: [GC 736794K->537352K(946176K), 0.0109100 secs]
92.921: [GC 676480K->546514K(951808K), 0.0123860 secs]
93.099: [GC 692682K->557917K(948224K), 0.0132250 secs]
93.552: [GC 709469K->564421K(961024K), 0.0319820 secs]
93.793: [GC 724701K->578152K(957952K), 0.0161680 secs]
94.348: [GC 746765K->586261K(969728K), 0.0330840 secs]
94.537: [GC 764187K->609145K(966656K), 0.0204800 secs]
95.150: [GC 793141K->577823K(973312K), 0.0102950 secs]
95.490: [GC 774943K->603107K(972288K), 0.0238160 secs]
95.912: [GC 792495K->599169K(982016K), 0.0163340 secs]
96.256: [GC 810113K->599775K(977408K), 0.0183610 secs]
1.8219477	Italy	855312.0
3.1739044	USA	378370.0
1.4727958	China	491045.0
2.5729673	China	865015.0
2.9850943	Malaysia	14026.0
2.117138	Afghanistan	1011972.0
1.6188372	Malaysia	943231.0
2.4836984	Italy	733949.0
3.2524686	Canada	368837.0
2.4872243	China	994292.0
96.596: [GC 805847K->590057K(989184K), 0.0124160 secs]
96.874: [GC 817385K->600195K(986624K), 0.0106180 secs]
97.394: [GC 827523K->614723K(995328K), 0.0541430 secs]
97.827: [GC 854339K->621719K(992768K), 0.0231250 secs]
98.661: [GC 860117K->599357K(996864K), 0.0095950 secs]
99.178: [GC 845629K->634799K(981504K), 0.0920680 secs]
99.670: [GC 881071K->631533K(997376K), 0.0240200 secs]
100.420: [GC 865232K->620140K(994304K), 0.0118410 secs]
100.893: [GC 859530K->620833K(999936K), 0.0122310 secs]
101.328: [GC 869493K->729667K(998400K), 0.2149960 secs]
101.544: [Full GC 729667K->141817K(998400K), 0.6545960 secs]
2.981954	USA	749853.0
3.3043814	China	988352.0
1.2919766	Malaysia	684367.0
2.4069738	India	70596.0
2.3248372	Italy	206872.0
1.074461	Canada	672868.0
3.332791	Germany	422561.0
3.4441068	USA	1035878.0
3.512403	Canada	245627.0
1.7014902	France	355680.0
102.495: [GC 391673K->143217K(934912K), 0.0039280 secs]
102.731: [GC 328049K->168948K(966656K), 0.0208130 secs]
103.362: [GC 353780K->163315K(972800K), 0.0130080 secs]
103.875: [GC 355870K->184427K(971776K), 0.0130640 secs]
104.210: [GC 380523K->200650K(980992K), 0.0529860 secs]
105.199: [GC 410570K->184046K(977408K), 0.0037340 secs]
105.521: [GC 393966K->210306K(984064K), 0.0425980 secs]
106.366: [GC 427906K->204838K(982016K), 0.0079390 secs]
106.748: [GC 415242K->236254K(985088K), 0.0190100 secs]
107.389: [GC 457950K->225576K(985088K), 0.0081770 secs]
107.970: [GC 445031K->246728K(989184K), 0.0085260 secs]
108.383: [GC 473544K->267560K(986112K), 0.0646680 secs]
108.951: [GC 494376K->360209K(928768K), 0.1863060 secs]
109.561: [GC 529372K->486721K(960512K), 0.3106720 secs]
3.3043814	China	988352.0
1.2919766	Malaysia	684367.0
1.4037458	Canada	156132.0
1.4600301	France	931668.0
3.252765	India	705189.0
1.504963	Malaysia	619374.0
2.4069738	India	70596.0
1.5466174	Malaysia	874651.0
2.2815855	Italy	319525.0
2.3248372	Italy	206872.0
110.105: [GC 654996K->488931K(905216K), 0.1312430 secs]
110.345: [GC 600948K->477295K(932864K), 0.0053630 secs]
110.491: [GC 589269K->499075K(932864K), 0.0102620 secs]
110.694: [GC 616323K->504163K(932864K), 0.0469260 secs]
111.114: [GC 621411K->517803K(933376K), 0.0540460 secs]
111.416: [GC 635563K->541266K(932864K), 0.0466610 secs]
111.602: [GC 659026K->544075K(944128K), 0.0230700 secs]
112.055: [GC 680267K->559648K(940544K), 0.1049050 secs]
112.460: [GC 695840K->584656K(956928K), 0.0918070 secs]
112.821: [GC 742864K->592378K(949760K), 0.0755210 secs]
113.456: [GC 745711K->584178K(963072K), 0.0101010 secs]
113.607: [GC 759282K->607183K(960512K), 0.0140680 secs]
114.180: [GC 779652K->627115K(974336K), 0.0711310 secs]
114.483: [GC 811827K->658662K(968704K), 0.0509520 secs]
114.943: [GC 853222K->652549K(979968K), 0.0180690 secs]
115.351: [GC 858740K->638329K(975872K), 0.0140280 secs]
2.981954	USA	749853.0
3.3043814	China	988352.0
1.2919766	Malaysia	684367.0
3.9456863	England	361052.0
2.6711395	India	280907.0
2.4069738	India	70596.0
2.3248372	Italy	206872.0
1.074461	Canada	672868.0
3.332791	Germany	422561.0
3.4441068	USA	1035878.0
115.612: [GC 841340K->649270K(984064K), 0.0152780 secs]
115.874: [GC 865846K->664135K(980992K), 0.0264350 secs]
116.620: [GC 880711K->658969K(987136K), 0.0143850 secs]
116.635: [Full GC 658969K->44132K(987136K), 0.1415840 secs]
117.202: [GC 258722K->65485K(986112K), 0.0102440 secs]
117.800: [GC 290253K->65025K(991232K), 0.0143100 secs]
118.434: [GC 297985K->86653K(990208K), 0.0132310 secs]
118.872: [GC 316809K->107891K(995328K), 0.0665390 secs]
119.666: [GC 338906K->95977K(993280K), 0.0076690 secs]
120.047: [GC 336105K->124173K(988672K), 0.1043970 secs]
120.981: [GC 355477K->96191K(993280K), 0.0124070 secs]
121.293: [GC 334271K->129661K(989184K), 0.0397310 secs]
121.842: [GC 363645K->166024K(991232K), 0.0958690 secs]
122.554: [GC 395826K->333888K(874496K), 0.4299320 secs]
123.064: [GC 442173K->345068K(932864K), 0.1105590 secs]
3.3043814	China	988352.0
1.2919766	Malaysia	684367.0
1.4037458	Canada	156132.0
1.4600301	France	931668.0
3.252765	India	705189.0
1.504963	Malaysia	619374.0
2.4069738	India	70596.0
1.5466174	Malaysia	874651.0
1.9165825	Germany	447638.0
2.2815855	Italy	319525.0
123.368: [GC 453789K->335492K(932864K), 0.0047770 secs]
123.500: [GC 445181K->335148K(932864K), 0.0065730 secs]
123.598: [GC 443736K->366126K(932864K), 0.0111560 secs]
123.861: [GC 483374K->367502K(932864K), 0.0467330 secs]
124.297: [GC 484750K->355490K(935424K), 0.0043410 secs]
124.658: [GC 472953K->355414K(932864K), 0.0041320 secs]
124.739: [GC 472560K->376684K(947200K), 0.0149760 secs]
125.036: [GC 514924K->389789K(939520K), 0.0786750 secs]
125.605: [GC 528029K->376281K(955904K), 0.0044480 secs]
125.882: [GC 528651K->397450K(952832K), 0.0149380 secs]
126.188: [GC 557706K->410487K(968192K), 0.0465370 secs]
126.891: [GC 593271K->397043K(963072K), 0.0043030 secs]
127.065: [GC 579827K->419876K(975360K), 0.0194390 secs]
127.755: [GC 617508K->417803K(970752K), 0.0089880 secs]
128.134: [GC 614718K->438947K(981504K), 0.0094870 secs]
128.643: [GC 646859K->438439K(977408K), 0.0086070 secs]
129.049: [GC 648871K->565935K(905216K), 0.2342700 secs]
129.499: [GC 704374K->513051K(945152K), 0.0116730 secs]
2.981954	USA	749853.0
2.3403409	USA	658618.0
3.3043814	China	988352.0
1.2919766	Malaysia	684367.0
3.9456863	England	361052.0
3.5775578	Germany	63520.0
1.7812116	France	438594.0
3.252765	India	705189.0
2.6711395	India	280907.0
3.1815965	Canada	992281.0
129.711: [GC 654505K->513736K(950784K), 0.0128890 secs]
129.869: [GC 656730K->523672K(947712K), 0.0149490 secs]
130.071: [GC 673688K->540669K(962560K), 0.0440300 secs]
130.674: [GC 711165K->533734K(956416K), 0.0083510 secs]
131.202: [GC 701649K->533650K(968192K), 0.0099320 secs]
131.412: [GC 718482K->562146K(965120K), 0.0553720 secs]
132.075: [GC 746978K->554496K(973312K), 0.0178640 secs]
132.580: [GC 750080K->575695K(970752K), 0.0178310 secs]
132.917: [GC 771279K->591841K(983040K), 0.1063200 secs]
133.766: [GC 803809K->575307K(977408K), 0.0090340 secs]
134.039: [GC 787275K->598300K(986624K), 0.0271650 secs]
134.789: [GC 821020K->596065K(984576K), 0.0174370 secs]
135.302: [GC 816562K->617234K(990720K), 0.0202090 secs]
135.778: [GC 848146K->639015K(988672K), 0.1346980 secs]
136.417: [GC 869927K->743403K(918528K), 0.3968950 secs]
136.814: [Full GC 743403K->150194K(918528K), 0.9025340 secs]
138.131: [GC 312498K->274162K(955392K), 0.2908030 secs]
3.3043814	China	988352.0
3.3179996	China	90081.0
1.2919766	Malaysia	684367.0
1.4037458	Canada	156132.0
1.4600301	France	931668.0
3.252765	India	705189.0
1.4910387	Malaysia	282547.0
1.504963	Malaysia	619374.0
1.5466174	Malaysia	874651.0
2.4069738	India	70596.0
138.652: [GC 427366K->283317K(910336K), 0.2902130 secs]
139.028: [GC 391770K->292249K(932864K), 0.0264690 secs]
139.178: [GC 400083K->292817K(939520K), 0.0150090 secs]
139.392: [GC 418257K->303210K(934400K), 0.0187010 secs]
139.744: [GC 423894K->302656K(948736K), 0.0148770 secs]
140.079: [GC 447040K->313676K(944128K), 0.0306180 secs]
140.366: [GC 458004K->324016K(960000K), 0.0353030 secs]
140.863: [GC 485123K->323501K(953856K), 0.0325330 secs]
141.092: [GC 488877K->334490K(970240K), 0.0261110 secs]
141.517: [GC 520346K->334622K(964096K), 0.0205590 secs]
141.812: [GC 514061K->334069K(980480K), 0.0511090 secs]
Adams	7
Adams	6
Adams	5
Adams	4
Adams	3
Adams	2
Adams	1
Adams	0
Adams	10
Adams	9
142.142: [GC 539792K->325495K(975872K), 0.0238030 secs]
142.383: [GC 532982K->345870K(983552K), 0.0256730 secs]
142.921: [GC 563304K->345478K(983040K), 0.0193570 secs]
143.449: [GC 563262K->345572K(985600K), 0.0215840 secs]
143.959: [GC 567268K->335109K(984576K), 0.0327080 secs]
144.490: [GC 550438K->314707K(988160K), 0.0148180 secs]
144.827: [GC 534168K->325233K(988672K), 0.0190930 secs]
Adams	7
Adams	6
Adams	5
Adams	4
Adams	3
Adams	2
Adams	1
Adams	0
Adams	10
Adams	9
145.128: [GC 553691K->316174K(991232K), 0.0256680 secs]
145.430: [GC 544906K->336518K(990720K), 0.0192280 secs]
146.049: [GC 569990K->336096K(996864K), 0.0188400 secs]
146.726: [GC 574029K->325990K(993792K), 0.0181390 secs]
147.190: [GC 560409K->325956K(1000448K), 0.0189900 secs]
147.501: [GC 571732K->336292K(998400K), 0.0249640 secs]
Adams	7
Adams	6
Adams	5
Adams	4
Adams	3
Adams	2
Adams	1
Adams	0
Adams	10
Adams	9
